main.c:145:6:EXTI0_IRQHandler	8	static
main.c:159:6:TIM2_IRQHandler	8	static
main.c:174:6:HAL_TIM_IC_CaptureCallback	24	static
main.c:224:6:Write_To_Flash	24	static
main.c:235:10:Read_From_Flash	24	static
main.c:247:6:delay	16	static
main.c:253:6:HCSR04_ReadDistance	8	static
main.c:271:6:servoAct	16	static
main.c:283:6:servoGpioInit	40	static
main.c:301:6:myServoMove	24	static
main.c:332:6:ledDrive	16	static
main.c:341:6:sendDataviaUART	8	static
main.c:349:6:calibrationStage	8	static
main.c:385:6:firstOpenOfSystem	48	static
main.c:454:6:GameStart	56	static
main.c:604:6:waitNewPosition	24	static
main.c:622:6:testLed	16	static
main.c:632:6:testServo	16	static
main.c:642:6:waitNewGame	24	static
main.c:662:5:main	24	static
main.c:743:6:SystemClock_Config	88	static
main.c:786:13:MX_I2C1_Init	8	static
main.c:820:13:MX_TIM1_Init	32	static
main.c:869:13:MX_TIM2_Init	32	static
main.c:914:13:MX_TIM4_Init	48	static
main.c:963:13:MX_TIM5_Init	48	static
main.c:1012:13:MX_USART2_UART_Init	8	static
main.c:1045:13:MX_GPIO_Init	48	static
main.c:1086:6:Error_Handler	4	static
