MPU6050.c:60:6:i2cWrite	32	static
MPU6050.c:69:6:MPU6050Init	32	static
MPU6050.c:79:6:MPU6050Initialization	8	static
MPU6050.c:88:6:setSampleTime	16	static
MPU6050.c:95:6:getAccelerationRawData	32	static
MPU6050.c:114:6:getGyroRawData	32	static
MPU6050.c:136:6:getAllDatas	64	static
MPU6050.c:171:8:Kalman_getAngle	104	static
MPU6050.c:201:7:getRoll	4	static
MPU6050.c:207:7:getPitch	4	static
MPU6050.c:213:7:getTemperature	32	static
MPU6050.c:221:6:MPU6050Calibration	24	static
MPU6050.c:248:6:GetGyroValue	32	static
MPU6050.c:261:6:getACCAngle	16	static
MPU6050.c:287:7:x_Acc	4	static
MPU6050.c:291:7:y_Acc	4	static
MPU6050.c:297:6:setCalibrationValue	24	static
MPU6050.c:304:7:X_calib	4	static
MPU6050.c:310:7:Y_calib	4	static
MPU6050.c:316:7:Z_calib	4	static
