My_UART.cpp:96:10:uint32_t PCLK1TIM()	16	static
My_UART.cpp:114:1:UART::UART(GPIO_TypeDef*, uint32_t, GPIO_TypeDef*, uint32_t)	48	static
My_UART.cpp:152:6:void UART::setTimer(uint16_t)	48	static
My_UART.cpp:191:6:void UART::setBaudRate(uint32_t)	24	static
My_UART.cpp:223:6:void UART::testOutput()	16	static
My_UART.cpp:235:6:void UART::testTimer()	16	static
My_UART.cpp:245:6:void UART::delay()	24	static
My_UART.cpp:256:6:void UART::delay_start()	24	static
My_UART.cpp:267:6:void UART::readDelay()	24	static
My_UART.cpp:278:6:void UART::readDelay_start()	24	static
My_UART.cpp:290:6:void UART::firstSampleDelay()	24	static
My_UART.cpp:302:6:void UART::IDLE()	16	static
My_UART.cpp:307:6:void UART::startCondition()	16	static
My_UART.cpp:313:6:void UART::stopCondition()	16	static
My_UART.cpp:319:6:void UART::sendData(uint8_t)	24	static
My_UART.cpp:335:6:void UART::Uart_Transmit(uint8_t*, uint32_t)	32	static
My_UART.cpp:347:9:uint8_t UART::receiveByte()	24	static
My_UART.cpp:366:6:void UART::Uart_Receive(uint8_t*, uint8_t, uint16_t)	40	static
