MPU6050.c:68:6:i2cWrite	32	static
MPU6050.c:77:6:MPU6050Init	32	static
MPU6050.c:87:6:MPU6050Initialization	8	static
MPU6050.c:96:6:setSampleTime	16	static
MPU6050.c:103:6:getAccelerationRawData	32	static
MPU6050.c:122:6:getGyroRawData	32	static
MPU6050.c:144:6:getAllDatas	64	static
MPU6050.c:179:8:Kalman_getAngle	104	static
MPU6050.c:209:7:getRoll	4	static
MPU6050.c:215:7:getPitch	4	static
MPU6050.c:221:7:getTemperature	32	static
MPU6050.c:229:6:MPU6050Calibration	24	static
MPU6050.c:256:6:GetGyroValue	32	static
MPU6050.c:269:6:getACCAngle	16	static
MPU6050.c:295:7:x_Acc	4	static
MPU6050.c:299:7:y_Acc	4	static
MPU6050.c:305:6:setCalibrationValue	24	static
MPU6050.c:312:7:X_calib	4	static
MPU6050.c:318:7:Y_calib	4	static
MPU6050.c:324:7:Z_calib	4	static
