Archive member included to satisfy reference by file (symbol)

c:/st/stm32cubeide_1.8.0/stm32cubeide/plugins/com.st.stm32cube.ide.mcu.externaltools.gnu-tools-for-stm32.9-2020-q2-update.win32_2.0.0.202105311346/tools/bin/../lib/gcc/arm-none-eabi/9.3.1/../../../../arm-none-eabi/lib/thumb/v7e-m+fp/hard\libc_nano.a(lib_a-errno.o)
                              ./Src/syscalls.o (__errno)
c:/st/stm32cubeide_1.8.0/stm32cubeide/plugins/com.st.stm32cube.ide.mcu.externaltools.gnu-tools-for-stm32.9-2020-q2-update.win32_2.0.0.202105311346/tools/bin/../lib/gcc/arm-none-eabi/9.3.1/../../../../arm-none-eabi/lib/thumb/v7e-m+fp/hard\libc_nano.a(lib_a-exit.o)
                              c:/st/stm32cubeide_1.8.0/stm32cubeide/plugins/com.st.stm32cube.ide.mcu.externaltools.gnu-tools-for-stm32.9-2020-q2-update.win32_2.0.0.202105311346/tools/bin/../lib/gcc/arm-none-eabi/9.3.1/../../../../arm-none-eabi/lib/thumb/v7e-m+fp/hard/crt0.o (exit)
c:/st/stm32cubeide_1.8.0/stm32cubeide/plugins/com.st.stm32cube.ide.mcu.externaltools.gnu-tools-for-stm32.9-2020-q2-update.win32_2.0.0.202105311346/tools/bin/../lib/gcc/arm-none-eabi/9.3.1/../../../../arm-none-eabi/lib/thumb/v7e-m+fp/hard\libc_nano.a(lib_a-impure.o)
                              c:/st/stm32cubeide_1.8.0/stm32cubeide/plugins/com.st.stm32cube.ide.mcu.externaltools.gnu-tools-for-stm32.9-2020-q2-update.win32_2.0.0.202105311346/tools/bin/../lib/gcc/arm-none-eabi/9.3.1/../../../../arm-none-eabi/lib/thumb/v7e-m+fp/hard\libc_nano.a(lib_a-exit.o) (_global_impure_ptr)
c:/st/stm32cubeide_1.8.0/stm32cubeide/plugins/com.st.stm32cube.ide.mcu.externaltools.gnu-tools-for-stm32.9-2020-q2-update.win32_2.0.0.202105311346/tools/bin/../lib/gcc/arm-none-eabi/9.3.1/../../../../arm-none-eabi/lib/thumb/v7e-m+fp/hard\libc_nano.a(lib_a-init.o)
                              c:/st/stm32cubeide_1.8.0/stm32cubeide/plugins/com.st.stm32cube.ide.mcu.externaltools.gnu-tools-for-stm32.9-2020-q2-update.win32_2.0.0.202105311346/tools/bin/../lib/gcc/arm-none-eabi/9.3.1/../../../../arm-none-eabi/lib/thumb/v7e-m+fp/hard/crt0.o (__libc_init_array)
c:/st/stm32cubeide_1.8.0/stm32cubeide/plugins/com.st.stm32cube.ide.mcu.externaltools.gnu-tools-for-stm32.9-2020-q2-update.win32_2.0.0.202105311346/tools/bin/../lib/gcc/arm-none-eabi/9.3.1/../../../../arm-none-eabi/lib/thumb/v7e-m+fp/hard\libc_nano.a(lib_a-memset.o)
                              c:/st/stm32cubeide_1.8.0/stm32cubeide/plugins/com.st.stm32cube.ide.mcu.externaltools.gnu-tools-for-stm32.9-2020-q2-update.win32_2.0.0.202105311346/tools/bin/../lib/gcc/arm-none-eabi/9.3.1/../../../../arm-none-eabi/lib/thumb/v7e-m+fp/hard/crt0.o (memset)
c:/st/stm32cubeide_1.8.0/stm32cubeide/plugins/com.st.stm32cube.ide.mcu.externaltools.gnu-tools-for-stm32.9-2020-q2-update.win32_2.0.0.202105311346/tools/bin/../lib/gcc/arm-none-eabi/9.3.1/thumb/v7e-m+fp/hard\libgcc.a(_aeabi_uldivmod.o)
                              ./Drivers/STM32F4xx_HAL_Driver/Src/stm32f4xx_hal_rcc.o (__aeabi_uldivmod)
c:/st/stm32cubeide_1.8.0/stm32cubeide/plugins/com.st.stm32cube.ide.mcu.externaltools.gnu-tools-for-stm32.9-2020-q2-update.win32_2.0.0.202105311346/tools/bin/../lib/gcc/arm-none-eabi/9.3.1/thumb/v7e-m+fp/hard\libgcc.a(_udivmoddi4.o)
                              c:/st/stm32cubeide_1.8.0/stm32cubeide/plugins/com.st.stm32cube.ide.mcu.externaltools.gnu-tools-for-stm32.9-2020-q2-update.win32_2.0.0.202105311346/tools/bin/../lib/gcc/arm-none-eabi/9.3.1/thumb/v7e-m+fp/hard\libgcc.a(_aeabi_uldivmod.o) (__udivmoddi4)
c:/st/stm32cubeide_1.8.0/stm32cubeide/plugins/com.st.stm32cube.ide.mcu.externaltools.gnu-tools-for-stm32.9-2020-q2-update.win32_2.0.0.202105311346/tools/bin/../lib/gcc/arm-none-eabi/9.3.1/thumb/v7e-m+fp/hard\libgcc.a(_dvmd_tls.o)
                              c:/st/stm32cubeide_1.8.0/stm32cubeide/plugins/com.st.stm32cube.ide.mcu.externaltools.gnu-tools-for-stm32.9-2020-q2-update.win32_2.0.0.202105311346/tools/bin/../lib/gcc/arm-none-eabi/9.3.1/thumb/v7e-m+fp/hard\libgcc.a(_aeabi_uldivmod.o) (__aeabi_ldiv0)

Allocating common symbols
Common symbol       size              file

uwTick              0x4               ./Drivers/STM32F4xx_HAL_Driver/Src/stm32f4xx_hal.o
pFlash              0x20              ./Drivers/STM32F4xx_HAL_Driver/Src/stm32f4xx_hal_flash.o

Discarded input sections

 .text          0x0000000000000000        0x0 c:/st/stm32cubeide_1.8.0/stm32cubeide/plugins/com.st.stm32cube.ide.mcu.externaltools.gnu-tools-for-stm32.9-2020-q2-update.win32_2.0.0.202105311346/tools/bin/../lib/gcc/arm-none-eabi/9.3.1/thumb/v7e-m+fp/hard/crti.o
 .data          0x0000000000000000        0x0 c:/st/stm32cubeide_1.8.0/stm32cubeide/plugins/com.st.stm32cube.ide.mcu.externaltools.gnu-tools-for-stm32.9-2020-q2-update.win32_2.0.0.202105311346/tools/bin/../lib/gcc/arm-none-eabi/9.3.1/thumb/v7e-m+fp/hard/crti.o
[...]
Memory Configuration

Name             Origin             Length             Attributes
CCMRAM           0x0000000010000000 0x0000000000010000 xrw
RAM              0x0000000020000000 0x0000000000020000 xrw
FLASH            0x0000000008000000 0x0000000000100000 xr
*default*        0x0000000000000000 0xffffffffffffffff

Linker script and memory map

LOAD c:/st/stm32cubeide_1.8.0/stm32cubeide/plugins/com.st.stm32cube.ide.mcu.externaltools.gnu-tools-for-stm32.9-2020-q2-update.win32_2.0.0.202105311346/tools/bin/../lib/gcc/arm-none-eabi/9.3.1/thumb/v7e-m+fp/hard/crti.o
LOAD c:/st/stm32cubeide_1.8.0/stm32cubeide/plugins/com.st.stm32cube.ide.mcu.externaltools.gnu-tools-for-stm32.9-2020-q2-update.win32_2.0.0.202105311346/tools/bin/../lib/gcc/arm-none-eabi/9.3.1/thumb/v7e-m+fp/hard/crtbegin.o
LOAD c:/st/stm32cubeide_1.8.0/stm32cubeide/plugins/com.st.stm32cube.ide.mcu.externaltools.gnu-tools-for-stm32.9-2020-q2-update.win32_2.0.0.202105311346/tools/bin/../lib/gcc/arm-none-eabi/9.3.1/../../../../arm-none-eabi/lib/thumb/v7e-m+fp/hard/crt0.o
LOAD ./Drivers/STM32F4xx_HAL_Driver/Src/stm32f4xx_hal.o
LOAD ./Drivers/STM32F4xx_HAL_Driver/Src/stm32f4xx_hal_cortex.o
LOAD ./Drivers/STM32F4xx_HAL_Driver/Src/stm32f4xx_hal_dma.o
LOAD ./Drivers/STM32F4xx_HAL_Driver/Src/stm32f4xx_hal_dma_ex.o
LOAD ./Drivers/STM32F4xx_HAL_Driver/Src/stm32f4xx_hal_exti.o
LOAD ./Drivers/STM32F4xx_HAL_Driver/Src/stm32f4xx_hal_flash.o
LOAD ./Drivers/STM32F4xx_HAL_Driver/Src/stm32f4xx_hal_flash_ex.o
LOAD ./Drivers/STM32F4xx_HAL_Driver/Src/stm32f4xx_hal_flash_ramfunc.o
LOAD ./Drivers/STM32F4xx_HAL_Driver/Src/stm32f4xx_hal_gpio.o
LOAD ./Drivers/STM32F4xx_HAL_Driver/Src/stm32f4xx_hal_pwr.o
LOAD ./Drivers/STM32F4xx_HAL_Driver/Src/stm32f4xx_hal_pwr_ex.o
LOAD ./Drivers/STM32F4xx_HAL_Driver/Src/stm32f4xx_hal_rcc.o
LOAD ./Drivers/STM32F4xx_HAL_Driver/Src/stm32f4xx_hal_rcc_ex.o
LOAD ./Drivers/STM32F4xx_HAL_Driver/Src/stm32f4xx_hal_tim.o
LOAD ./Drivers/STM32F4xx_HAL_Driver/Src/stm32f4xx_hal_tim_ex.o
LOAD ./Src/I2C.o
LOAD ./Src/main.o
LOAD ./Src/stm32f4xx_hal_msp.o
LOAD ./Src/stm32f4xx_it.o
LOAD ./Src/syscalls.o
LOAD ./Src/sysmem.o
LOAD ./Src/system_stm32f4xx.o
LOAD ./Startup/startup_stm32f407vgtx.o
START GROUP
LOAD c:/st/stm32cubeide_1.8.0/stm32cubeide/plugins/com.st.stm32cube.ide.mcu.externaltools.gnu-tools-for-stm32.9-2020-q2-update.win32_2.0.0.202105311346/tools/bin/../lib/gcc/arm-none-eabi/9.3.1/../../../../arm-none-eabi/lib/thumb/v7e-m+fp/hard\libstdc++_nano.a
LOAD c:/st/stm32cubeide_1.8.0/stm32cubeide/plugins/com.st.stm32cube.ide.mcu.externaltools.gnu-tools-for-stm32.9-2020-q2-update.win32_2.0.0.202105311346/tools/bin/../lib/gcc/arm-none-eabi/9.3.1/../../../../arm-none-eabi/lib/thumb/v7e-m+fp/hard\libsupc++_nano.a
END GROUP
LOAD c:/st/stm32cubeide_1.8.0/stm32cubeide/plugins/com.st.stm32cube.ide.mcu.externaltools.gnu-tools-for-stm32.9-2020-q2-update.win32_2.0.0.202105311346/tools/bin/../lib/gcc/arm-none-eabi/9.3.1/../../../../arm-none-eabi/lib/thumb/v7e-m+fp/hard\libstdc++_nano.a
LOAD c:/st/stm32cubeide_1.8.0/stm32cubeide/plugins/com.st.stm32cube.ide.mcu.externaltools.gnu-tools-for-stm32.9-2020-q2-update.win32_2.0.0.202105311346/tools/bin/../lib/gcc/arm-none-eabi/9.3.1/../../../../arm-none-eabi/lib/thumb/v7e-m+fp/hard\libm.a
LOAD c:/st/stm32cubeide_1.8.0/stm32cubeide/plugins/com.st.stm32cube.ide.mcu.externaltools.gnu-tools-for-stm32.9-2020-q2-update.win32_2.0.0.202105311346/tools/bin/../lib/gcc/arm-none-eabi/9.3.1/../../../../arm-none-eabi/lib/thumb/v7e-m+fp/hard\libc_nano.a
START GROUP
LOAD c:/st/stm32cubeide_1.8.0/stm32cubeide/plugins/com.st.stm32cube.ide.mcu.externaltools.gnu-tools-for-stm32.9-2020-q2-update.win32_2.0.0.202105311346/tools/bin/../lib/gcc/arm-none-eabi/9.3.1/thumb/v7e-m+fp/hard\libgcc.a
LOAD c:/st/stm32cubeide_1.8.0/stm32cubeide/plugins/com.st.stm32cube.ide.mcu.externaltools.gnu-tools-for-stm32.9-2020-q2-update.win32_2.0.0.202105311346/tools/bin/../lib/gcc/arm-none-eabi/9.3.1/../../../../arm-none-eabi/lib/thumb/v7e-m+fp/hard\libc_nano.a
END GROUP
START GROUP
LOAD c:/st/stm32cubeide_1.8.0/stm32cubeide/plugins/com.st.stm32cube.ide.mcu.externaltools.gnu-tools-for-stm32.9-2020-q2-update.win32_2.0.0.202105311346/tools/bin/../lib/gcc/arm-none-eabi/9.3.1/thumb/v7e-m+fp/hard\libgcc.a
LOAD c:/st/stm32cubeide_1.8.0/stm32cubeide/plugins/com.st.stm32cube.ide.mcu.externaltools.gnu-tools-for-stm32.9-2020-q2-update.win32_2.0.0.202105311346/tools/bin/../lib/gcc/arm-none-eabi/9.3.1/../../../../arm-none-eabi/lib/thumb/v7e-m+fp/hard\libc_nano.a
LOAD c:/st/stm32cubeide_1.8.0/stm32cubeide/plugins/com.st.stm32cube.ide.mcu.externaltools.gnu-tools-for-stm32.9-2020-q2-update.win32_2.0.0.202105311346/tools/bin/../lib/gcc/arm-none-eabi/9.3.1/../../../../arm-none-eabi/lib/thumb/v7e-m+fp/hard\libnosys.a
END GROUP
START GROUP
LOAD c:/st/stm32cubeide_1.8.0/stm32cubeide/plugins/com.st.stm32cube.ide.mcu.externaltools.gnu-tools-for-stm32.9-2020-q2-update.win32_2.0.0.202105311346/tools/bin/../lib/gcc/arm-none-eabi/9.3.1/thumb/v7e-m+fp/hard\libgcc.a
LOAD c:/st/stm32cubeide_1.8.0/stm32cubeide/plugins/com.st.stm32cube.ide.mcu.externaltools.gnu-tools-for-stm32.9-2020-q2-update.win32_2.0.0.202105311346/tools/bin/../lib/gcc/arm-none-eabi/9.3.1/../../../../arm-none-eabi/lib/thumb/v7e-m+fp/hard\libc_nano.a
LOAD c:/st/stm32cubeide_1.8.0/stm32cubeide/plugins/com.st.stm32cube.ide.mcu.externaltools.gnu-tools-for-stm32.9-2020-q2-update.win32_2.0.0.202105311346/tools/bin/../lib/gcc/arm-none-eabi/9.3.1/../../../../arm-none-eabi/lib/thumb/v7e-m+fp/hard\libnosys.a
END GROUP
LOAD c:/st/stm32cubeide_1.8.0/stm32cubeide/plugins/com.st.stm32cube.ide.mcu.externaltools.gnu-tools-for-stm32.9-2020-q2-update.win32_2.0.0.202105311346/tools/bin/../lib/gcc/arm-none-eabi/9.3.1/thumb/v7e-m+fp/hard/crtend.o
LOAD c:/st/stm32cubeide_1.8.0/stm32cubeide/plugins/com.st.stm32cube.ide.mcu.externaltools.gnu-tools-for-stm32.9-2020-q2-update.win32_2.0.0.202105311346/tools/bin/../lib/gcc/arm-none-eabi/9.3.1/thumb/v7e-m+fp/hard/crtn.o
                0x0000000020020000                _estack = 0x20020000
                0x0000000000000200                _Min_Heap_Size = 0x200
                0x0000000000000400                _Min_Stack_Size = 0x400

.isr_vector     0x0000000008000000      0x188
                0x0000000008000000                . = ALIGN (0x4)
 *(.isr_vector)
 .isr_vector    0x0000000008000000      0x188 ./Startup/startup_stm32f407vgtx.o
                0x0000000008000000                g_pfnVectors
                0x0000000008000188                . = ALIGN (0x4)

.text           0x0000000008000188     0x1e10
                0x0000000008000188                . = ALIGN (0x4)
 *(.text)
 .text          0x0000000008000188       0x40 c:/st/stm32cubeide_1.8.0/stm32cubeide/plugins/com.st.stm32cube.ide.mcu.externaltools.gnu-tools-for-stm32.9-2020-q2-update.win32_2.0.0.202105311346/tools/bin/../lib/gcc/arm-none-eabi/9.3.1/thumb/v7e-m+fp/hard/crtbegin.o
 .text          0x00000000080001c8       0x30 c:/st/stm32cubeide_1.8.0/stm32cubeide/plugins/com.st.stm32cube.ide.mcu.externaltools.gnu-tools-for-stm32.9-2020-q2-update.win32_2.0.0.202105311346/tools/bin/../lib/gcc/arm-none-eabi/9.3.1/thumb/v7e-m+fp/hard\libgcc.a(_aeabi_uldivmod.o)
                0x00000000080001c8                __aeabi_uldivmod
 .text          0x00000000080001f8      0x2c4 c:/st/stm32cubeide_1.8.0/stm32cubeide/plugins/com.st.stm32cube.ide.mcu.externaltools.gnu-tools-for-stm32.9-2020-q2-update.win32_2.0.0.202105311346/tools/bin/../lib/gcc/arm-none-eabi/9.3.1/thumb/v7e-m+fp/hard\libgcc.a(_udivmoddi4.o)
                0x00000000080001f8                __udivmoddi4
 .text          0x00000000080004bc        0x4 c:/st/stm32cubeide_1.8.0/stm32cubeide/plugins/com.st.stm32cube.ide.mcu.externaltools.gnu-tools-for-stm32.9-2020-q2-update.win32_2.0.0.202105311346/tools/bin/../lib/gcc/arm-none-eabi/9.3.1/thumb/v7e-m+fp/hard\libgcc.a(_dvmd_tls.o)
                0x00000000080004bc                __aeabi_idiv0
                0x00000000080004bc                __aeabi_ldiv0
 *(.text*)
 .text.HAL_Init
                0x00000000080004c0       0x44 ./Drivers/STM32F4xx_HAL_Driver/Src/stm32f4xx_hal.o
                0x00000000080004c0                HAL_Init
 .text.HAL_InitTick
                0x0000000008000504       0x60 ./Drivers/STM32F4xx_HAL_Driver/Src/stm32f4xx_hal.o
                0x0000000008000504                HAL_InitTick
 .text.HAL_IncTick
                0x0000000008000564       0x28 ./Drivers/STM32F4xx_HAL_Driver/Src/stm32f4xx_hal.o
                0x0000000008000564                HAL_IncTick
 .text.HAL_GetTick
                0x000000000800058c       0x18 ./Drivers/STM32F4xx_HAL_Driver/Src/stm32f4xx_hal.o
                0x000000000800058c                HAL_GetTick
 .text.HAL_Delay
                0x00000000080005a4       0x48 ./Drivers/STM32F4xx_HAL_Driver/Src/stm32f4xx_hal.o
                0x00000000080005a4                HAL_Delay
 .text.__NVIC_SetPriorityGrouping
                0x00000000080005ec       0x48 ./Drivers/STM32F4xx_HAL_Driver/Src/stm32f4xx_hal_cortex.o
 .text.__NVIC_GetPriorityGrouping
                0x0000000008000634       0x1c ./Drivers/STM32F4xx_HAL_Driver/Src/stm32f4xx_hal_cortex.o
 .text.__NVIC_EnableIRQ
                0x0000000008000650       0x3c ./Drivers/STM32F4xx_HAL_Driver/Src/stm32f4xx_hal_cortex.o
 .text.__NVIC_SetPriority
                0x000000000800068c       0x54 ./Drivers/STM32F4xx_HAL_Driver/Src/stm32f4xx_hal_cortex.o
 .text.NVIC_EncodePriority
                0x00000000080006e0       0x66 ./Drivers/STM32F4xx_HAL_Driver/Src/stm32f4xx_hal_cortex.o
 *fill*         0x0000000008000746        0x2 
 .text.SysTick_Config
                0x0000000008000748       0x44 ./Drivers/STM32F4xx_HAL_Driver/Src/stm32f4xx_hal_cortex.o
 .text.HAL_NVIC_SetPriorityGrouping
                0x000000000800078c       0x16 ./Drivers/STM32F4xx_HAL_Driver/Src/stm32f4xx_hal_cortex.o
                0x000000000800078c                HAL_NVIC_SetPriorityGrouping
 .text.HAL_NVIC_SetPriority
                0x00000000080007a2       0x38 ./Drivers/STM32F4xx_HAL_Driver/Src/stm32f4xx_hal_cortex.o
                0x00000000080007a2                HAL_NVIC_SetPriority
 .text.HAL_NVIC_EnableIRQ
                0x00000000080007da       0x1c ./Drivers/STM32F4xx_HAL_Driver/Src/stm32f4xx_hal_cortex.o
                0x00000000080007da                HAL_NVIC_EnableIRQ
 .text.HAL_SYSTICK_Config
                0x00000000080007f6       0x18 ./Drivers/STM32F4xx_HAL_Driver/Src/stm32f4xx_hal_cortex.o
                0x00000000080007f6                HAL_SYSTICK_Config
 *fill*         0x000000000800080e        0x2 
 .text.HAL_GPIO_Init
                0x0000000008000810      0x338 ./Drivers/STM32F4xx_HAL_Driver/Src/stm32f4xx_hal_gpio.o
                0x0000000008000810                HAL_GPIO_Init
 .text.HAL_GPIO_ReadPin
                0x0000000008000b48       0x30 ./Drivers/STM32F4xx_HAL_Driver/Src/stm32f4xx_hal_gpio.o
                0x0000000008000b48                HAL_GPIO_ReadPin
 .text.HAL_GPIO_WritePin
                0x0000000008000b78       0x32 ./Drivers/STM32F4xx_HAL_Driver/Src/stm32f4xx_hal_gpio.o
                0x0000000008000b78                HAL_GPIO_WritePin
 *fill*         0x0000000008000baa        0x2 
 .text.HAL_GPIO_EXTI_IRQHandler
                0x0000000008000bac       0x30 ./Drivers/STM32F4xx_HAL_Driver/Src/stm32f4xx_hal_gpio.o
                0x0000000008000bac                HAL_GPIO_EXTI_IRQHandler
 .text.HAL_GPIO_EXTI_Callback
                0x0000000008000bdc       0x16 ./Drivers/STM32F4xx_HAL_Driver/Src/stm32f4xx_hal_gpio.o
                0x0000000008000bdc                HAL_GPIO_EXTI_Callback
 *fill*         0x0000000008000bf2        0x2 
 .text.HAL_RCC_OscConfig
                0x0000000008000bf4      0x4e0 ./Drivers/STM32F4xx_HAL_Driver/Src/stm32f4xx_hal_rcc.o
                0x0000000008000bf4                HAL_RCC_OscConfig
 .text.HAL_RCC_ClockConfig
                0x00000000080010d4      0x1cc ./Drivers/STM32F4xx_HAL_Driver/Src/stm32f4xx_hal_rcc.o
                0x00000000080010d4                HAL_RCC_ClockConfig
 .text.HAL_RCC_GetSysClockFreq
                0x00000000080012a0      0x1c4 ./Drivers/STM32F4xx_HAL_Driver/Src/stm32f4xx_hal_rcc.o
                0x00000000080012a0                HAL_RCC_GetSysClockFreq
 .text._ZN3I2CC2EP12GPIO_TypeDefmS1_m
                0x0000000008001464      0x1cc ./Src/I2C.o
                0x0000000008001464                I2C::I2C(GPIO_TypeDef*, unsigned long, GPIO_TypeDef*, unsigned long)
                0x0000000008001464                I2C::I2C(GPIO_TypeDef*, unsigned long, GPIO_TypeDef*, unsigned long)
 .text._ZN3I2C7resetIOEv
                0x0000000008001630       0x2c ./Src/I2C.o
                0x0000000008001630                I2C::resetIO()
 .text._ZN3I2C5delayEv
                0x000000000800165c       0x26 ./Src/I2C.o
                0x000000000800165c                I2C::delay()
 .text._ZN3I2C14startConditionEv
                0x0000000008001682       0x2e ./Src/I2C.o
                0x0000000008001682                I2C::startCondition()
 .text._ZN3I2C13stopConditionEv
                0x00000000080016b0       0x38 ./Src/I2C.o
                0x00000000080016b0                I2C::stopCondition()
 .text._ZN3I2C22repeatedStartConditionEv
                0x00000000080016e8       0x44 ./Src/I2C.o
                0x00000000080016e8                I2C::repeatedStartCondition()
 .text._ZN3I2C14changeSDAStateEi
                0x000000000800172c       0x84 ./Src/I2C.o
                0x000000000800172c                I2C::changeSDAState(int)
 .text._ZN3I2C7waitACKEm
                0x00000000080017b0       0x78 ./Src/I2C.o
                0x00000000080017b0                I2C::waitACK(unsigned long)
 .text._ZN3I2C15writeReadBitSetEhbl
                0x0000000008001828       0xc2 ./Src/I2C.o
                0x0000000008001828                I2C::writeReadBitSet(unsigned char, bool, long)
 .text._ZN3I2C10writeBytesEhl
                0x00000000080018ea       0x98 ./Src/I2C.o
                0x00000000080018ea                I2C::writeBytes(unsigned char, long)
 .text._ZN3I2C8readLineEv
                0x0000000008001982       0x7e ./Src/I2C.o
                0x0000000008001982                I2C::readLine()
 .text._ZN3I2C7sendACKEi
                0x0000000008001a00       0x5a ./Src/I2C.o
                0x0000000008001a00                I2C::sendACK(int)
 .text._ZN3I2C9I2C_WriteEhhPhhm
                0x0000000008001a5a       0xa6 ./Src/I2C.o
                0x0000000008001a5a                I2C::I2C_Write(unsigned char, unsigned char, unsigned char*, unsigned char, unsigned long)
 .text._ZN3I2C8I2C_ReadEhhPhhm
                0x0000000008001b00       0xde ./Src/I2C.o
                0x0000000008001b00                I2C::I2C_Read(unsigned char, unsigned char, unsigned char*, unsigned char, unsigned long)
 *fill*         0x0000000008001bde        0x2 
 .text.main     0x0000000008001be0       0x80 ./Src/main.o
                0x0000000008001be0                main
 .text._Z18SystemClock_Configv
                0x0000000008001c60       0xe8 ./Src/main.o
                0x0000000008001c60                SystemClock_Config()
 .text._ZL12MX_GPIO_Initv
                0x0000000008001d48       0x8c ./Src/main.o
 .text.Error_Handler
                0x0000000008001dd4        0xe ./Src/main.o
                0x0000000008001dd4                Error_Handler
 *fill*         0x0000000008001de2        0x2 
 .text.HAL_MspInit
                0x0000000008001de4       0x50 ./Src/stm32f4xx_hal_msp.o
                0x0000000008001de4                HAL_MspInit
 .text.NMI_Handler
                0x0000000008001e34        0xe ./Src/stm32f4xx_it.o
                0x0000000008001e34                NMI_Handler
 .text.HardFault_Handler
                0x0000000008001e42        0x6 ./Src/stm32f4xx_it.o
                0x0000000008001e42                HardFault_Handler
 .text.MemManage_Handler
                0x0000000008001e48        0x6 ./Src/stm32f4xx_it.o
                0x0000000008001e48                MemManage_Handler
 .text.BusFault_Handler
                0x0000000008001e4e        0x6 ./Src/stm32f4xx_it.o
                0x0000000008001e4e                BusFault_Handler
 .text.UsageFault_Handler
                0x0000000008001e54        0x6 ./Src/stm32f4xx_it.o
                0x0000000008001e54                UsageFault_Handler
 .text.SVC_Handler
                0x0000000008001e5a        0xe ./Src/stm32f4xx_it.o
                0x0000000008001e5a                SVC_Handler
 .text.DebugMon_Handler
                0x0000000008001e68        0xe ./Src/stm32f4xx_it.o
                0x0000000008001e68                DebugMon_Handler
 .text.PendSV_Handler
                0x0000000008001e76        0xe ./Src/stm32f4xx_it.o
                0x0000000008001e76                PendSV_Handler
 .text.SysTick_Handler
                0x0000000008001e84        0xc ./Src/stm32f4xx_it.o
                0x0000000008001e84                SysTick_Handler
 .text.EXTI0_IRQHandler
                0x0000000008001e90       0x18 ./Src/stm32f4xx_it.o
                0x0000000008001e90                EXTI0_IRQHandler
 .text.SystemInit
                0x0000000008001ea8       0x2c ./Src/system_stm32f4xx.o
                0x0000000008001ea8                SystemInit
 .text.Reset_Handler
                0x0000000008001ed4       0x50 ./Startup/startup_stm32f407vgtx.o
                0x0000000008001ed4                Reset_Handler
 .text.Default_Handler
                0x0000000008001f24        0x2 ./Startup/startup_stm32f407vgtx.o
                0x0000000008001f24                RTC_Alarm_IRQHandler
                0x0000000008001f24                HASH_RNG_IRQHandler
                0x0000000008001f24                EXTI2_IRQHandler
                0x0000000008001f24                TIM8_CC_IRQHandler
                0x0000000008001f24                TIM1_CC_IRQHandler
                0x0000000008001f24                DMA2_Stream5_IRQHandler
                0x0000000008001f24                DMA1_Stream5_IRQHandler
                0x0000000008001f24                PVD_IRQHandler
                0x0000000008001f24                SDIO_IRQHandler
                0x0000000008001f24                TAMP_STAMP_IRQHandler
                0x0000000008001f24                CAN2_RX1_IRQHandler
                0x0000000008001f24                EXTI3_IRQHandler
                0x0000000008001f24                TIM8_TRG_COM_TIM14_IRQHandler
                0x0000000008001f24                TIM1_UP_TIM10_IRQHandler
                0x0000000008001f24                TIM8_UP_TIM13_IRQHandler
                0x0000000008001f24                I2C3_ER_IRQHandler
                0x0000000008001f24                I2C2_EV_IRQHandler
                0x0000000008001f24                DMA1_Stream2_IRQHandler
                0x0000000008001f24                CAN1_RX0_IRQHandler
                0x0000000008001f24                FPU_IRQHandler
                0x0000000008001f24                OTG_HS_WKUP_IRQHandler
                0x0000000008001f24                CAN2_SCE_IRQHandler
                0x0000000008001f24                DMA2_Stream2_IRQHandler
                0x0000000008001f24                SPI1_IRQHandler
                0x0000000008001f24                TIM6_DAC_IRQHandler
                0x0000000008001f24                TIM1_BRK_TIM9_IRQHandler
                0x0000000008001f24                DCMI_IRQHandler
                0x0000000008001f24                CAN2_RX0_IRQHandler
                0x0000000008001f24                DMA2_Stream3_IRQHandler
                0x0000000008001f24                USART6_IRQHandler
                0x0000000008001f24                USART3_IRQHandler
                0x0000000008001f24                CAN1_RX1_IRQHandler
                0x0000000008001f24                UART5_IRQHandler
                0x0000000008001f24                DMA2_Stream0_IRQHandler
                0x0000000008001f24                TIM4_IRQHandler
                0x0000000008001f24                I2C1_EV_IRQHandler
                0x0000000008001f24                DMA1_Stream6_IRQHandler
                0x0000000008001f24                DMA1_Stream1_IRQHandler
                0x0000000008001f24                UART4_IRQHandler
                0x0000000008001f24                TIM3_IRQHandler
                0x0000000008001f24                RCC_IRQHandler
                0x0000000008001f24                TIM8_BRK_TIM12_IRQHandler
                0x0000000008001f24                Default_Handler
                0x0000000008001f24                EXTI15_10_IRQHandler
                0x0000000008001f24                ADC_IRQHandler
                0x0000000008001f24                DMA1_Stream7_IRQHandler
                0x0000000008001f24                TIM7_IRQHandler
                0x0000000008001f24                CAN2_TX_IRQHandler
                0x0000000008001f24                TIM5_IRQHandler
                0x0000000008001f24                DMA2_Stream7_IRQHandler
                0x0000000008001f24                I2C3_EV_IRQHandler
                0x0000000008001f24                EXTI9_5_IRQHandler
                0x0000000008001f24                RTC_WKUP_IRQHandler
                0x0000000008001f24                ETH_WKUP_IRQHandler
                0x0000000008001f24                SPI2_IRQHandler
                0x0000000008001f24                OTG_HS_EP1_IN_IRQHandler
                0x0000000008001f24                DMA1_Stream0_IRQHandler
                0x0000000008001f24                CAN1_TX_IRQHandler
                0x0000000008001f24                EXTI4_IRQHandler
                0x0000000008001f24                FSMC_IRQHandler
                0x0000000008001f24                ETH_IRQHandler
                0x0000000008001f24                OTG_HS_EP1_OUT_IRQHandler
                0x0000000008001f24                WWDG_IRQHandler
                0x0000000008001f24                TIM2_IRQHandler
                0x0000000008001f24                OTG_FS_WKUP_IRQHandler
                0x0000000008001f24                TIM1_TRG_COM_TIM11_IRQHandler
                0x0000000008001f24                OTG_HS_IRQHandler
                0x0000000008001f24                EXTI1_IRQHandler
                0x0000000008001f24                USART2_IRQHandler
                0x0000000008001f24                I2C2_ER_IRQHandler
                0x0000000008001f24                DMA2_Stream1_IRQHandler
                0x0000000008001f24                CAN1_SCE_IRQHandler
                0x0000000008001f24                FLASH_IRQHandler
                0x0000000008001f24                DMA2_Stream4_IRQHandler
                0x0000000008001f24                USART1_IRQHandler
                0x0000000008001f24                OTG_FS_IRQHandler
                0x0000000008001f24                SPI3_IRQHandler
                0x0000000008001f24                DMA1_Stream4_IRQHandler
                0x0000000008001f24                I2C1_ER_IRQHandler
                0x0000000008001f24                DMA2_Stream6_IRQHandler
                0x0000000008001f24                DMA1_Stream3_IRQHandler
 *fill*         0x0000000008001f26        0x2 
 .text.__libc_init_array
                0x0000000008001f28       0x48 c:/st/stm32cubeide_1.8.0/stm32cubeide/plugins/com.st.stm32cube.ide.mcu.externaltools.gnu-tools-for-stm32.9-2020-q2-update.win32_2.0.0.202105311346/tools/bin/../lib/gcc/arm-none-eabi/9.3.1/../../../../arm-none-eabi/lib/thumb/v7e-m+fp/hard\libc_nano.a(lib_a-init.o)
                0x0000000008001f28                __libc_init_array
 .text.memset   0x0000000008001f70       0x10 c:/st/stm32cubeide_1.8.0/stm32cubeide/plugins/com.st.stm32cube.ide.mcu.externaltools.gnu-tools-for-stm32.9-2020-q2-update.win32_2.0.0.202105311346/tools/bin/../lib/gcc/arm-none-eabi/9.3.1/../../../../arm-none-eabi/lib/thumb/v7e-m+fp/hard\libc_nano.a(lib_a-memset.o)
                0x0000000008001f70                memset
 *(.glue_7)
 .glue_7        0x0000000008001f80        0x0 linker stubs
 *(.glue_7t)
 .glue_7t       0x0000000008001f80        0x0 linker stubs
 *(.eh_frame)
 .eh_frame      0x0000000008001f80        0x0 c:/st/stm32cubeide_1.8.0/stm32cubeide/plugins/com.st.stm32cube.ide.mcu.externaltools.gnu-tools-for-stm32.9-2020-q2-update.win32_2.0.0.202105311346/tools/bin/../lib/gcc/arm-none-eabi/9.3.1/thumb/v7e-m+fp/hard/crtbegin.o
 *(.init)
 .init          0x0000000008001f80        0x4 c:/st/stm32cubeide_1.8.0/stm32cubeide/plugins/com.st.stm32cube.ide.mcu.externaltools.gnu-tools-for-stm32.9-2020-q2-update.win32_2.0.0.202105311346/tools/bin/../lib/gcc/arm-none-eabi/9.3.1/thumb/v7e-m+fp/hard/crti.o
                0x0000000008001f80                _init
 .init          0x0000000008001f84        0x8 c:/st/stm32cubeide_1.8.0/stm32cubeide/plugins/com.st.stm32cube.ide.mcu.externaltools.gnu-tools-for-stm32.9-2020-q2-update.win32_2.0.0.202105311346/tools/bin/../lib/gcc/arm-none-eabi/9.3.1/thumb/v7e-m+fp/hard/crtn.o
 *(.fini)
 .fini          0x0000000008001f8c        0x4 c:/st/stm32cubeide_1.8.0/stm32cubeide/plugins/com.st.stm32cube.ide.mcu.externaltools.gnu-tools-for-stm32.9-2020-q2-update.win32_2.0.0.202105311346/tools/bin/../lib/gcc/arm-none-eabi/9.3.1/thumb/v7e-m+fp/hard/crti.o
                0x0000000008001f8c                _fini
 .fini          0x0000000008001f90        0x8 c:/st/stm32cubeide_1.8.0/stm32cubeide/plugins/com.st.stm32cube.ide.mcu.externaltools.gnu-tools-for-stm32.9-2020-q2-update.win32_2.0.0.202105311346/tools/bin/../lib/gcc/arm-none-eabi/9.3.1/thumb/v7e-m+fp/hard/crtn.o
                0x0000000008001f98                . = ALIGN (0x4)
                0x0000000008001f98                _etext = .

.vfp11_veneer   0x0000000008001f98        0x0
 .vfp11_veneer  0x0000000008001f98        0x0 linker stubs

.v4_bx          0x0000000008001f98        0x0
 .v4_bx         0x0000000008001f98        0x0 linker stubs

.iplt           0x0000000008001f98        0x0
 .iplt          0x0000000008001f98        0x0 c:/st/stm32cubeide_1.8.0/stm32cubeide/plugins/com.st.stm32cube.ide.mcu.externaltools.gnu-tools-for-stm32.9-2020-q2-update.win32_2.0.0.202105311346/tools/bin/../lib/gcc/arm-none-eabi/9.3.1/thumb/v7e-m+fp/hard/crtbegin.o

.rodata         0x0000000008001f98       0x10
                0x0000000008001f98                . = ALIGN (0x4)
 *(.rodata)
 *(.rodata*)
 .rodata.AHBPrescTable
                0x0000000008001f98       0x10 ./Src/system_stm32f4xx.o
                0x0000000008001f98                AHBPrescTable
                0x0000000008001fa8                . = ALIGN (0x4)

.ARM.extab      0x0000000008001fa8        0x0
                0x0000000008001fa8                . = ALIGN (0x4)
 *(.ARM.extab* .gnu.linkonce.armextab.*)
                0x0000000008001fa8                . = ALIGN (0x4)

.ARM            0x0000000008001fa8        0x8
                0x0000000008001fa8                . = ALIGN (0x4)
                0x0000000008001fa8                __exidx_start = .
 *(.ARM.exidx*)
 .ARM.exidx     0x0000000008001fa8        0x8 c:/st/stm32cubeide_1.8.0/stm32cubeide/plugins/com.st.stm32cube.ide.mcu.externaltools.gnu-tools-for-stm32.9-2020-q2-update.win32_2.0.0.202105311346/tools/bin/../lib/gcc/arm-none-eabi/9.3.1/thumb/v7e-m+fp/hard\libgcc.a(_udivmoddi4.o)
                0x0000000008001fb0                __exidx_end = .
                0x0000000008001fb0                . = ALIGN (0x4)

.rel.dyn        0x0000000008001fb0        0x0
 .rel.iplt      0x0000000008001fb0        0x0 c:/st/stm32cubeide_1.8.0/stm32cubeide/plugins/com.st.stm32cube.ide.mcu.externaltools.gnu-tools-for-stm32.9-2020-q2-update.win32_2.0.0.202105311346/tools/bin/../lib/gcc/arm-none-eabi/9.3.1/thumb/v7e-m+fp/hard/crtbegin.o

.preinit_array  0x0000000008001fb0        0x0
                0x0000000008001fb0                . = ALIGN (0x4)
                0x0000000008001fb0                PROVIDE (__preinit_array_start = .)
 *(.preinit_array*)
                0x0000000008001fb0                PROVIDE (__preinit_array_end = .)
                0x0000000008001fb0                . = ALIGN (0x4)

.init_array     0x0000000008001fb0        0x4
                0x0000000008001fb0                . = ALIGN (0x4)
                0x0000000008001fb0                PROVIDE (__init_array_start = .)
 *(SORT_BY_NAME(.init_array.*))
 *(.init_array*)
 .init_array    0x0000000008001fb0        0x4 c:/st/stm32cubeide_1.8.0/stm32cubeide/plugins/com.st.stm32cube.ide.mcu.externaltools.gnu-tools-for-stm32.9-2020-q2-update.win32_2.0.0.202105311346/tools/bin/../lib/gcc/arm-none-eabi/9.3.1/thumb/v7e-m+fp/hard/crtbegin.o
                0x0000000008001fb4                PROVIDE (__init_array_end = .)
                0x0000000008001fb4                . = ALIGN (0x4)

.fini_array     0x0000000008001fb4        0x4
                0x0000000008001fb4                . = ALIGN (0x4)
                [!provide]                        PROVIDE (__fini_array_start = .)
 *(SORT_BY_NAME(.fini_array.*))
 *(.fini_array*)
 .fini_array    0x0000000008001fb4        0x4 c:/st/stm32cubeide_1.8.0/stm32cubeide/plugins/com.st.stm32cube.ide.mcu.externaltools.gnu-tools-for-stm32.9-2020-q2-update.win32_2.0.0.202105311346/tools/bin/../lib/gcc/arm-none-eabi/9.3.1/thumb/v7e-m+fp/hard/crtbegin.o
                [!provide]                        PROVIDE (__fini_array_end = .)
                0x0000000008001fb8                . = ALIGN (0x4)
                0x0000000008001fb8                _sidata = LOADADDR (.data)

.data           0x0000000020000000       0x10 load address 0x0000000008001fb8
                0x0000000020000000                . = ALIGN (0x4)
                0x0000000020000000                _sdata = .
 *(.data)
 *(.data*)
 .data.uwTickPrio
                0x0000000020000000        0x4 ./Drivers/STM32F4xx_HAL_Driver/Src/stm32f4xx_hal.o
                0x0000000020000000                uwTickPrio
 .data.uwTickFreq
                0x0000000020000004        0x1 ./Drivers/STM32F4xx_HAL_Driver/Src/stm32f4xx_hal.o
                0x0000000020000004                uwTickFreq
 *fill*         0x0000000020000005        0x3 
 .data.sendingData
                0x0000000020000008        0x4 ./Src/main.o
                0x0000000020000008                sendingData
 .data.SystemCoreClock
                0x000000002000000c        0x4 ./Src/system_stm32f4xx.o
                0x000000002000000c                SystemCoreClock
                0x0000000020000010                . = ALIGN (0x4)
                0x0000000020000010                _edata = .

.igot.plt       0x0000000020000010        0x0 load address 0x0000000008001fc8
 .igot.plt      0x0000000020000010        0x0 c:/st/stm32cubeide_1.8.0/stm32cubeide/plugins/com.st.stm32cube.ide.mcu.externaltools.gnu-tools-for-stm32.9-2020-q2-update.win32_2.0.0.202105311346/tools/bin/../lib/gcc/arm-none-eabi/9.3.1/thumb/v7e-m+fp/hard/crtbegin.o
                0x0000000020000010                . = ALIGN (0x4)

.bss            0x0000000020000010       0x60 load address 0x0000000008001fc8
                0x0000000020000010                _sbss = .
                0x0000000020000010                __bss_start__ = _sbss
 *(.bss)
 .bss           0x0000000020000010       0x1c c:/st/stm32cubeide_1.8.0/stm32cubeide/plugins/com.st.stm32cube.ide.mcu.externaltools.gnu-tools-for-stm32.9-2020-q2-update.win32_2.0.0.202105311346/tools/bin/../lib/gcc/arm-none-eabi/9.3.1/thumb/v7e-m+fp/hard/crtbegin.o
 *(.bss*)
 .bss.SDAPinInit
                0x000000002000002c       0x14 ./Src/I2C.o
                0x000000002000002c                SDAPinInit
 .bss.SCLPinInit
                0x0000000020000040       0x14 ./Src/I2C.o
                0x0000000020000040                SCLPinInit
 .bss.SDAPinInput
                0x0000000020000054       0x14 ./Src/I2C.o
                0x0000000020000054                SDAPinInput
 .bss.start     0x0000000020000068        0x1 ./Src/main.o
                0x0000000020000068                start
 *(COMMON)
 *fill*         0x0000000020000069        0x3 
 COMMON         0x000000002000006c        0x4 ./Drivers/STM32F4xx_HAL_Driver/Src/stm32f4xx_hal.o
                0x000000002000006c                uwTick
                0x0000000020000070                . = ALIGN (0x4)
                0x0000000020000070                _ebss = .
                0x0000000020000070                __bss_end__ = _ebss

._user_heap_stack
                0x0000000020000070      0x600 load address 0x0000000008001fc8
                0x0000000020000070                . = ALIGN (0x8)
                0x0000000020000070                PROVIDE (end = .)
                [!provide]                        PROVIDE (_end = .)
                0x0000000020000270                . = (. + _Min_Heap_Size)
 *fill*         0x0000000020000070      0x200 
                0x0000000020000670                . = (. + _Min_Stack_Size)
 *fill*         0x0000000020000270      0x400 
                0x0000000020000670                . = ALIGN (0x8)

/DISCARD/
 libc.a(*)
 libm.a(*)
 libgcc.a(*)

.ARM.attributes
                0x0000000000000000       0x30
 *(.ARM.attributes)
 .ARM.attributes
                0x0000000000000000       0x1e c:/st/stm32cubeide_1.8.0/stm32cubeide/plugins/com.st.stm32cube.ide.mcu.externaltools.gnu-tools-for-stm32.9-2020-q2-update.win32_2.0.0.202105311346/tools/bin/../lib/gcc/arm-none-eabi/9.3.1/thumb/v7e-m+fp/hard/crti.o
 .ARM.attributes
                0x000000000000001e       0x34 c:/st/stm32cubeide_1.8.0/stm32cubeide/plugins/com.st.stm32cube.ide.mcu.externaltools.gnu-tools-for-stm32.9-2020-q2-update.win32_2.0.0.202105311346/tools/bin/../lib/gcc/arm-none-eabi/9.3.1/thumb/v7e-m+fp/hard/crtbegin.o
 .ARM.attributes
                0x0000000000000052       0x34 ./Drivers/STM32F4xx_HAL_Driver/Src/stm32f4xx_hal.o
 .ARM.attributes
                0x0000000000000086       0x34 ./Drivers/STM32F4xx_HAL_Driver/Src/stm32f4xx_hal_cortex.o
 .ARM.attributes
                0x00000000000000ba       0x34 ./Drivers/STM32F4xx_HAL_Driver/Src/stm32f4xx_hal_gpio.o
 .ARM.attributes
                0x00000000000000ee       0x34 ./Drivers/STM32F4xx_HAL_Driver/Src/stm32f4xx_hal_rcc.o
 .ARM.attributes
                0x0000000000000122       0x34 ./Src/I2C.o
 .ARM.attributes
                0x0000000000000156       0x34 ./Src/main.o
 .ARM.attributes
                0x000000000000018a       0x34 ./Src/stm32f4xx_hal_msp.o
 .ARM.attributes
                0x00000000000001be       0x34 ./Src/stm32f4xx_it.o
 .ARM.attributes
                0x00000000000001f2       0x34 ./Src/system_stm32f4xx.o
 .ARM.attributes
                0x0000000000000226       0x21 ./Startup/startup_stm32f407vgtx.o
 .ARM.attributes
                0x0000000000000247       0x34 c:/st/stm32cubeide_1.8.0/stm32cubeide/plugins/com.st.stm32cube.ide.mcu.externaltools.gnu-tools-for-stm32.9-2020-q2-update.win32_2.0.0.202105311346/tools/bin/../lib/gcc/arm-none-eabi/9.3.1/../../../../arm-none-eabi/lib/thumb/v7e-m+fp/hard\libc_nano.a(lib_a-init.o)
 .ARM.attributes
                0x000000000000027b       0x34 c:/st/stm32cubeide_1.8.0/stm32cubeide/plugins/com.st.stm32cube.ide.mcu.externaltools.gnu-tools-for-stm32.9-2020-q2-update.win32_2.0.0.202105311346/tools/bin/../lib/gcc/arm-none-eabi/9.3.1/../../../../arm-none-eabi/lib/thumb/v7e-m+fp/hard\libc_nano.a(lib_a-memset.o)
 .ARM.attributes
                0x00000000000002af       0x1e c:/st/stm32cubeide_1.8.0/stm32cubeide/plugins/com.st.stm32cube.ide.mcu.externaltools.gnu-tools-for-stm32.9-2020-q2-update.win32_2.0.0.202105311346/tools/bin/../lib/gcc/arm-none-eabi/9.3.1/thumb/v7e-m+fp/hard\libgcc.a(_aeabi_uldivmod.o)
 .ARM.attributes
                0x00000000000002cd       0x34 c:/st/stm32cubeide_1.8.0/stm32cubeide/plugins/com.st.stm32cube.ide.mcu.externaltools.gnu-tools-for-stm32.9-2020-q2-update.win32_2.0.0.202105311346/tools/bin/../lib/gcc/arm-none-eabi/9.3.1/thumb/v7e-m+fp/hard\libgcc.a(_udivmoddi4.o)
 .ARM.attributes
                0x0000000000000301       0x1e c:/st/stm32cubeide_1.8.0/stm32cubeide/plugins/com.st.stm32cube.ide.mcu.externaltools.gnu-tools-for-stm32.9-2020-q2-update.win32_2.0.0.202105311346/tools/bin/../lib/gcc/arm-none-eabi/9.3.1/thumb/v7e-m+fp/hard\libgcc.a(_dvmd_tls.o)
 .ARM.attributes
                0x000000000000031f       0x1e c:/st/stm32cubeide_1.8.0/stm32cubeide/plugins/com.st.stm32cube.ide.mcu.externaltools.gnu-tools-for-stm32.9-2020-q2-update.win32_2.0.0.202105311346/tools/bin/../lib/gcc/arm-none-eabi/9.3.1/thumb/v7e-m+fp/hard/crtn.o
OUTPUT(Software_I2C.elf elf32-littlearm)
LOAD linker stubs
LOAD c:/st/stm32cubeide_1.8.0/stm32cubeide/plugins/com.st.stm32cube.ide.mcu.externaltools.gnu-tools-for-stm32.9-2020-q2-update.win32_2.0.0.202105311346/tools/bin/../lib/gcc/arm-none-eabi/9.3.1/../../../../arm-none-eabi/lib/thumb/v7e-m+fp/hard\libc.a
LOAD c:/st/stm32cubeide_1.8.0/stm32cubeide/plugins/com.st.stm32cube.ide.mcu.externaltools.gnu-tools-for-stm32.9-2020-q2-update.win32_2.0.0.202105311346/tools/bin/../lib/gcc/arm-none-eabi/9.3.1/../../../../arm-none-eabi/lib/thumb/v7e-m+fp/hard\libm.a
LOAD c:/st/stm32cubeide_1.8.0/stm32cubeide/plugins/com.st.stm32cube.ide.mcu.externaltools.gnu-tools-for-stm32.9-2020-q2-update.win32_2.0.0.202105311346/tools/bin/../lib/gcc/arm-none-eabi/9.3.1/thumb/v7e-m+fp/hard\libgcc.a

.debug_info     0x0000000000000000     0x4e93
 .debug_info    0x0000000000000000      0x9b2 ./Drivers/STM32F4xx_HAL_Driver/Src/stm32f4xx_hal.o
 .debug_info    0x00000000000009b2      0xed7 ./Drivers/STM32F4xx_HAL_Driver/Src/stm32f4xx_hal_cortex.o
 .debug_info    0x0000000000001889      0x82e ./Drivers/STM32F4xx_HAL_Driver/Src/stm32f4xx_hal_gpio.o
 .debug_info    0x00000000000020b7      0x996 ./Drivers/STM32F4xx_HAL_Driver/Src/stm32f4xx_hal_rcc.o
 .debug_info    0x0000000000002a4d      0xbd2 ./Src/I2C.o
 .debug_info    0x000000000000361f      0xcbb ./Src/main.o
 .debug_info    0x00000000000042da      0x394 ./Src/stm32f4xx_hal_msp.o
 .debug_info    0x000000000000466e      0x25f ./Src/stm32f4xx_it.o
 .debug_info    0x00000000000048cd      0x5a4 ./Src/system_stm32f4xx.o
 .debug_info    0x0000000000004e71       0x22 ./Startup/startup_stm32f407vgtx.o

.debug_abbrev   0x0000000000000000     0x122b
 .debug_abbrev  0x0000000000000000      0x1ed ./Drivers/STM32F4xx_HAL_Driver/Src/stm32f4xx_hal.o
 .debug_abbrev  0x00000000000001ed      0x33c ./Drivers/STM32F4xx_HAL_Driver/Src/stm32f4xx_hal_cortex.o
 .debug_abbrev  0x0000000000000529      0x1f1 ./Drivers/STM32F4xx_HAL_Driver/Src/stm32f4xx_hal_gpio.o
 .debug_abbrev  0x000000000000071a      0x275 ./Drivers/STM32F4xx_HAL_Driver/Src/stm32f4xx_hal_rcc.o
 .debug_abbrev  0x000000000000098f      0x311 ./Src/I2C.o
 .debug_abbrev  0x0000000000000ca0      0x245 ./Src/main.o
 .debug_abbrev  0x0000000000000ee5      0x11d ./Src/stm32f4xx_hal_msp.o
 .debug_abbrev  0x0000000000001002       0xd2 ./Src/stm32f4xx_it.o
 .debug_abbrev  0x00000000000010d4      0x145 ./Src/system_stm32f4xx.o
 .debug_abbrev  0x0000000000001219       0x12 ./Startup/startup_stm32f407vgtx.o

.debug_aranges  0x0000000000000000      0x488
 .debug_aranges
                0x0000000000000000       0xf0 ./Drivers/STM32F4xx_HAL_Driver/Src/stm32f4xx_hal.o
 .debug_aranges
                0x00000000000000f0      0x118 ./Drivers/STM32F4xx_HAL_Driver/Src/stm32f4xx_hal_cortex.o
 .debug_aranges
                0x0000000000000208       0x58 ./Drivers/STM32F4xx_HAL_Driver/Src/stm32f4xx_hal_gpio.o
 .debug_aranges
                0x0000000000000260       0x88 ./Drivers/STM32F4xx_HAL_Driver/Src/stm32f4xx_hal_rcc.o
 .debug_aranges
                0x00000000000002e8       0x90 ./Src/I2C.o
 .debug_aranges
                0x0000000000000378       0x38 ./Src/main.o
 .debug_aranges
                0x00000000000003b0       0x20 ./Src/stm32f4xx_hal_msp.o
 .debug_aranges
                0x00000000000003d0       0x68 ./Src/stm32f4xx_it.o
 .debug_aranges
                0x0000000000000438       0x28 ./Src/system_stm32f4xx.o
 .debug_aranges
                0x0000000000000460       0x28 ./Startup/startup_stm32f407vgtx.o

.debug_ranges   0x0000000000000000      0x3f0
 .debug_ranges  0x0000000000000000       0xe0 ./Drivers/STM32F4xx_HAL_Driver/Src/stm32f4xx_hal.o
 .debug_ranges  0x00000000000000e0      0x108 ./Drivers/STM32F4xx_HAL_Driver/Src/stm32f4xx_hal_cortex.o
 .debug_ranges  0x00000000000001e8       0x48 ./Drivers/STM32F4xx_HAL_Driver/Src/stm32f4xx_hal_gpio.o
 .debug_ranges  0x0000000000000230       0x78 ./Drivers/STM32F4xx_HAL_Driver/Src/stm32f4xx_hal_rcc.o
 .debug_ranges  0x00000000000002a8       0x80 ./Src/I2C.o
 .debug_ranges  0x0000000000000328       0x28 ./Src/main.o
 .debug_ranges  0x0000000000000350       0x10 ./Src/stm32f4xx_hal_msp.o
 .debug_ranges  0x0000000000000360       0x58 ./Src/stm32f4xx_it.o
 .debug_ranges  0x00000000000003b8       0x18 ./Src/system_stm32f4xx.o
 .debug_ranges  0x00000000000003d0       0x20 ./Startup/startup_stm32f407vgtx.o

.debug_macro    0x0000000000000000    0x20adb
 .debug_macro   0x0000000000000000      0x210 ./Drivers/STM32F4xx_HAL_Driver/Src/stm32f4xx_hal.o
 .debug_macro   0x0000000000000210      0xaa8 ./Drivers/STM32F4xx_HAL_Driver/Src/stm32f4xx_hal.o
 .debug_macro   0x0000000000000cb8      0x17e ./Drivers/STM32F4xx_HAL_Driver/Src/stm32f4xx_hal.o
 .debug_macro   0x0000000000000e36       0x32 ./Drivers/STM32F4xx_HAL_Driver/Src/stm32f4xx_hal.o
 .debug_macro   0x0000000000000e68       0x2f ./Drivers/STM32F4xx_HAL_Driver/Src/stm32f4xx_hal.o
 .debug_macro   0x0000000000000e97       0x22 ./Drivers/STM32F4xx_HAL_Driver/Src/stm32f4xx_hal.o
 .debug_macro   0x0000000000000eb9       0x8e ./Drivers/STM32F4xx_HAL_Driver/Src/stm32f4xx_hal.o
 .debug_macro   0x0000000000000f47       0x51 ./Drivers/STM32F4xx_HAL_Driver/Src/stm32f4xx_hal.o
 .debug_macro   0x0000000000000f98      0x103 ./Drivers/STM32F4xx_HAL_Driver/Src/stm32f4xx_hal.o
 .debug_macro   0x000000000000109b       0x6a ./Drivers/STM32F4xx_HAL_Driver/Src/stm32f4xx_hal.o
 .debug_macro   0x0000000000001105      0x1df ./Drivers/STM32F4xx_HAL_Driver/Src/stm32f4xx_hal.o
 .debug_macro   0x00000000000012e4       0x1c ./Drivers/STM32F4xx_HAL_Driver/Src/stm32f4xx_hal.o
 .debug_macro   0x0000000000001300       0x22 ./Drivers/STM32F4xx_HAL_Driver/Src/stm32f4xx_hal.o
 .debug_macro   0x0000000000001322       0xdf ./Drivers/STM32F4xx_HAL_Driver/Src/stm32f4xx_hal.o
 .debug_macro   0x0000000000001401     0x102d ./Drivers/STM32F4xx_HAL_Driver/Src/stm32f4xx_hal.o
 .debug_macro   0x000000000000242e      0x11f ./Drivers/STM32F4xx_HAL_Driver/Src/stm32f4xx_hal.o
 .debug_macro   0x000000000000254d    0x15e3c ./Drivers/STM32F4xx_HAL_Driver/Src/stm32f4xx_hal.o
 .debug_macro   0x0000000000018389       0x43 ./Drivers/STM32F4xx_HAL_Driver/Src/stm32f4xx_hal.o
 .debug_macro   0x00000000000183cc     0x3652 ./Drivers/STM32F4xx_HAL_Driver/Src/stm32f4xx_hal.o
 .debug_macro   0x000000000001ba1e      0x174 ./Drivers/STM32F4xx_HAL_Driver/Src/stm32f4xx_hal.o
 .debug_macro   0x000000000001bb92       0x5a ./Drivers/STM32F4xx_HAL_Driver/Src/stm32f4xx_hal.o
 .debug_macro   0x000000000001bbec      0x96b ./Drivers/STM32F4xx_HAL_Driver/Src/stm32f4xx_hal.o
 .debug_macro   0x000000000001c557      0x9fe ./Drivers/STM32F4xx_HAL_Driver/Src/stm32f4xx_hal.o
 .debug_macro   0x000000000001cf55      0x174 ./Drivers/STM32F4xx_HAL_Driver/Src/stm32f4xx_hal.o
 .debug_macro   0x000000000001d0c9      0x117 ./Drivers/STM32F4xx_HAL_Driver/Src/stm32f4xx_hal.o
 .debug_macro   0x000000000001d1e0      0x13e ./Drivers/STM32F4xx_HAL_Driver/Src/stm32f4xx_hal.o
 .debug_macro   0x000000000001d31e       0x27 ./Drivers/STM32F4xx_HAL_Driver/Src/stm32f4xx_hal.o
 .debug_macro   0x000000000001d345      0x287 ./Drivers/STM32F4xx_HAL_Driver/Src/stm32f4xx_hal.o
 .debug_macro   0x000000000001d5cc       0x5f ./Drivers/STM32F4xx_HAL_Driver/Src/stm32f4xx_hal.o
 .debug_macro   0x000000000001d62b      0x236 ./Drivers/STM32F4xx_HAL_Driver/Src/stm32f4xx_hal.o
 .debug_macro   0x000000000001d861      0x12c ./Drivers/STM32F4xx_HAL_Driver/Src/stm32f4xx_hal.o
 .debug_macro   0x000000000001d98d      0x21e ./Drivers/STM32F4xx_HAL_Driver/Src/stm32f4xx_hal.o
 .debug_macro   0x000000000001dbab       0x2e ./Drivers/STM32F4xx_HAL_Driver/Src/stm32f4xx_hal.o
 .debug_macro   0x000000000001dbd9      0x11a ./Drivers/STM32F4xx_HAL_Driver/Src/stm32f4xx_hal.o
 .debug_macro   0x000000000001dcf3       0x7e ./Drivers/STM32F4xx_HAL_Driver/Src/stm32f4xx_hal.o
 .debug_macro   0x000000000001dd71       0x89 ./Drivers/STM32F4xx_HAL_Driver/Src/stm32f4xx_hal.o
 .debug_macro   0x000000000001ddfa      0x12d ./Drivers/STM32F4xx_HAL_Driver/Src/stm32f4xx_hal.o
 .debug_macro   0x000000000001df27      0x1b0 ./Drivers/STM32F4xx_HAL_Driver/Src/stm32f4xx_hal_cortex.o
 .debug_macro   0x000000000001e0d7      0x1e6 ./Drivers/STM32F4xx_HAL_Driver/Src/stm32f4xx_hal_gpio.o
 .debug_macro   0x000000000001e2bd      0x1d4 ./Drivers/STM32F4xx_HAL_Driver/Src/stm32f4xx_hal_rcc.o
 .debug_macro   0x000000000001e491      0x1bf ./Src/I2C.o
 .debug_macro   0x000000000001e650      0xb80 ./Src/I2C.o
 .debug_macro   0x000000000001f1d0       0x1c ./Src/I2C.o
 .debug_macro   0x000000000001f1ec     0x102d ./Src/I2C.o
 .debug_macro   0x0000000000020219      0x17b ./Src/I2C.o
 .debug_macro   0x0000000000020394      0x1d2 ./Src/main.o
 .debug_macro   0x0000000000020566       0x16 ./Src/main.o
 .debug_macro   0x000000000002057c      0x1ba ./Src/stm32f4xx_hal_msp.o
 .debug_macro   0x0000000000020736      0x1cd ./Src/stm32f4xx_it.o
 .debug_macro   0x0000000000020903       0x22 ./Src/stm32f4xx_it.o
 .debug_macro   0x0000000000020925      0x1b6 ./Src/system_stm32f4xx.o

.debug_line     0x0000000000000000     0x554f
 .debug_line    0x0000000000000000      0x960 ./Drivers/STM32F4xx_HAL_Driver/Src/stm32f4xx_hal.o
 .debug_line    0x0000000000000960      0xc0f ./Drivers/STM32F4xx_HAL_Driver/Src/stm32f4xx_hal_cortex.o
 .debug_line    0x000000000000156f      0xae8 ./Drivers/STM32F4xx_HAL_Driver/Src/stm32f4xx_hal_gpio.o
 .debug_line    0x0000000000002057      0xcc5 ./Drivers/STM32F4xx_HAL_Driver/Src/stm32f4xx_hal_rcc.o
 .debug_line    0x0000000000002d1c      0xba6 ./Src/I2C.o
 .debug_line    0x00000000000038c2      0x745 ./Src/main.o
 .debug_line    0x0000000000004007      0x674 ./Src/stm32f4xx_hal_msp.o
 .debug_line    0x000000000000467b      0x758 ./Src/stm32f4xx_it.o
 .debug_line    0x0000000000004dd3      0x6fb ./Src/system_stm32f4xx.o
 .debug_line    0x00000000000054ce       0x81 ./Startup/startup_stm32f407vgtx.o

.debug_str      0x0000000000000000    0xbbacc
 .debug_str     0x0000000000000000    0xba4ab ./Drivers/STM32F4xx_HAL_Driver/Src/stm32f4xx_hal.o
                                      0xba853 (size before relaxing)
 .debug_str     0x00000000000ba4ab      0x3ed ./Drivers/STM32F4xx_HAL_Driver/Src/stm32f4xx_hal_cortex.o
                                      0xba642 (size before relaxing)
 .debug_str     0x00000000000ba898      0x274 ./Drivers/STM32F4xx_HAL_Driver/Src/stm32f4xx_hal_gpio.o
                                      0xb9fc5 (size before relaxing)
 .debug_str     0x00000000000bab0c      0x33f ./Drivers/STM32F4xx_HAL_Driver/Src/stm32f4xx_hal_rcc.o
                                      0xba173 (size before relaxing)
 .debug_str     0x00000000000bae4b      0x9bd ./Src/I2C.o
                                      0xba485 (size before relaxing)
 .debug_str     0x00000000000bb808      0x13b ./Src/main.o
                                      0xbac22 (size before relaxing)
 .debug_str     0x00000000000bb943       0x1b ./Src/stm32f4xx_hal_msp.o
                                      0xb9cfa (size before relaxing)
 .debug_str     0x00000000000bb95e       0xe3 ./Src/stm32f4xx_it.o
                                      0xb9cff (size before relaxing)
 .debug_str     0x00000000000bba41       0x5a ./Src/system_stm32f4xx.o
                                      0xb9d81 (size before relaxing)
 .debug_str     0x00000000000bba9b       0x31 ./Startup/startup_stm32f407vgtx.o
                                         0x71 (size before relaxing)

.comment        0x0000000000000000       0x53
 .comment       0x0000000000000000       0x53 ./Drivers/STM32F4xx_HAL_Driver/Src/stm32f4xx_hal.o
                                         0x54 (size before relaxing)
 .comment       0x0000000000000053       0x54 ./Drivers/STM32F4xx_HAL_Driver/Src/stm32f4xx_hal_cortex.o
 .comment       0x0000000000000053       0x54 ./Drivers/STM32F4xx_HAL_Driver/Src/stm32f4xx_hal_gpio.o
 .comment       0x0000000000000053       0x54 ./Drivers/STM32F4xx_HAL_Driver/Src/stm32f4xx_hal_rcc.o
 .comment       0x0000000000000053       0x54 ./Src/I2C.o
 .comment       0x0000000000000053       0x54 ./Src/main.o
 .comment       0x0000000000000053       0x54 ./Src/stm32f4xx_hal_msp.o
 .comment       0x0000000000000053       0x54 ./Src/stm32f4xx_it.o
 .comment       0x0000000000000053       0x54 ./Src/system_stm32f4xx.o

.debug_frame    0x0000000000000000     0x1078
 .debug_frame   0x0000000000000000      0x374 ./Drivers/STM32F4xx_HAL_Driver/Src/stm32f4xx_hal.o
 .debug_frame   0x0000000000000374      0x498 ./Drivers/STM32F4xx_HAL_Driver/Src/stm32f4xx_hal_cortex.o
 .debug_frame   0x000000000000080c      0x14c ./Drivers/STM32F4xx_HAL_Driver/Src/stm32f4xx_hal_gpio.o
 .debug_frame   0x0000000000000958      0x1f0 ./Drivers/STM32F4xx_HAL_Driver/Src/stm32f4xx_hal_rcc.o
 .debug_frame   0x0000000000000b48      0x234 ./Src/I2C.o
 .debug_frame   0x0000000000000d7c       0x98 ./Src/main.o
 .debug_frame   0x0000000000000e14       0x38 ./Src/stm32f4xx_hal_msp.o
 .debug_frame   0x0000000000000e4c      0x128 ./Src/stm32f4xx_it.o
 .debug_frame   0x0000000000000f74       0x58 ./Src/system_stm32f4xx.o
 .debug_frame   0x0000000000000fcc       0x2c c:/st/stm32cubeide_1.8.0/stm32cubeide/plugins/com.st.stm32cube.ide.mcu.externaltools.gnu-tools-for-stm32.9-2020-q2-update.win32_2.0.0.202105311346/tools/bin/../lib/gcc/arm-none-eabi/9.3.1/../../../../arm-none-eabi/lib/thumb/v7e-m+fp/hard\libc_nano.a(lib_a-init.o)
 .debug_frame   0x0000000000000ff8       0x20 c:/st/stm32cubeide_1.8.0/stm32cubeide/plugins/com.st.stm32cube.ide.mcu.externaltools.gnu-tools-for-stm32.9-2020-q2-update.win32_2.0.0.202105311346/tools/bin/../lib/gcc/arm-none-eabi/9.3.1/../../../../arm-none-eabi/lib/thumb/v7e-m+fp/hard\libc_nano.a(lib_a-memset.o)
 .debug_frame   0x0000000000001018       0x2c c:/st/stm32cubeide_1.8.0/stm32cubeide/plugins/com.st.stm32cube.ide.mcu.externaltools.gnu-tools-for-stm32.9-2020-q2-update.win32_2.0.0.202105311346/tools/bin/../lib/gcc/arm-none-eabi/9.3.1/thumb/v7e-m+fp/hard\libgcc.a(_aeabi_uldivmod.o)
 .debug_frame   0x0000000000001044       0x34 c:/st/stm32cubeide_1.8.0/stm32cubeide/plugins/com.st.stm32cube.ide.mcu.externaltools.gnu-tools-for-stm32.9-2020-q2-update.win32_2.0.0.202105311346/tools/bin/../lib/gcc/arm-none-eabi/9.3.1/thumb/v7e-m+fp/hard\libgcc.a(_udivmoddi4.o)
