Archive member included to satisfy reference by file (symbol)

c:/program files (x86)/stm32cubeide_1.0.2/stm32cubeide/plugins/com.st.stm32cube.ide.mcu.externaltools.gnu-tools-for-stm32.7-2018-q2-update.win32_1.0.0.201904181610/tools/bin/../lib/gcc/arm-none-eabi/7.3.1/../../../../arm-none-eabi/lib/thumb/v7e-m/fpv4-sp/hard\libc_nano.a(lib_a-errno.o)
                              Src/syscalls.o (__errno)
c:/program files (x86)/stm32cubeide_1.0.2/stm32cubeide/plugins/com.st.stm32cube.ide.mcu.externaltools.gnu-tools-for-stm32.7-2018-q2-update.win32_1.0.0.201904181610/tools/bin/../lib/gcc/arm-none-eabi/7.3.1/../../../../arm-none-eabi/lib/thumb/v7e-m/fpv4-sp/hard\libc_nano.a(lib_a-exit.o)
                              c:/program files (x86)/stm32cubeide_1.0.2/stm32cubeide/plugins/com.st.stm32cube.ide.mcu.externaltools.gnu-tools-for-stm32.7-2018-q2-update.win32_1.0.0.201904181610/tools/bin/../lib/gcc/arm-none-eabi/7.3.1/../../../../arm-none-eabi/lib/thumb/v7e-m/fpv4-sp/hard/crt0.o (exit)
c:/program files (x86)/stm32cubeide_1.0.2/stm32cubeide/plugins/com.st.stm32cube.ide.mcu.externaltools.gnu-tools-for-stm32.7-2018-q2-update.win32_1.0.0.201904181610/tools/bin/../lib/gcc/arm-none-eabi/7.3.1/../../../../arm-none-eabi/lib/thumb/v7e-m/fpv4-sp/hard\libc_nano.a(lib_a-impure.o)
                              c:/program files (x86)/stm32cubeide_1.0.2/stm32cubeide/plugins/com.st.stm32cube.ide.mcu.externaltools.gnu-tools-for-stm32.7-2018-q2-update.win32_1.0.0.201904181610/tools/bin/../lib/gcc/arm-none-eabi/7.3.1/../../../../arm-none-eabi/lib/thumb/v7e-m/fpv4-sp/hard\libc_nano.a(lib_a-exit.o) (_global_impure_ptr)
c:/program files (x86)/stm32cubeide_1.0.2/stm32cubeide/plugins/com.st.stm32cube.ide.mcu.externaltools.gnu-tools-for-stm32.7-2018-q2-update.win32_1.0.0.201904181610/tools/bin/../lib/gcc/arm-none-eabi/7.3.1/../../../../arm-none-eabi/lib/thumb/v7e-m/fpv4-sp/hard\libc_nano.a(lib_a-init.o)
                              c:/program files (x86)/stm32cubeide_1.0.2/stm32cubeide/plugins/com.st.stm32cube.ide.mcu.externaltools.gnu-tools-for-stm32.7-2018-q2-update.win32_1.0.0.201904181610/tools/bin/../lib/gcc/arm-none-eabi/7.3.1/../../../../arm-none-eabi/lib/thumb/v7e-m/fpv4-sp/hard/crt0.o (__libc_init_array)
c:/program files (x86)/stm32cubeide_1.0.2/stm32cubeide/plugins/com.st.stm32cube.ide.mcu.externaltools.gnu-tools-for-stm32.7-2018-q2-update.win32_1.0.0.201904181610/tools/bin/../lib/gcc/arm-none-eabi/7.3.1/../../../../arm-none-eabi/lib/thumb/v7e-m/fpv4-sp/hard\libc_nano.a(lib_a-memset.o)
                              c:/program files (x86)/stm32cubeide_1.0.2/stm32cubeide/plugins/com.st.stm32cube.ide.mcu.externaltools.gnu-tools-for-stm32.7-2018-q2-update.win32_1.0.0.201904181610/tools/bin/../lib/gcc/arm-none-eabi/7.3.1/../../../../arm-none-eabi/lib/thumb/v7e-m/fpv4-sp/hard/crt0.o (memset)
c:/program files (x86)/stm32cubeide_1.0.2/stm32cubeide/plugins/com.st.stm32cube.ide.mcu.externaltools.gnu-tools-for-stm32.7-2018-q2-update.win32_1.0.0.201904181610/tools/bin/../lib/gcc/arm-none-eabi/7.3.1/thumb/v7e-m/fpv4-sp/hard\libgcc.a(_aeabi_uldivmod.o)
                              Drivers/STM32F4xx_HAL_Driver/Src/stm32f4xx_hal_rcc.o (__aeabi_uldivmod)
c:/program files (x86)/stm32cubeide_1.0.2/stm32cubeide/plugins/com.st.stm32cube.ide.mcu.externaltools.gnu-tools-for-stm32.7-2018-q2-update.win32_1.0.0.201904181610/tools/bin/../lib/gcc/arm-none-eabi/7.3.1/thumb/v7e-m/fpv4-sp/hard\libgcc.a(_udivmoddi4.o)
                              c:/program files (x86)/stm32cubeide_1.0.2/stm32cubeide/plugins/com.st.stm32cube.ide.mcu.externaltools.gnu-tools-for-stm32.7-2018-q2-update.win32_1.0.0.201904181610/tools/bin/../lib/gcc/arm-none-eabi/7.3.1/thumb/v7e-m/fpv4-sp/hard\libgcc.a(_aeabi_uldivmod.o) (__udivmoddi4)
c:/program files (x86)/stm32cubeide_1.0.2/stm32cubeide/plugins/com.st.stm32cube.ide.mcu.externaltools.gnu-tools-for-stm32.7-2018-q2-update.win32_1.0.0.201904181610/tools/bin/../lib/gcc/arm-none-eabi/7.3.1/thumb/v7e-m/fpv4-sp/hard\libgcc.a(_dvmd_tls.o)
                              c:/program files (x86)/stm32cubeide_1.0.2/stm32cubeide/plugins/com.st.stm32cube.ide.mcu.externaltools.gnu-tools-for-stm32.7-2018-q2-update.win32_1.0.0.201904181610/tools/bin/../lib/gcc/arm-none-eabi/7.3.1/thumb/v7e-m/fpv4-sp/hard\libgcc.a(_aeabi_uldivmod.o) (__aeabi_ldiv0)

Allocating common symbols
Common symbol       size              file

uwTick              0x4               Drivers/STM32F4xx_HAL_Driver/Src/stm32f4xx_hal.o
pFlash              0x20              Drivers/STM32F4xx_HAL_Driver/Src/stm32f4xx_hal_flash.o

Discarded input sections

 .text          0x0000000000000000        0x0 c:/program files (x86)/stm32cubeide_1.0.2/stm32cubeide/plugins/com.st.stm32cube.ide.mcu.externaltools.gnu-tools-for-stm32.7-2018-q2-update.win32_1.0.0.201904181610/tools/bin/../lib/gcc/arm-none-eabi/7.3.1/thumb/v7e-m/fpv4-sp/hard/crti.o
[...]
Memory Configuration

Name             Origin             Length             Attributes
CCMRAM           0x0000000010000000 0x0000000000010000 xrw
RAM              0x0000000020000000 0x0000000000020000 xrw
FLASH            0x0000000008000000 0x0000000000100000 xr
*default*        0x0000000000000000 0xffffffffffffffff

Linker script and memory map

LOAD c:/program files (x86)/stm32cubeide_1.0.2/stm32cubeide/plugins/com.st.stm32cube.ide.mcu.externaltools.gnu-tools-for-stm32.7-2018-q2-update.win32_1.0.0.201904181610/tools/bin/../lib/gcc/arm-none-eabi/7.3.1/thumb/v7e-m/fpv4-sp/hard/crti.o
LOAD c:/program files (x86)/stm32cubeide_1.0.2/stm32cubeide/plugins/com.st.stm32cube.ide.mcu.externaltools.gnu-tools-for-stm32.7-2018-q2-update.win32_1.0.0.201904181610/tools/bin/../lib/gcc/arm-none-eabi/7.3.1/thumb/v7e-m/fpv4-sp/hard/crtbegin.o
LOAD c:/program files (x86)/stm32cubeide_1.0.2/stm32cubeide/plugins/com.st.stm32cube.ide.mcu.externaltools.gnu-tools-for-stm32.7-2018-q2-update.win32_1.0.0.201904181610/tools/bin/../lib/gcc/arm-none-eabi/7.3.1/../../../../arm-none-eabi/lib/thumb/v7e-m/fpv4-sp/hard/crt0.o
LOAD Drivers/STM32F4xx_HAL_Driver/Src/stm32f4xx_hal.o
LOAD Drivers/STM32F4xx_HAL_Driver/Src/stm32f4xx_hal_cortex.o
LOAD Drivers/STM32F4xx_HAL_Driver/Src/stm32f4xx_hal_dma.o
LOAD Drivers/STM32F4xx_HAL_Driver/Src/stm32f4xx_hal_dma_ex.o
LOAD Drivers/STM32F4xx_HAL_Driver/Src/stm32f4xx_hal_exti.o
LOAD Drivers/STM32F4xx_HAL_Driver/Src/stm32f4xx_hal_flash.o
LOAD Drivers/STM32F4xx_HAL_Driver/Src/stm32f4xx_hal_flash_ex.o
LOAD Drivers/STM32F4xx_HAL_Driver/Src/stm32f4xx_hal_flash_ramfunc.o
LOAD Drivers/STM32F4xx_HAL_Driver/Src/stm32f4xx_hal_gpio.o
LOAD Drivers/STM32F4xx_HAL_Driver/Src/stm32f4xx_hal_pwr.o
LOAD Drivers/STM32F4xx_HAL_Driver/Src/stm32f4xx_hal_pwr_ex.o
LOAD Drivers/STM32F4xx_HAL_Driver/Src/stm32f4xx_hal_rcc.o
LOAD Drivers/STM32F4xx_HAL_Driver/Src/stm32f4xx_hal_rcc_ex.o
LOAD Drivers/STM32F4xx_HAL_Driver/Src/stm32f4xx_hal_tim.o
LOAD Drivers/STM32F4xx_HAL_Driver/Src/stm32f4xx_hal_tim_ex.o
LOAD Src/My_UART.o
LOAD Src/main.o
LOAD Src/stm32f4xx_hal_msp.o
LOAD Src/stm32f4xx_it.o
LOAD Src/syscalls.o
LOAD Src/sysmem.o
LOAD Src/system_stm32f4xx.o
LOAD Startup/startup_stm32f407vgtx.o
START GROUP
LOAD c:/program files (x86)/stm32cubeide_1.0.2/stm32cubeide/plugins/com.st.stm32cube.ide.mcu.externaltools.gnu-tools-for-stm32.7-2018-q2-update.win32_1.0.0.201904181610/tools/bin/../lib/gcc/arm-none-eabi/7.3.1/../../../../arm-none-eabi/lib/thumb/v7e-m/fpv4-sp/hard\libstdc++_nano.a
LOAD c:/program files (x86)/stm32cubeide_1.0.2/stm32cubeide/plugins/com.st.stm32cube.ide.mcu.externaltools.gnu-tools-for-stm32.7-2018-q2-update.win32_1.0.0.201904181610/tools/bin/../lib/gcc/arm-none-eabi/7.3.1/../../../../arm-none-eabi/lib/thumb/v7e-m/fpv4-sp/hard\libsupc++_nano.a
END GROUP
LOAD c:/program files (x86)/stm32cubeide_1.0.2/stm32cubeide/plugins/com.st.stm32cube.ide.mcu.externaltools.gnu-tools-for-stm32.7-2018-q2-update.win32_1.0.0.201904181610/tools/bin/../lib/gcc/arm-none-eabi/7.3.1/../../../../arm-none-eabi/lib/thumb/v7e-m/fpv4-sp/hard\libstdc++_nano.a
LOAD c:/program files (x86)/stm32cubeide_1.0.2/stm32cubeide/plugins/com.st.stm32cube.ide.mcu.externaltools.gnu-tools-for-stm32.7-2018-q2-update.win32_1.0.0.201904181610/tools/bin/../lib/gcc/arm-none-eabi/7.3.1/../../../../arm-none-eabi/lib/thumb/v7e-m/fpv4-sp/hard\libm.a
LOAD c:/program files (x86)/stm32cubeide_1.0.2/stm32cubeide/plugins/com.st.stm32cube.ide.mcu.externaltools.gnu-tools-for-stm32.7-2018-q2-update.win32_1.0.0.201904181610/tools/bin/../lib/gcc/arm-none-eabi/7.3.1/../../../../arm-none-eabi/lib/thumb/v7e-m/fpv4-sp/hard\libc_nano.a
START GROUP
LOAD c:/program files (x86)/stm32cubeide_1.0.2/stm32cubeide/plugins/com.st.stm32cube.ide.mcu.externaltools.gnu-tools-for-stm32.7-2018-q2-update.win32_1.0.0.201904181610/tools/bin/../lib/gcc/arm-none-eabi/7.3.1/thumb/v7e-m/fpv4-sp/hard\libgcc.a
LOAD c:/program files (x86)/stm32cubeide_1.0.2/stm32cubeide/plugins/com.st.stm32cube.ide.mcu.externaltools.gnu-tools-for-stm32.7-2018-q2-update.win32_1.0.0.201904181610/tools/bin/../lib/gcc/arm-none-eabi/7.3.1/../../../../arm-none-eabi/lib/thumb/v7e-m/fpv4-sp/hard\libc_nano.a
END GROUP
START GROUP
LOAD c:/program files (x86)/stm32cubeide_1.0.2/stm32cubeide/plugins/com.st.stm32cube.ide.mcu.externaltools.gnu-tools-for-stm32.7-2018-q2-update.win32_1.0.0.201904181610/tools/bin/../lib/gcc/arm-none-eabi/7.3.1/thumb/v7e-m/fpv4-sp/hard\libgcc.a
LOAD c:/program files (x86)/stm32cubeide_1.0.2/stm32cubeide/plugins/com.st.stm32cube.ide.mcu.externaltools.gnu-tools-for-stm32.7-2018-q2-update.win32_1.0.0.201904181610/tools/bin/../lib/gcc/arm-none-eabi/7.3.1/../../../../arm-none-eabi/lib/thumb/v7e-m/fpv4-sp/hard\libc_nano.a
LOAD c:/program files (x86)/stm32cubeide_1.0.2/stm32cubeide/plugins/com.st.stm32cube.ide.mcu.externaltools.gnu-tools-for-stm32.7-2018-q2-update.win32_1.0.0.201904181610/tools/bin/../lib/gcc/arm-none-eabi/7.3.1/../../../../arm-none-eabi/lib/thumb/v7e-m/fpv4-sp/hard\libnosys.a
END GROUP
START GROUP
LOAD c:/program files (x86)/stm32cubeide_1.0.2/stm32cubeide/plugins/com.st.stm32cube.ide.mcu.externaltools.gnu-tools-for-stm32.7-2018-q2-update.win32_1.0.0.201904181610/tools/bin/../lib/gcc/arm-none-eabi/7.3.1/thumb/v7e-m/fpv4-sp/hard\libgcc.a
LOAD c:/program files (x86)/stm32cubeide_1.0.2/stm32cubeide/plugins/com.st.stm32cube.ide.mcu.externaltools.gnu-tools-for-stm32.7-2018-q2-update.win32_1.0.0.201904181610/tools/bin/../lib/gcc/arm-none-eabi/7.3.1/../../../../arm-none-eabi/lib/thumb/v7e-m/fpv4-sp/hard\libc_nano.a
LOAD c:/program files (x86)/stm32cubeide_1.0.2/stm32cubeide/plugins/com.st.stm32cube.ide.mcu.externaltools.gnu-tools-for-stm32.7-2018-q2-update.win32_1.0.0.201904181610/tools/bin/../lib/gcc/arm-none-eabi/7.3.1/../../../../arm-none-eabi/lib/thumb/v7e-m/fpv4-sp/hard\libnosys.a
END GROUP
LOAD c:/program files (x86)/stm32cubeide_1.0.2/stm32cubeide/plugins/com.st.stm32cube.ide.mcu.externaltools.gnu-tools-for-stm32.7-2018-q2-update.win32_1.0.0.201904181610/tools/bin/../lib/gcc/arm-none-eabi/7.3.1/thumb/v7e-m/fpv4-sp/hard/crtend.o
LOAD c:/program files (x86)/stm32cubeide_1.0.2/stm32cubeide/plugins/com.st.stm32cube.ide.mcu.externaltools.gnu-tools-for-stm32.7-2018-q2-update.win32_1.0.0.201904181610/tools/bin/../lib/gcc/arm-none-eabi/7.3.1/thumb/v7e-m/fpv4-sp/hard/crtn.o
                0x0000000020020000                _estack = 0x20020000
                0x0000000000000200                _Min_Heap_Size = 0x200
                0x0000000000000400                _Min_Stack_Size = 0x400

.isr_vector     0x0000000008000000      0x188
                0x0000000008000000                . = ALIGN (0x4)
 *(.isr_vector)
 .isr_vector    0x0000000008000000      0x188 Startup/startup_stm32f407vgtx.o
                0x0000000008000000                g_pfnVectors
                0x0000000008000188                . = ALIGN (0x4)

.text           0x0000000008000188     0x25f0
                0x0000000008000188                . = ALIGN (0x4)
 *(.text)
 .text          0x0000000008000188       0x40 c:/program files (x86)/stm32cubeide_1.0.2/stm32cubeide/plugins/com.st.stm32cube.ide.mcu.externaltools.gnu-tools-for-stm32.7-2018-q2-update.win32_1.0.0.201904181610/tools/bin/../lib/gcc/arm-none-eabi/7.3.1/thumb/v7e-m/fpv4-sp/hard/crtbegin.o
 .text          0x00000000080001c8       0x30 c:/program files (x86)/stm32cubeide_1.0.2/stm32cubeide/plugins/com.st.stm32cube.ide.mcu.externaltools.gnu-tools-for-stm32.7-2018-q2-update.win32_1.0.0.201904181610/tools/bin/../lib/gcc/arm-none-eabi/7.3.1/thumb/v7e-m/fpv4-sp/hard\libgcc.a(_aeabi_uldivmod.o)
                0x00000000080001c8                __aeabi_uldivmod
 .text          0x00000000080001f8      0x2cc c:/program files (x86)/stm32cubeide_1.0.2/stm32cubeide/plugins/com.st.stm32cube.ide.mcu.externaltools.gnu-tools-for-stm32.7-2018-q2-update.win32_1.0.0.201904181610/tools/bin/../lib/gcc/arm-none-eabi/7.3.1/thumb/v7e-m/fpv4-sp/hard\libgcc.a(_udivmoddi4.o)
                0x00000000080001f8                __udivmoddi4
 .text          0x00000000080004c4        0x4 c:/program files (x86)/stm32cubeide_1.0.2/stm32cubeide/plugins/com.st.stm32cube.ide.mcu.externaltools.gnu-tools-for-stm32.7-2018-q2-update.win32_1.0.0.201904181610/tools/bin/../lib/gcc/arm-none-eabi/7.3.1/thumb/v7e-m/fpv4-sp/hard\libgcc.a(_dvmd_tls.o)
                0x00000000080004c4                __aeabi_idiv0
                0x00000000080004c4                __aeabi_ldiv0
 *(.text*)
 .text.HAL_Init
                0x00000000080004c8       0x44 Drivers/STM32F4xx_HAL_Driver/Src/stm32f4xx_hal.o
                0x00000000080004c8                HAL_Init
 .text.HAL_InitTick
                0x000000000800050c       0x60 Drivers/STM32F4xx_HAL_Driver/Src/stm32f4xx_hal.o
                0x000000000800050c                HAL_InitTick
 .text.HAL_IncTick
                0x000000000800056c       0x28 Drivers/STM32F4xx_HAL_Driver/Src/stm32f4xx_hal.o
                0x000000000800056c                HAL_IncTick
 .text.HAL_GetTick
                0x0000000008000594       0x18 Drivers/STM32F4xx_HAL_Driver/Src/stm32f4xx_hal.o
                0x0000000008000594                HAL_GetTick
 .text.HAL_Delay
                0x00000000080005ac       0x44 Drivers/STM32F4xx_HAL_Driver/Src/stm32f4xx_hal.o
                0x00000000080005ac                HAL_Delay
 .text.__NVIC_SetPriorityGrouping
                0x00000000080005f0       0x48 Drivers/STM32F4xx_HAL_Driver/Src/stm32f4xx_hal_cortex.o
 .text.__NVIC_GetPriorityGrouping
                0x0000000008000638       0x1c Drivers/STM32F4xx_HAL_Driver/Src/stm32f4xx_hal_cortex.o
 .text.__NVIC_EnableIRQ
                0x0000000008000654       0x3c Drivers/STM32F4xx_HAL_Driver/Src/stm32f4xx_hal_cortex.o
 .text.__NVIC_SetPriority
                0x0000000008000690       0x54 Drivers/STM32F4xx_HAL_Driver/Src/stm32f4xx_hal_cortex.o
 .text.NVIC_EncodePriority
                0x00000000080006e4       0x66 Drivers/STM32F4xx_HAL_Driver/Src/stm32f4xx_hal_cortex.o
 *fill*         0x000000000800074a        0x2 
 .text.SysTick_Config
                0x000000000800074c       0x44 Drivers/STM32F4xx_HAL_Driver/Src/stm32f4xx_hal_cortex.o
 .text.HAL_NVIC_SetPriorityGrouping
                0x0000000008000790       0x16 Drivers/STM32F4xx_HAL_Driver/Src/stm32f4xx_hal_cortex.o
                0x0000000008000790                HAL_NVIC_SetPriorityGrouping
 .text.HAL_NVIC_SetPriority
                0x00000000080007a6       0x38 Drivers/STM32F4xx_HAL_Driver/Src/stm32f4xx_hal_cortex.o
                0x00000000080007a6                HAL_NVIC_SetPriority
 .text.HAL_NVIC_EnableIRQ
                0x00000000080007de       0x1c Drivers/STM32F4xx_HAL_Driver/Src/stm32f4xx_hal_cortex.o
                0x00000000080007de                HAL_NVIC_EnableIRQ
 .text.HAL_SYSTICK_Config
                0x00000000080007fa       0x18 Drivers/STM32F4xx_HAL_Driver/Src/stm32f4xx_hal_cortex.o
                0x00000000080007fa                HAL_SYSTICK_Config
 *fill*         0x0000000008000812        0x2 
 .text.HAL_GPIO_Init
                0x0000000008000814      0x334 Drivers/STM32F4xx_HAL_Driver/Src/stm32f4xx_hal_gpio.o
                0x0000000008000814                HAL_GPIO_Init
 .text.HAL_GPIO_ReadPin
                0x0000000008000b48       0x30 Drivers/STM32F4xx_HAL_Driver/Src/stm32f4xx_hal_gpio.o
                0x0000000008000b48                HAL_GPIO_ReadPin
 .text.HAL_GPIO_WritePin
                0x0000000008000b78       0x32 Drivers/STM32F4xx_HAL_Driver/Src/stm32f4xx_hal_gpio.o
                0x0000000008000b78                HAL_GPIO_WritePin
 *fill*         0x0000000008000baa        0x2 
 .text.HAL_RCC_OscConfig
                0x0000000008000bac      0x4e0 Drivers/STM32F4xx_HAL_Driver/Src/stm32f4xx_hal_rcc.o
                0x0000000008000bac                HAL_RCC_OscConfig
 .text.HAL_RCC_ClockConfig
                0x000000000800108c      0x1cc Drivers/STM32F4xx_HAL_Driver/Src/stm32f4xx_hal_rcc.o
                0x000000000800108c                HAL_RCC_ClockConfig
 .text.HAL_RCC_GetSysClockFreq
                0x0000000008001258      0x1b0 Drivers/STM32F4xx_HAL_Driver/Src/stm32f4xx_hal_rcc.o
                0x0000000008001258                HAL_RCC_GetSysClockFreq
 .text.HAL_TIM_Base_Init
                0x0000000008001408       0x56 Drivers/STM32F4xx_HAL_Driver/Src/stm32f4xx_hal_tim.o
                0x0000000008001408                HAL_TIM_Base_Init
 .text.HAL_TIM_Base_Stop_IT
                0x000000000800145e       0x56 Drivers/STM32F4xx_HAL_Driver/Src/stm32f4xx_hal_tim.o
                0x000000000800145e                HAL_TIM_Base_Stop_IT
 .text.HAL_TIM_IRQHandler
                0x00000000080014b4      0x210 Drivers/STM32F4xx_HAL_Driver/Src/stm32f4xx_hal_tim.o
                0x00000000080014b4                HAL_TIM_IRQHandler
 .text.HAL_TIM_ConfigClockSource
                0x00000000080016c4      0x16e Drivers/STM32F4xx_HAL_Driver/Src/stm32f4xx_hal_tim.o
                0x00000000080016c4                HAL_TIM_ConfigClockSource
 .text.HAL_TIM_PeriodElapsedCallback
                0x0000000008001832       0x14 Drivers/STM32F4xx_HAL_Driver/Src/stm32f4xx_hal_tim.o
                0x0000000008001832                HAL_TIM_PeriodElapsedCallback
 .text.HAL_TIM_OC_DelayElapsedCallback
                0x0000000008001846       0x14 Drivers/STM32F4xx_HAL_Driver/Src/stm32f4xx_hal_tim.o
                0x0000000008001846                HAL_TIM_OC_DelayElapsedCallback
 .text.HAL_TIM_IC_CaptureCallback
                0x000000000800185a       0x14 Drivers/STM32F4xx_HAL_Driver/Src/stm32f4xx_hal_tim.o
                0x000000000800185a                HAL_TIM_IC_CaptureCallback
 .text.HAL_TIM_PWM_PulseFinishedCallback
                0x000000000800186e       0x14 Drivers/STM32F4xx_HAL_Driver/Src/stm32f4xx_hal_tim.o
                0x000000000800186e                HAL_TIM_PWM_PulseFinishedCallback
 .text.HAL_TIM_TriggerCallback
                0x0000000008001882       0x14 Drivers/STM32F4xx_HAL_Driver/Src/stm32f4xx_hal_tim.o
                0x0000000008001882                HAL_TIM_TriggerCallback
 *fill*         0x0000000008001896        0x2 
 .text.TIM_Base_SetConfig
                0x0000000008001898      0x140 Drivers/STM32F4xx_HAL_Driver/Src/stm32f4xx_hal_tim.o
                0x0000000008001898                TIM_Base_SetConfig
 .text.TIM_TI1_ConfigInputStage
                0x00000000080019d8       0x5e Drivers/STM32F4xx_HAL_Driver/Src/stm32f4xx_hal_tim.o
 .text.TIM_TI2_ConfigInputStage
                0x0000000008001a36       0x60 Drivers/STM32F4xx_HAL_Driver/Src/stm32f4xx_hal_tim.o
 .text.TIM_ITRx_SetConfig
                0x0000000008001a96       0x36 Drivers/STM32F4xx_HAL_Driver/Src/stm32f4xx_hal_tim.o
 .text.TIM_ETR_SetConfig
                0x0000000008001acc       0x40 Drivers/STM32F4xx_HAL_Driver/Src/stm32f4xx_hal_tim.o
                0x0000000008001acc                TIM_ETR_SetConfig
 .text.HAL_TIMEx_MasterConfigSynchronization
                0x0000000008001b0c       0xf8 Drivers/STM32F4xx_HAL_Driver/Src/stm32f4xx_hal_tim_ex.o
                0x0000000008001b0c                HAL_TIMEx_MasterConfigSynchronization
 .text.HAL_TIMEx_CommutCallback
                0x0000000008001c04       0x14 Drivers/STM32F4xx_HAL_Driver/Src/stm32f4xx_hal_tim_ex.o
                0x0000000008001c04                HAL_TIMEx_CommutCallback
 .text.HAL_TIMEx_BreakCallback
                0x0000000008001c18       0x14 Drivers/STM32F4xx_HAL_Driver/Src/stm32f4xx_hal_tim_ex.o
                0x0000000008001c18                HAL_TIMEx_BreakCallback
 .text._ZN4UARTC2EP12GPIO_TypeDefmS1_m
                0x0000000008001c2c      0x1b0 Src/My_UART.o
                0x0000000008001c2c                UART::UART(GPIO_TypeDef*, unsigned long, GPIO_TypeDef*, unsigned long)
                0x0000000008001c2c                UART::UART(GPIO_TypeDef*, unsigned long, GPIO_TypeDef*, unsigned long)
 .text._ZN4UART11setBaudRateEm
                0x0000000008001ddc      0x16c Src/My_UART.o
                0x0000000008001ddc                UART::setBaudRate(unsigned long)
 .text._ZN4UART5delayEv
                0x0000000008001f48       0x30 Src/My_UART.o
                0x0000000008001f48                UART::delay()
 .text._ZN4UART11delay_startEv
                0x0000000008001f78       0x30 Src/My_UART.o
                0x0000000008001f78                UART::delay_start()
 .text._ZN4UART9readDelayEv
                0x0000000008001fa8       0x30 Src/My_UART.o
                0x0000000008001fa8                UART::readDelay()
 .text._ZN4UART16firstSampleDelayEv
                0x0000000008001fd8       0x34 Src/My_UART.o
                0x0000000008001fd8                UART::firstSampleDelay()
 .text._ZN4UART4IDLEEv
                0x000000000800200c       0x1e Src/My_UART.o
                0x000000000800200c                UART::IDLE()
 .text._ZN4UART14startConditionEv
                0x000000000800202a       0x22 Src/My_UART.o
                0x000000000800202a                UART::startCondition()
 .text._ZN4UART13stopConditionEv
                0x000000000800204c       0x20 Src/My_UART.o
                0x000000000800204c                UART::stopCondition()
 .text._ZN4UART8sendDataEh
                0x000000000800206c       0x54 Src/My_UART.o
                0x000000000800206c                UART::sendData(unsigned char)
 .text._ZN4UART13Uart_TransmitEPhm
                0x00000000080020c0       0x4a Src/My_UART.o
                0x00000000080020c0                UART::Uart_Transmit(unsigned char*, unsigned long)
 .text._ZN4UART11receiveByteEv
                0x000000000800210a       0x62 Src/My_UART.o
                0x000000000800210a                UART::receiveByte()
 .text._ZN4UART12Uart_ReceiveEPhht
                0x000000000800216c      0x148 Src/My_UART.o
                0x000000000800216c                UART::Uart_Receive(unsigned char*, unsigned char, unsigned short)
 .text.main     0x00000000080022b4       0xac Src/main.o
                0x00000000080022b4                main
 .text._Z18SystemClock_Configv
                0x0000000008002360       0xe8 Src/main.o
                0x0000000008002360                SystemClock_Config()
 .text._ZL12MX_TIM2_Initv
                0x0000000008002448       0xb4 Src/main.o
 .text._ZL12MX_GPIO_Initv
                0x00000000080024fc       0x34 Src/main.o
 .text.Error_Handler
                0x0000000008002530        0xe Src/main.o
                0x0000000008002530                Error_Handler
 *fill*         0x000000000800253e        0x2 
 .text.HAL_MspInit
                0x0000000008002540       0x50 Src/stm32f4xx_hal_msp.o
                0x0000000008002540                HAL_MspInit
 .text.HAL_TIM_Base_MspInit
                0x0000000008002590       0x4c Src/stm32f4xx_hal_msp.o
                0x0000000008002590                HAL_TIM_Base_MspInit
 .text.NMI_Handler
                0x00000000080025dc        0xe Src/stm32f4xx_it.o
                0x00000000080025dc                NMI_Handler
 .text.HardFault_Handler
                0x00000000080025ea        0x6 Src/stm32f4xx_it.o
                0x00000000080025ea                HardFault_Handler
 .text.MemManage_Handler
                0x00000000080025f0        0x6 Src/stm32f4xx_it.o
                0x00000000080025f0                MemManage_Handler
 .text.BusFault_Handler
                0x00000000080025f6        0x6 Src/stm32f4xx_it.o
                0x00000000080025f6                BusFault_Handler
 .text.UsageFault_Handler
                0x00000000080025fc        0x6 Src/stm32f4xx_it.o
                0x00000000080025fc                UsageFault_Handler
 .text.SVC_Handler
                0x0000000008002602        0xe Src/stm32f4xx_it.o
                0x0000000008002602                SVC_Handler
 .text.DebugMon_Handler
                0x0000000008002610        0xe Src/stm32f4xx_it.o
                0x0000000008002610                DebugMon_Handler
 .text.PendSV_Handler
                0x000000000800261e        0xe Src/stm32f4xx_it.o
                0x000000000800261e                PendSV_Handler
 .text.SysTick_Handler
                0x000000000800262c       0x3c Src/stm32f4xx_it.o
                0x000000000800262c                SysTick_Handler
 .text.TIM2_IRQHandler
                0x0000000008002668       0x20 Src/stm32f4xx_it.o
                0x0000000008002668                TIM2_IRQHandler
 .text.SystemInit
                0x0000000008002688       0x2c Src/system_stm32f4xx.o
                0x0000000008002688                SystemInit
 .text.Reset_Handler
                0x00000000080026b4       0x50 Startup/startup_stm32f407vgtx.o
                0x00000000080026b4                Reset_Handler
 .text.Default_Handler
                0x0000000008002704        0x2 Startup/startup_stm32f407vgtx.o
                0x0000000008002704                RTC_Alarm_IRQHandler
                0x0000000008002704                HASH_RNG_IRQHandler
                0x0000000008002704                EXTI2_IRQHandler
                0x0000000008002704                TIM8_CC_IRQHandler
                0x0000000008002704                TIM1_CC_IRQHandler
                0x0000000008002704                DMA2_Stream5_IRQHandler
                0x0000000008002704                DMA1_Stream5_IRQHandler
                0x0000000008002704                PVD_IRQHandler
                0x0000000008002704                SDIO_IRQHandler
                0x0000000008002704                TAMP_STAMP_IRQHandler
                0x0000000008002704                CAN2_RX1_IRQHandler
                0x0000000008002704                EXTI3_IRQHandler
                0x0000000008002704                TIM8_TRG_COM_TIM14_IRQHandler
                0x0000000008002704                TIM1_UP_TIM10_IRQHandler
                0x0000000008002704                TIM8_UP_TIM13_IRQHandler
                0x0000000008002704                I2C3_ER_IRQHandler
                0x0000000008002704                EXTI0_IRQHandler
                0x0000000008002704                I2C2_EV_IRQHandler
                0x0000000008002704                DMA1_Stream2_IRQHandler
                0x0000000008002704                CAN1_RX0_IRQHandler
                0x0000000008002704                FPU_IRQHandler
                0x0000000008002704                OTG_HS_WKUP_IRQHandler
                0x0000000008002704                CAN2_SCE_IRQHandler
                0x0000000008002704                DMA2_Stream2_IRQHandler
                0x0000000008002704                SPI1_IRQHandler
                0x0000000008002704                TIM6_DAC_IRQHandler
                0x0000000008002704                TIM1_BRK_TIM9_IRQHandler
                0x0000000008002704                DCMI_IRQHandler
                0x0000000008002704                CAN2_RX0_IRQHandler
                0x0000000008002704                DMA2_Stream3_IRQHandler
                0x0000000008002704                USART6_IRQHandler
                0x0000000008002704                USART3_IRQHandler
                0x0000000008002704                CAN1_RX1_IRQHandler
                0x0000000008002704                UART5_IRQHandler
                0x0000000008002704                DMA2_Stream0_IRQHandler
                0x0000000008002704                TIM4_IRQHandler
                0x0000000008002704                I2C1_EV_IRQHandler
                0x0000000008002704                DMA1_Stream6_IRQHandler
                0x0000000008002704                DMA1_Stream1_IRQHandler
                0x0000000008002704                UART4_IRQHandler
                0x0000000008002704                TIM3_IRQHandler
                0x0000000008002704                RCC_IRQHandler
                0x0000000008002704                TIM8_BRK_TIM12_IRQHandler
                0x0000000008002704                Default_Handler
                0x0000000008002704                EXTI15_10_IRQHandler
                0x0000000008002704                ADC_IRQHandler
                0x0000000008002704                DMA1_Stream7_IRQHandler
                0x0000000008002704                TIM7_IRQHandler
                0x0000000008002704                CAN2_TX_IRQHandler
                0x0000000008002704                TIM5_IRQHandler
                0x0000000008002704                DMA2_Stream7_IRQHandler
                0x0000000008002704                I2C3_EV_IRQHandler
                0x0000000008002704                EXTI9_5_IRQHandler
                0x0000000008002704                RTC_WKUP_IRQHandler
                0x0000000008002704                ETH_WKUP_IRQHandler
                0x0000000008002704                SPI2_IRQHandler
                0x0000000008002704                OTG_HS_EP1_IN_IRQHandler
                0x0000000008002704                DMA1_Stream0_IRQHandler
                0x0000000008002704                CAN1_TX_IRQHandler
                0x0000000008002704                EXTI4_IRQHandler
                0x0000000008002704                FSMC_IRQHandler
                0x0000000008002704                ETH_IRQHandler
                0x0000000008002704                OTG_HS_EP1_OUT_IRQHandler
                0x0000000008002704                WWDG_IRQHandler
                0x0000000008002704                OTG_FS_WKUP_IRQHandler
                0x0000000008002704                TIM1_TRG_COM_TIM11_IRQHandler
                0x0000000008002704                OTG_HS_IRQHandler
                0x0000000008002704                EXTI1_IRQHandler
                0x0000000008002704                USART2_IRQHandler
                0x0000000008002704                I2C2_ER_IRQHandler
                0x0000000008002704                DMA2_Stream1_IRQHandler
                0x0000000008002704                CAN1_SCE_IRQHandler
                0x0000000008002704                FLASH_IRQHandler
                0x0000000008002704                DMA2_Stream4_IRQHandler
                0x0000000008002704                USART1_IRQHandler
                0x0000000008002704                OTG_FS_IRQHandler
                0x0000000008002704                SPI3_IRQHandler
                0x0000000008002704                DMA1_Stream4_IRQHandler
                0x0000000008002704                I2C1_ER_IRQHandler
                0x0000000008002704                DMA2_Stream6_IRQHandler
                0x0000000008002704                DMA1_Stream3_IRQHandler
 *fill*         0x0000000008002706        0x2 
 .text.__libc_init_array
                0x0000000008002708       0x48 c:/program files (x86)/stm32cubeide_1.0.2/stm32cubeide/plugins/com.st.stm32cube.ide.mcu.externaltools.gnu-tools-for-stm32.7-2018-q2-update.win32_1.0.0.201904181610/tools/bin/../lib/gcc/arm-none-eabi/7.3.1/../../../../arm-none-eabi/lib/thumb/v7e-m/fpv4-sp/hard\libc_nano.a(lib_a-init.o)
                0x0000000008002708                __libc_init_array
 .text.memset   0x0000000008002750       0x10 c:/program files (x86)/stm32cubeide_1.0.2/stm32cubeide/plugins/com.st.stm32cube.ide.mcu.externaltools.gnu-tools-for-stm32.7-2018-q2-update.win32_1.0.0.201904181610/tools/bin/../lib/gcc/arm-none-eabi/7.3.1/../../../../arm-none-eabi/lib/thumb/v7e-m/fpv4-sp/hard\libc_nano.a(lib_a-memset.o)
                0x0000000008002750                memset
 *(.glue_7)
 .glue_7        0x0000000008002760        0x0 linker stubs
 *(.glue_7t)
 .glue_7t       0x0000000008002760        0x0 linker stubs
 *(.eh_frame)
 .eh_frame      0x0000000008002760        0x0 c:/program files (x86)/stm32cubeide_1.0.2/stm32cubeide/plugins/com.st.stm32cube.ide.mcu.externaltools.gnu-tools-for-stm32.7-2018-q2-update.win32_1.0.0.201904181610/tools/bin/../lib/gcc/arm-none-eabi/7.3.1/thumb/v7e-m/fpv4-sp/hard/crtbegin.o
 *(.init)
 .init          0x0000000008002760        0x4 c:/program files (x86)/stm32cubeide_1.0.2/stm32cubeide/plugins/com.st.stm32cube.ide.mcu.externaltools.gnu-tools-for-stm32.7-2018-q2-update.win32_1.0.0.201904181610/tools/bin/../lib/gcc/arm-none-eabi/7.3.1/thumb/v7e-m/fpv4-sp/hard/crti.o
                0x0000000008002760                _init
 .init          0x0000000008002764        0x8 c:/program files (x86)/stm32cubeide_1.0.2/stm32cubeide/plugins/com.st.stm32cube.ide.mcu.externaltools.gnu-tools-for-stm32.7-2018-q2-update.win32_1.0.0.201904181610/tools/bin/../lib/gcc/arm-none-eabi/7.3.1/thumb/v7e-m/fpv4-sp/hard/crtn.o
 *(.fini)
 .fini          0x000000000800276c        0x4 c:/program files (x86)/stm32cubeide_1.0.2/stm32cubeide/plugins/com.st.stm32cube.ide.mcu.externaltools.gnu-tools-for-stm32.7-2018-q2-update.win32_1.0.0.201904181610/tools/bin/../lib/gcc/arm-none-eabi/7.3.1/thumb/v7e-m/fpv4-sp/hard/crti.o
                0x000000000800276c                _fini
 .fini          0x0000000008002770        0x8 c:/program files (x86)/stm32cubeide_1.0.2/stm32cubeide/plugins/com.st.stm32cube.ide.mcu.externaltools.gnu-tools-for-stm32.7-2018-q2-update.win32_1.0.0.201904181610/tools/bin/../lib/gcc/arm-none-eabi/7.3.1/thumb/v7e-m/fpv4-sp/hard/crtn.o
                0x0000000008002778                . = ALIGN (0x4)
                0x0000000008002778                _etext = .

.vfp11_veneer   0x0000000008002778        0x0
 .vfp11_veneer  0x0000000008002778        0x0 linker stubs

.v4_bx          0x0000000008002778        0x0
 .v4_bx         0x0000000008002778        0x0 linker stubs

.iplt           0x0000000008002778        0x0
 .iplt          0x0000000008002778        0x0 c:/program files (x86)/stm32cubeide_1.0.2/stm32cubeide/plugins/com.st.stm32cube.ide.mcu.externaltools.gnu-tools-for-stm32.7-2018-q2-update.win32_1.0.0.201904181610/tools/bin/../lib/gcc/arm-none-eabi/7.3.1/thumb/v7e-m/fpv4-sp/hard/crtbegin.o

.rodata         0x0000000008002778       0x1c
                0x0000000008002778                . = ALIGN (0x4)
 *(.rodata)
 .rodata        0x0000000008002778        0xc Src/main.o
 *(.rodata*)
 .rodata.AHBPrescTable
                0x0000000008002784       0x10 Src/system_stm32f4xx.o
                0x0000000008002784                AHBPrescTable
                0x0000000008002794                . = ALIGN (0x4)

.ARM.extab      0x0000000008002794        0x0
                0x0000000008002794                . = ALIGN (0x4)
 *(.ARM.extab* .gnu.linkonce.armextab.*)
                0x0000000008002794                . = ALIGN (0x4)

.ARM            0x0000000008002794        0x8
                0x0000000008002794                . = ALIGN (0x4)
                0x0000000008002794                __exidx_start = .
 *(.ARM.exidx*)
 .ARM.exidx     0x0000000008002794        0x8 c:/program files (x86)/stm32cubeide_1.0.2/stm32cubeide/plugins/com.st.stm32cube.ide.mcu.externaltools.gnu-tools-for-stm32.7-2018-q2-update.win32_1.0.0.201904181610/tools/bin/../lib/gcc/arm-none-eabi/7.3.1/thumb/v7e-m/fpv4-sp/hard\libgcc.a(_udivmoddi4.o)
                0x000000000800279c                __exidx_end = .
                0x000000000800279c                . = ALIGN (0x4)

.rel.dyn        0x000000000800279c        0x0
 .rel.iplt      0x000000000800279c        0x0 c:/program files (x86)/stm32cubeide_1.0.2/stm32cubeide/plugins/com.st.stm32cube.ide.mcu.externaltools.gnu-tools-for-stm32.7-2018-q2-update.win32_1.0.0.201904181610/tools/bin/../lib/gcc/arm-none-eabi/7.3.1/thumb/v7e-m/fpv4-sp/hard/crtbegin.o

.preinit_array  0x000000000800279c        0x0
                0x000000000800279c                . = ALIGN (0x4)
                0x000000000800279c                PROVIDE (__preinit_array_start = .)
 *(.preinit_array*)
                0x000000000800279c                PROVIDE (__preinit_array_end = .)
                0x000000000800279c                . = ALIGN (0x4)

.init_array     0x000000000800279c        0x4
                0x000000000800279c                . = ALIGN (0x4)
                0x000000000800279c                PROVIDE (__init_array_start = .)
 *(SORT_BY_NAME(.init_array.*))
 *(.init_array*)
 .init_array    0x000000000800279c        0x4 c:/program files (x86)/stm32cubeide_1.0.2/stm32cubeide/plugins/com.st.stm32cube.ide.mcu.externaltools.gnu-tools-for-stm32.7-2018-q2-update.win32_1.0.0.201904181610/tools/bin/../lib/gcc/arm-none-eabi/7.3.1/thumb/v7e-m/fpv4-sp/hard/crtbegin.o
                0x00000000080027a0                PROVIDE (__init_array_end = .)
                0x00000000080027a0                . = ALIGN (0x4)

.fini_array     0x00000000080027a0        0x4
                0x00000000080027a0                . = ALIGN (0x4)
                [!provide]                        PROVIDE (__fini_array_start = .)
 *(SORT_BY_NAME(.fini_array.*))
 *(.fini_array*)
 .fini_array    0x00000000080027a0        0x4 c:/program files (x86)/stm32cubeide_1.0.2/stm32cubeide/plugins/com.st.stm32cube.ide.mcu.externaltools.gnu-tools-for-stm32.7-2018-q2-update.win32_1.0.0.201904181610/tools/bin/../lib/gcc/arm-none-eabi/7.3.1/thumb/v7e-m/fpv4-sp/hard/crtbegin.o
                [!provide]                        PROVIDE (__fini_array_end = .)
                0x00000000080027a4                . = ALIGN (0x4)
                0x00000000080027a4                _sidata = LOADADDR (.data)

.data           0x0000000020000000       0x48 load address 0x00000000080027a4
                0x0000000020000000                . = ALIGN (0x4)
                0x0000000020000000                _sdata = .
 *(.data)
 *(.data*)
 .data.uwTickPrio
                0x0000000020000000        0x4 Drivers/STM32F4xx_HAL_Driver/Src/stm32f4xx_hal.o
                0x0000000020000000                uwTickPrio
 .data.uwTickFreq
                0x0000000020000004        0x1 Drivers/STM32F4xx_HAL_Driver/Src/stm32f4xx_hal.o
                0x0000000020000004                uwTickFreq
 *fill*         0x0000000020000005        0x3 
 .data.cofficients
                0x0000000020000008       0x28 Src/My_UART.o
                0x0000000020000008                cofficients
 .data.delayTime
                0x0000000020000030        0x4 Src/My_UART.o
                0x0000000020000030                delayTime
 .data.ReaddelayTime
                0x0000000020000034        0x4 Src/My_UART.o
                0x0000000020000034                ReaddelayTime
 .data.WriteCoefficient1
                0x0000000020000038        0x2 Src/My_UART.o
                0x0000000020000038                WriteCoefficient1
 .data.WriteCoefficient2
                0x000000002000003a        0x2 Src/My_UART.o
                0x000000002000003a                WriteCoefficient2
 .data.ReadCoefficient1
                0x000000002000003c        0x2 Src/My_UART.o
                0x000000002000003c                ReadCoefficient1
 .data.ReadCoefficient2
                0x000000002000003e        0x2 Src/My_UART.o
                0x000000002000003e                ReadCoefficient2
 .data.sendUart
                0x0000000020000040        0x1 Src/main.o
                0x0000000020000040                sendUart
 *fill*         0x0000000020000041        0x3 
 .data.SystemCoreClock
                0x0000000020000044        0x4 Src/system_stm32f4xx.o
                0x0000000020000044                SystemCoreClock
                0x0000000020000048                . = ALIGN (0x4)
                0x0000000020000048                _edata = .

.igot.plt       0x0000000020000048        0x0 load address 0x00000000080027ec
 .igot.plt      0x0000000020000048        0x0 c:/program files (x86)/stm32cubeide_1.0.2/stm32cubeide/plugins/com.st.stm32cube.ide.mcu.externaltools.gnu-tools-for-stm32.7-2018-q2-update.win32_1.0.0.201904181610/tools/bin/../lib/gcc/arm-none-eabi/7.3.1/thumb/v7e-m/fpv4-sp/hard/crtbegin.o
                0x0000000020000048                . = ALIGN (0x4)

.bss            0x0000000020000048       0xb8 load address 0x00000000080027ec
                0x0000000020000048                _sbss = .
                0x0000000020000048                __bss_start__ = _sbss
 *(.bss)
 .bss           0x0000000020000048       0x1c c:/program files (x86)/stm32cubeide_1.0.2/stm32cubeide/plugins/com.st.stm32cube.ide.mcu.externaltools.gnu-tools-for-stm32.7-2018-q2-update.win32_1.0.0.201904181610/tools/bin/../lib/gcc/arm-none-eabi/7.3.1/thumb/v7e-m/fpv4-sp/hard/crtbegin.o
 *(.bss*)
 .bss.TxPinInit
                0x0000000020000064       0x14 Src/My_UART.o
                0x0000000020000064                TxPinInit
 .bss.RxPinInit
                0x0000000020000078       0x14 Src/My_UART.o
                0x0000000020000078                RxPinInit
 .bss.time      0x000000002000008c        0x4 Src/My_UART.o
                0x000000002000008c                time
 .bss.delayTimeStart
                0x0000000020000090        0x4 Src/My_UART.o
                0x0000000020000090                delayTimeStart
 .bss.ReaddelayTimeStart
                0x0000000020000094        0x4 Src/My_UART.o
                0x0000000020000094                ReaddelayTimeStart
 .bss.systemClockFrequency
                0x0000000020000098        0x4 Src/My_UART.o
                0x0000000020000098                systemClockFrequency
 .bss.debug     0x000000002000009c        0x1 Src/My_UART.o
                0x000000002000009c                debug
 *fill*         0x000000002000009d        0x3 
 .bss.seconds   0x00000000200000a0        0x4 Src/main.o
                0x00000000200000a0                seconds
 .bss.miliseconds
                0x00000000200000a4        0x4 Src/main.o
                0x00000000200000a4                miliseconds
 .bss.sendDatas
                0x00000000200000a8       0x14 Src/main.o
                0x00000000200000a8                sendDatas
 .bss.htim2     0x00000000200000bc       0x40 Src/main.o
                0x00000000200000bc                htim2
 *(COMMON)
 COMMON         0x00000000200000fc        0x4 Drivers/STM32F4xx_HAL_Driver/Src/stm32f4xx_hal.o
                0x00000000200000fc                uwTick
                0x0000000020000100                . = ALIGN (0x4)
                0x0000000020000100                _ebss = .
                0x0000000020000100                __bss_end__ = _ebss

._user_heap_stack
                0x0000000020000100      0x600 load address 0x00000000080027ec
                0x0000000020000100                . = ALIGN (0x8)
                0x0000000020000100                PROVIDE (end = .)
                [!provide]                        PROVIDE (_end = .)
                0x0000000020000300                . = (. + _Min_Heap_Size)
 *fill*         0x0000000020000100      0x200 
                0x0000000020000700                . = (. + _Min_Stack_Size)
 *fill*         0x0000000020000300      0x400 
                0x0000000020000700                . = ALIGN (0x8)

/DISCARD/
 libc.a(*)
 libm.a(*)
 libgcc.a(*)

.ARM.attributes
                0x0000000000000000       0x30
 *(.ARM.attributes)
 .ARM.attributes
                0x0000000000000000       0x22 c:/program files (x86)/stm32cubeide_1.0.2/stm32cubeide/plugins/com.st.stm32cube.ide.mcu.externaltools.gnu-tools-for-stm32.7-2018-q2-update.win32_1.0.0.201904181610/tools/bin/../lib/gcc/arm-none-eabi/7.3.1/thumb/v7e-m/fpv4-sp/hard/crti.o
 .ARM.attributes
                0x0000000000000022       0x34 c:/program files (x86)/stm32cubeide_1.0.2/stm32cubeide/plugins/com.st.stm32cube.ide.mcu.externaltools.gnu-tools-for-stm32.7-2018-q2-update.win32_1.0.0.201904181610/tools/bin/../lib/gcc/arm-none-eabi/7.3.1/thumb/v7e-m/fpv4-sp/hard/crtbegin.o
 .ARM.attributes
                0x0000000000000056       0x39 Drivers/STM32F4xx_HAL_Driver/Src/stm32f4xx_hal.o
 .ARM.attributes
                0x000000000000008f       0x39 Drivers/STM32F4xx_HAL_Driver/Src/stm32f4xx_hal_cortex.o
 .ARM.attributes
                0x00000000000000c8       0x39 Drivers/STM32F4xx_HAL_Driver/Src/stm32f4xx_hal_gpio.o
 .ARM.attributes
                0x0000000000000101       0x39 Drivers/STM32F4xx_HAL_Driver/Src/stm32f4xx_hal_rcc.o
 .ARM.attributes
                0x000000000000013a       0x39 Drivers/STM32F4xx_HAL_Driver/Src/stm32f4xx_hal_tim.o
 .ARM.attributes
                0x0000000000000173       0x39 Drivers/STM32F4xx_HAL_Driver/Src/stm32f4xx_hal_tim_ex.o
 .ARM.attributes
                0x00000000000001ac       0x39 Src/My_UART.o
 .ARM.attributes
                0x00000000000001e5       0x39 Src/main.o
 .ARM.attributes
                0x000000000000021e       0x39 Src/stm32f4xx_hal_msp.o
 .ARM.attributes
                0x0000000000000257       0x39 Src/stm32f4xx_it.o
 .ARM.attributes
                0x0000000000000290       0x39 Src/system_stm32f4xx.o
 .ARM.attributes
                0x00000000000002c9       0x21 Startup/startup_stm32f407vgtx.o
 .ARM.attributes
                0x00000000000002ea       0x34 c:/program files (x86)/stm32cubeide_1.0.2/stm32cubeide/plugins/com.st.stm32cube.ide.mcu.externaltools.gnu-tools-for-stm32.7-2018-q2-update.win32_1.0.0.201904181610/tools/bin/../lib/gcc/arm-none-eabi/7.3.1/../../../../arm-none-eabi/lib/thumb/v7e-m/fpv4-sp/hard\libc_nano.a(lib_a-init.o)
 .ARM.attributes
                0x000000000000031e       0x34 c:/program files (x86)/stm32cubeide_1.0.2/stm32cubeide/plugins/com.st.stm32cube.ide.mcu.externaltools.gnu-tools-for-stm32.7-2018-q2-update.win32_1.0.0.201904181610/tools/bin/../lib/gcc/arm-none-eabi/7.3.1/../../../../arm-none-eabi/lib/thumb/v7e-m/fpv4-sp/hard\libc_nano.a(lib_a-memset.o)
 .ARM.attributes
                0x0000000000000352       0x22 c:/program files (x86)/stm32cubeide_1.0.2/stm32cubeide/plugins/com.st.stm32cube.ide.mcu.externaltools.gnu-tools-for-stm32.7-2018-q2-update.win32_1.0.0.201904181610/tools/bin/../lib/gcc/arm-none-eabi/7.3.1/thumb/v7e-m/fpv4-sp/hard\libgcc.a(_aeabi_uldivmod.o)
 .ARM.attributes
                0x0000000000000374       0x34 c:/program files (x86)/stm32cubeide_1.0.2/stm32cubeide/plugins/com.st.stm32cube.ide.mcu.externaltools.gnu-tools-for-stm32.7-2018-q2-update.win32_1.0.0.201904181610/tools/bin/../lib/gcc/arm-none-eabi/7.3.1/thumb/v7e-m/fpv4-sp/hard\libgcc.a(_udivmoddi4.o)
 .ARM.attributes
                0x00000000000003a8       0x22 c:/program files (x86)/stm32cubeide_1.0.2/stm32cubeide/plugins/com.st.stm32cube.ide.mcu.externaltools.gnu-tools-for-stm32.7-2018-q2-update.win32_1.0.0.201904181610/tools/bin/../lib/gcc/arm-none-eabi/7.3.1/thumb/v7e-m/fpv4-sp/hard\libgcc.a(_dvmd_tls.o)
 .ARM.attributes
                0x00000000000003ca       0x22 c:/program files (x86)/stm32cubeide_1.0.2/stm32cubeide/plugins/com.st.stm32cube.ide.mcu.externaltools.gnu-tools-for-stm32.7-2018-q2-update.win32_1.0.0.201904181610/tools/bin/../lib/gcc/arm-none-eabi/7.3.1/thumb/v7e-m/fpv4-sp/hard/crtn.o
OUTPUT(Software_UART.elf elf32-littlearm)

.debug_info     0x0000000000000000     0xa126
 .debug_info    0x0000000000000000      0x945 Drivers/STM32F4xx_HAL_Driver/Src/stm32f4xx_hal.o
 .debug_info    0x0000000000000945      0xe28 Drivers/STM32F4xx_HAL_Driver/Src/stm32f4xx_hal_cortex.o
 .debug_info    0x000000000000176d      0x7b5 Drivers/STM32F4xx_HAL_Driver/Src/stm32f4xx_hal_gpio.o
 .debug_info    0x0000000000001f22      0x904 Drivers/STM32F4xx_HAL_Driver/Src/stm32f4xx_hal_rcc.o
 .debug_info    0x0000000000002826     0x24a9 Drivers/STM32F4xx_HAL_Driver/Src/stm32f4xx_hal_tim.o
 .debug_info    0x0000000000004ccf     0x1157 Drivers/STM32F4xx_HAL_Driver/Src/stm32f4xx_hal_tim_ex.o
 .debug_info    0x0000000000005e26     0x1441 Src/My_UART.o
 .debug_info    0x0000000000007267     0x178c Src/main.o
 .debug_info    0x00000000000089f3      0xab1 Src/stm32f4xx_hal_msp.o
 .debug_info    0x00000000000094a4      0x70c Src/stm32f4xx_it.o
 .debug_info    0x0000000000009bb0      0x554 Src/system_stm32f4xx.o
 .debug_info    0x000000000000a104       0x22 Startup/startup_stm32f407vgtx.o

.debug_abbrev   0x0000000000000000     0x1744
 .debug_abbrev  0x0000000000000000      0x1c7 Drivers/STM32F4xx_HAL_Driver/Src/stm32f4xx_hal.o
 .debug_abbrev  0x00000000000001c7      0x2fa Drivers/STM32F4xx_HAL_Driver/Src/stm32f4xx_hal_cortex.o
 .debug_abbrev  0x00000000000004c1      0x1c9 Drivers/STM32F4xx_HAL_Driver/Src/stm32f4xx_hal_gpio.o
 .debug_abbrev  0x000000000000068a      0x245 Drivers/STM32F4xx_HAL_Driver/Src/stm32f4xx_hal_rcc.o
 .debug_abbrev  0x00000000000008cf      0x230 Drivers/STM32F4xx_HAL_Driver/Src/stm32f4xx_hal_tim.o
 .debug_abbrev  0x0000000000000aff      0x21e Drivers/STM32F4xx_HAL_Driver/Src/stm32f4xx_hal_tim_ex.o
 .debug_abbrev  0x0000000000000d1d      0x336 Src/My_UART.o
 .debug_abbrev  0x0000000000001053      0x2c3 Src/main.o
 .debug_abbrev  0x0000000000001316      0x197 Src/stm32f4xx_hal_msp.o
 .debug_abbrev  0x00000000000014ad      0x15a Src/stm32f4xx_it.o
 .debug_abbrev  0x0000000000001607      0x12b Src/system_stm32f4xx.o
 .debug_abbrev  0x0000000000001732       0x12 Startup/startup_stm32f407vgtx.o

.debug_aranges  0x0000000000000000      0x9b0
 .debug_aranges
                0x0000000000000000       0xf0 Drivers/STM32F4xx_HAL_Driver/Src/stm32f4xx_hal.o
 .debug_aranges
                0x00000000000000f0      0x118 Drivers/STM32F4xx_HAL_Driver/Src/stm32f4xx_hal_cortex.o
 .debug_aranges
                0x0000000000000208       0x58 Drivers/STM32F4xx_HAL_Driver/Src/stm32f4xx_hal_gpio.o
 .debug_aranges
                0x0000000000000260       0x88 Drivers/STM32F4xx_HAL_Driver/Src/stm32f4xx_hal_rcc.o
 .debug_aranges
                0x00000000000002e8      0x3a8 Drivers/STM32F4xx_HAL_Driver/Src/stm32f4xx_hal_tim.o
 .debug_aranges
                0x0000000000000690      0x150 Drivers/STM32F4xx_HAL_Driver/Src/stm32f4xx_hal_tim_ex.o
 .debug_aranges
                0x00000000000007e0       0xa8 Src/My_UART.o
 .debug_aranges
                0x0000000000000888       0x40 Src/main.o
 .debug_aranges
                0x00000000000008c8       0x30 Src/stm32f4xx_hal_msp.o
 .debug_aranges
                0x00000000000008f8       0x68 Src/stm32f4xx_it.o
 .debug_aranges
                0x0000000000000960       0x28 Src/system_stm32f4xx.o
 .debug_aranges
                0x0000000000000988       0x28 Startup/startup_stm32f407vgtx.o

.debug_ranges   0x0000000000000000      0x8f8
 .debug_ranges  0x0000000000000000       0xe0 Drivers/STM32F4xx_HAL_Driver/Src/stm32f4xx_hal.o
 .debug_ranges  0x00000000000000e0      0x108 Drivers/STM32F4xx_HAL_Driver/Src/stm32f4xx_hal_cortex.o
 .debug_ranges  0x00000000000001e8       0x48 Drivers/STM32F4xx_HAL_Driver/Src/stm32f4xx_hal_gpio.o
 .debug_ranges  0x0000000000000230       0x78 Drivers/STM32F4xx_HAL_Driver/Src/stm32f4xx_hal_rcc.o
 .debug_ranges  0x00000000000002a8      0x398 Drivers/STM32F4xx_HAL_Driver/Src/stm32f4xx_hal_tim.o
 .debug_ranges  0x0000000000000640      0x140 Drivers/STM32F4xx_HAL_Driver/Src/stm32f4xx_hal_tim_ex.o
 .debug_ranges  0x0000000000000780       0x98 Src/My_UART.o
 .debug_ranges  0x0000000000000818       0x30 Src/main.o
 .debug_ranges  0x0000000000000848       0x20 Src/stm32f4xx_hal_msp.o
 .debug_ranges  0x0000000000000868       0x58 Src/stm32f4xx_it.o
 .debug_ranges  0x00000000000008c0       0x18 Src/system_stm32f4xx.o
 .debug_ranges  0x00000000000008d8       0x20 Startup/startup_stm32f407vgtx.o

.debug_macro    0x0000000000000000    0x22370
 .debug_macro   0x0000000000000000      0x224 Drivers/STM32F4xx_HAL_Driver/Src/stm32f4xx_hal.o
 .debug_macro   0x0000000000000224      0xa5a Drivers/STM32F4xx_HAL_Driver/Src/stm32f4xx_hal.o
 .debug_macro   0x0000000000000c7e      0x184 Drivers/STM32F4xx_HAL_Driver/Src/stm32f4xx_hal.o
 .debug_macro   0x0000000000000e02       0x32 Drivers/STM32F4xx_HAL_Driver/Src/stm32f4xx_hal.o
 .debug_macro   0x0000000000000e34       0x2f Drivers/STM32F4xx_HAL_Driver/Src/stm32f4xx_hal.o
 .debug_macro   0x0000000000000e63       0x22 Drivers/STM32F4xx_HAL_Driver/Src/stm32f4xx_hal.o
 .debug_macro   0x0000000000000e85       0x8e Drivers/STM32F4xx_HAL_Driver/Src/stm32f4xx_hal.o
 .debug_macro   0x0000000000000f13       0x51 Drivers/STM32F4xx_HAL_Driver/Src/stm32f4xx_hal.o
 .debug_macro   0x0000000000000f64       0xef Drivers/STM32F4xx_HAL_Driver/Src/stm32f4xx_hal.o
 .debug_macro   0x0000000000001053       0x6a Drivers/STM32F4xx_HAL_Driver/Src/stm32f4xx_hal.o
 .debug_macro   0x00000000000010bd      0x1df Drivers/STM32F4xx_HAL_Driver/Src/stm32f4xx_hal.o
 .debug_macro   0x000000000000129c       0x1c Drivers/STM32F4xx_HAL_Driver/Src/stm32f4xx_hal.o
 .debug_macro   0x00000000000012b8       0x22 Drivers/STM32F4xx_HAL_Driver/Src/stm32f4xx_hal.o
 .debug_macro   0x00000000000012da       0xdf Drivers/STM32F4xx_HAL_Driver/Src/stm32f4xx_hal.o
 .debug_macro   0x00000000000013b9     0x102d Drivers/STM32F4xx_HAL_Driver/Src/stm32f4xx_hal.o
 .debug_macro   0x00000000000023e6      0x11f Drivers/STM32F4xx_HAL_Driver/Src/stm32f4xx_hal.o
 .debug_macro   0x0000000000002505    0x15e3c Drivers/STM32F4xx_HAL_Driver/Src/stm32f4xx_hal.o
 .debug_macro   0x0000000000018341       0x43 Drivers/STM32F4xx_HAL_Driver/Src/stm32f4xx_hal.o
 .debug_macro   0x0000000000018384     0x3652 Drivers/STM32F4xx_HAL_Driver/Src/stm32f4xx_hal.o
 .debug_macro   0x000000000001b9d6      0x174 Drivers/STM32F4xx_HAL_Driver/Src/stm32f4xx_hal.o
 .debug_macro   0x000000000001bb4a       0x5a Drivers/STM32F4xx_HAL_Driver/Src/stm32f4xx_hal.o
 .debug_macro   0x000000000001bba4      0x96b Drivers/STM32F4xx_HAL_Driver/Src/stm32f4xx_hal.o
 .debug_macro   0x000000000001c50f      0x9fe Drivers/STM32F4xx_HAL_Driver/Src/stm32f4xx_hal.o
 .debug_macro   0x000000000001cf0d      0x174 Drivers/STM32F4xx_HAL_Driver/Src/stm32f4xx_hal.o
 .debug_macro   0x000000000001d081      0x117 Drivers/STM32F4xx_HAL_Driver/Src/stm32f4xx_hal.o
 .debug_macro   0x000000000001d198      0x13e Drivers/STM32F4xx_HAL_Driver/Src/stm32f4xx_hal.o
 .debug_macro   0x000000000001d2d6       0x27 Drivers/STM32F4xx_HAL_Driver/Src/stm32f4xx_hal.o
 .debug_macro   0x000000000001d2fd      0x287 Drivers/STM32F4xx_HAL_Driver/Src/stm32f4xx_hal.o
 .debug_macro   0x000000000001d584       0x5f Drivers/STM32F4xx_HAL_Driver/Src/stm32f4xx_hal.o
 .debug_macro   0x000000000001d5e3      0x236 Drivers/STM32F4xx_HAL_Driver/Src/stm32f4xx_hal.o
 .debug_macro   0x000000000001d819      0x12c Drivers/STM32F4xx_HAL_Driver/Src/stm32f4xx_hal.o
 .debug_macro   0x000000000001d945      0x21e Drivers/STM32F4xx_HAL_Driver/Src/stm32f4xx_hal.o
 .debug_macro   0x000000000001db63       0x2e Drivers/STM32F4xx_HAL_Driver/Src/stm32f4xx_hal.o
 .debug_macro   0x000000000001db91      0x11a Drivers/STM32F4xx_HAL_Driver/Src/stm32f4xx_hal.o
 .debug_macro   0x000000000001dcab       0x7e Drivers/STM32F4xx_HAL_Driver/Src/stm32f4xx_hal.o
 .debug_macro   0x000000000001dd29       0x89 Drivers/STM32F4xx_HAL_Driver/Src/stm32f4xx_hal.o
 .debug_macro   0x000000000001ddb2      0x8a0 Drivers/STM32F4xx_HAL_Driver/Src/stm32f4xx_hal.o
 .debug_macro   0x000000000001e652       0x47 Drivers/STM32F4xx_HAL_Driver/Src/stm32f4xx_hal.o
 .debug_macro   0x000000000001e699      0x12d Drivers/STM32F4xx_HAL_Driver/Src/stm32f4xx_hal.o
 .debug_macro   0x000000000001e7c6      0x1c4 Drivers/STM32F4xx_HAL_Driver/Src/stm32f4xx_hal_cortex.o
 .debug_macro   0x000000000001e98a      0x1fa Drivers/STM32F4xx_HAL_Driver/Src/stm32f4xx_hal_gpio.o
 .debug_macro   0x000000000001eb84      0x1e8 Drivers/STM32F4xx_HAL_Driver/Src/stm32f4xx_hal_rcc.o
 .debug_macro   0x000000000001ed6c      0x1c5 Drivers/STM32F4xx_HAL_Driver/Src/stm32f4xx_hal_tim.o
 .debug_macro   0x000000000001ef31      0x1c4 Drivers/STM32F4xx_HAL_Driver/Src/stm32f4xx_hal_tim_ex.o
 .debug_macro   0x000000000001f0f5      0x1f4 Src/My_UART.o
 .debug_macro   0x000000000001f2e9      0xb2c Src/My_UART.o
 .debug_macro   0x000000000001fe15       0x1c Src/My_UART.o
 .debug_macro   0x000000000001fe31     0x102d Src/My_UART.o
 .debug_macro   0x0000000000020e5e      0x17b Src/My_UART.o
 .debug_macro   0x0000000000020fd9       0x16 Src/My_UART.o
 .debug_macro   0x0000000000020fef      0x363 Src/main.o
 .debug_macro   0x0000000000021352       0x46 Src/main.o
 .debug_macro   0x0000000000021398       0x18 Src/main.o
 .debug_macro   0x00000000000213b0       0x3c Src/main.o
 .debug_macro   0x00000000000213ec       0x34 Src/main.o
 .debug_macro   0x0000000000021420       0x16 Src/main.o
 .debug_macro   0x0000000000021436       0x35 Src/main.o
 .debug_macro   0x000000000002146b      0x34d Src/main.o
 .debug_macro   0x00000000000217b8       0x10 Src/main.o
 .debug_macro   0x00000000000217c8       0x52 Src/main.o
 .debug_macro   0x000000000002181a       0x1f Src/main.o
 .debug_macro   0x0000000000021839       0x43 Src/main.o
 .debug_macro   0x000000000002187c       0x20 Src/main.o
 .debug_macro   0x000000000002189c      0x1a3 Src/main.o
 .debug_macro   0x0000000000021a3f       0x10 Src/main.o
 .debug_macro   0x0000000000021a4f       0x1c Src/main.o
 .debug_macro   0x0000000000021a6b       0x52 Src/main.o
 .debug_macro   0x0000000000021abd       0x40 Src/main.o
 .debug_macro   0x0000000000021afd       0x10 Src/main.o
 .debug_macro   0x0000000000021b0d       0x40 Src/main.o
 .debug_macro   0x0000000000021b4d       0xd7 Src/main.o
 .debug_macro   0x0000000000021c24       0x1c Src/main.o
 .debug_macro   0x0000000000021c40       0x3d Src/main.o
 .debug_macro   0x0000000000021c7d       0x16 Src/main.o
 .debug_macro   0x0000000000021c93      0x137 Src/main.o
 .debug_macro   0x0000000000021dca       0x16 Src/main.o
 .debug_macro   0x0000000000021de0       0x20 Src/main.o
 .debug_macro   0x0000000000021e00      0x1ce Src/stm32f4xx_hal_msp.o
 .debug_macro   0x0000000000021fce      0x1d8 Src/stm32f4xx_it.o
 .debug_macro   0x00000000000221a6      0x1ca Src/system_stm32f4xx.o

.debug_line     0x0000000000000000     0x771f
 .debug_line    0x0000000000000000      0x91c Drivers/STM32F4xx_HAL_Driver/Src/stm32f4xx_hal.o
 .debug_line    0x000000000000091c      0xa40 Drivers/STM32F4xx_HAL_Driver/Src/stm32f4xx_hal_cortex.o
 .debug_line    0x000000000000135c      0x8fb Drivers/STM32F4xx_HAL_Driver/Src/stm32f4xx_hal_gpio.o
 .debug_line    0x0000000000001c57      0x974 Drivers/STM32F4xx_HAL_Driver/Src/stm32f4xx_hal_rcc.o
 .debug_line    0x00000000000025cb     0x1995 Drivers/STM32F4xx_HAL_Driver/Src/stm32f4xx_hal_tim.o
 .debug_line    0x0000000000003f60      0xd32 Drivers/STM32F4xx_HAL_Driver/Src/stm32f4xx_hal_tim_ex.o
 .debug_line    0x0000000000004c92      0x957 Src/My_UART.o
 .debug_line    0x00000000000055e9      0xa80 Src/main.o
 .debug_line    0x0000000000006069      0x73b Src/stm32f4xx_hal_msp.o
 .debug_line    0x00000000000067a4      0x7cd Src/stm32f4xx_it.o
 .debug_line    0x0000000000006f71      0x72d Src/system_stm32f4xx.o
 .debug_line    0x000000000000769e       0x81 Startup/startup_stm32f407vgtx.o

.debug_str      0x0000000000000000    0xc77f4
 .debug_str     0x0000000000000000    0xc0901 Drivers/STM32F4xx_HAL_Driver/Src/stm32f4xx_hal.o
                                      0xc0cba (size before relaxing)
 .debug_str     0x00000000000c0901      0x3ed Drivers/STM32F4xx_HAL_Driver/Src/stm32f4xx_hal_cortex.o
                                      0xc0aa9 (size before relaxing)
 .debug_str     0x00000000000c0cee      0x274 Drivers/STM32F4xx_HAL_Driver/Src/stm32f4xx_hal_gpio.o
                                      0xc042c (size before relaxing)
 .debug_str     0x00000000000c0f62      0x33f Drivers/STM32F4xx_HAL_Driver/Src/stm32f4xx_hal_rcc.o
                                      0xc05da (size before relaxing)
 .debug_str     0x00000000000c12a1     0x1079 Drivers/STM32F4xx_HAL_Driver/Src/stm32f4xx_hal_tim.o
                                      0xc12f9 (size before relaxing)
 .debug_str     0x00000000000c231a      0x4d4 Drivers/STM32F4xx_HAL_Driver/Src/stm32f4xx_hal_tim_ex.o
                                      0xc0af9 (size before relaxing)
 .debug_str     0x00000000000c27ee      0xcae Src/My_UART.o
                                      0xc120a (size before relaxing)
 .debug_str     0x00000000000c349c     0x41e0 Src/main.o
                                      0xc52d8 (size before relaxing)
 .debug_str     0x00000000000c767c       0x25 Src/stm32f4xx_hal_msp.o
                                      0xc0aa4 (size before relaxing)
 .debug_str     0x00000000000c76a1       0xc8 Src/stm32f4xx_it.o
                                      0xc053d (size before relaxing)
 .debug_str     0x00000000000c7769       0x5a Src/system_stm32f4xx.o
                                      0xc01e8 (size before relaxing)
 .debug_str     0x00000000000c77c3       0x31 Startup/startup_stm32f407vgtx.o
                                         0x67 (size before relaxing)

.comment        0x0000000000000000       0x7b
 .comment       0x0000000000000000       0x7b Drivers/STM32F4xx_HAL_Driver/Src/stm32f4xx_hal.o
                                         0x7c (size before relaxing)
 .comment       0x000000000000007b       0x7c Drivers/STM32F4xx_HAL_Driver/Src/stm32f4xx_hal_cortex.o
 .comment       0x000000000000007b       0x7c Drivers/STM32F4xx_HAL_Driver/Src/stm32f4xx_hal_gpio.o
 .comment       0x000000000000007b       0x7c Drivers/STM32F4xx_HAL_Driver/Src/stm32f4xx_hal_rcc.o
 .comment       0x000000000000007b       0x7c Drivers/STM32F4xx_HAL_Driver/Src/stm32f4xx_hal_tim.o
 .comment       0x000000000000007b       0x7c Drivers/STM32F4xx_HAL_Driver/Src/stm32f4xx_hal_tim_ex.o
 .comment       0x000000000000007b       0x7c Src/My_UART.o
 .comment       0x000000000000007b       0x7c Src/main.o
 .comment       0x000000000000007b       0x7c Src/stm32f4xx_hal_msp.o
 .comment       0x000000000000007b       0x7c Src/stm32f4xx_it.o
 .comment       0x000000000000007b       0x7c Src/system_stm32f4xx.o

.debug_frame    0x0000000000000000     0x281c
 .debug_frame   0x0000000000000000      0x374 Drivers/STM32F4xx_HAL_Driver/Src/stm32f4xx_hal.o
 .debug_frame   0x0000000000000374      0x498 Drivers/STM32F4xx_HAL_Driver/Src/stm32f4xx_hal_cortex.o
 .debug_frame   0x000000000000080c      0x14c Drivers/STM32F4xx_HAL_Driver/Src/stm32f4xx_hal_gpio.o
 .debug_frame   0x0000000000000958      0x1f0 Drivers/STM32F4xx_HAL_Driver/Src/stm32f4xx_hal_rcc.o
 .debug_frame   0x0000000000000b48     0x10f0 Drivers/STM32F4xx_HAL_Driver/Src/stm32f4xx_hal_tim.o
 .debug_frame   0x0000000000001c38      0x5c0 Drivers/STM32F4xx_HAL_Driver/Src/stm32f4xx_hal_tim_ex.o
 .debug_frame   0x00000000000021f8      0x2b8 Src/My_UART.o
 .debug_frame   0x00000000000024b0       0xc0 Src/main.o
 .debug_frame   0x0000000000002570       0x80 Src/stm32f4xx_hal_msp.o
 .debug_frame   0x00000000000025f0      0x128 Src/stm32f4xx_it.o
 .debug_frame   0x0000000000002718       0x58 Src/system_stm32f4xx.o
 .debug_frame   0x0000000000002770       0x2c c:/program files (x86)/stm32cubeide_1.0.2/stm32cubeide/plugins/com.st.stm32cube.ide.mcu.externaltools.gnu-tools-for-stm32.7-2018-q2-update.win32_1.0.0.201904181610/tools/bin/../lib/gcc/arm-none-eabi/7.3.1/../../../../arm-none-eabi/lib/thumb/v7e-m/fpv4-sp/hard\libc_nano.a(lib_a-init.o)
 .debug_frame   0x000000000000279c       0x20 c:/program files (x86)/stm32cubeide_1.0.2/stm32cubeide/plugins/com.st.stm32cube.ide.mcu.externaltools.gnu-tools-for-stm32.7-2018-q2-update.win32_1.0.0.201904181610/tools/bin/../lib/gcc/arm-none-eabi/7.3.1/../../../../arm-none-eabi/lib/thumb/v7e-m/fpv4-sp/hard\libc_nano.a(lib_a-memset.o)
 .debug_frame   0x00000000000027bc       0x2c c:/program files (x86)/stm32cubeide_1.0.2/stm32cubeide/plugins/com.st.stm32cube.ide.mcu.externaltools.gnu-tools-for-stm32.7-2018-q2-update.win32_1.0.0.201904181610/tools/bin/../lib/gcc/arm-none-eabi/7.3.1/thumb/v7e-m/fpv4-sp/hard\libgcc.a(_aeabi_uldivmod.o)
 .debug_frame   0x00000000000027e8       0x34 c:/program files (x86)/stm32cubeide_1.0.2/stm32cubeide/plugins/com.st.stm32cube.ide.mcu.externaltools.gnu-tools-for-stm32.7-2018-q2-update.win32_1.0.0.201904181610/tools/bin/../lib/gcc/arm-none-eabi/7.3.1/thumb/v7e-m/fpv4-sp/hard\libgcc.a(_udivmoddi4.o)
