SSD1306.c:23:6:delay	16	static
SSD1306.c:30:6:i2cWrite	32	static
SSD1306.c:35:6:scrollActivate	16	static
SSD1306.c:43:6:scrollActiveLeftRight	16	static
SSD1306.c:54:9:rightScrollActive	16	static
SSD1306.c:65:9:leftScrollActive	16	static
SSD1306.c:77:6:setVerticalScrollArea	16	static
SSD1306.c:101:6:scrollActiveVerticalHorizantal	16	static
SSD1306.c:112:9:verticalScrollRight	16	static
SSD1306.c:123:9:verticalScrollLeft	16	static
SSD1306.c:135:9:SSD_Init	8	static
SSD1306.c:189:6:setWriteColor	16	static
SSD1306.c:195:6:screenFill	32	static
SSD1306.c:211:6:screenClear	8	static
SSD1306.c:222:6:drawPixel	16	static
SSD1306.c:237:9:charWrite	32	static
SSD1306.c:263:6:writeScreen	24	static
SSD1306.c:283:6:DrawBitmap	32	static
SSD1306.c:310:6:SSD1306_SendCommand	32	static
SSD1306.c:315:6:SSD1306_SendData	32	static
