Xbee_Init.c:12:6:changeUartBaud	16	static
Xbee_Init.c:32:6:waitResponse	16	static
Xbee_Init.c:50:6:AtModeactive	8	static
Xbee_Init.c:58:6:setID	16	static
Xbee_Init.c:66:7:setDestinationAddress	16	static
Xbee_Init.c:77:7:setSourceAddress	16	static
Xbee_Init.c:86:6:setRFMode	16	static
Xbee_Init.c:95:6:setStreamingLimit	16	static
Xbee_Init.c:113:6:setBaudRate	24	static
Xbee_Init.c:149:6:setPacketSize	16	static
Xbee_Init.c:157:6:setGuardTime	16	static
Xbee_Init.c:165:6:setAtTimeout	16	static
Xbee_Init.c:174:6:endAtMode	8	static
Xbee_Init.c:199:6:XbeeInit	24	static
