Archive member included to satisfy reference by file (symbol)

c:/st/stm32cubeide_1.8.0/stm32cubeide/plugins/com.st.stm32cube.ide.mcu.externaltools.gnu-tools-for-stm32.9-2020-q2-update.win32_2.0.0.202105311346/tools/bin/../lib/gcc/arm-none-eabi/9.3.1/../../../../arm-none-eabi/lib/thumb/v7e-m+fp/hard\libc_nano.a(lib_a-errno.o)
                              ./Core/Src/syscalls.o (__errno)
c:/st/stm32cubeide_1.8.0/stm32cubeide/plugins/com.st.stm32cube.ide.mcu.externaltools.gnu-tools-for-stm32.9-2020-q2-update.win32_2.0.0.202105311346/tools/bin/../lib/gcc/arm-none-eabi/9.3.1/../../../../arm-none-eabi/lib/thumb/v7e-m+fp/hard\libc_nano.a(lib_a-exit.o)
                              c:/st/stm32cubeide_1.8.0/stm32cubeide/plugins/com.st.stm32cube.ide.mcu.externaltools.gnu-tools-for-stm32.9-2020-q2-update.win32_2.0.0.202105311346/tools/bin/../lib/gcc/arm-none-eabi/9.3.1/../../../../arm-none-eabi/lib/thumb/v7e-m+fp/hard/crt0.o (exit)
c:/st/stm32cubeide_1.8.0/stm32cubeide/plugins/com.st.stm32cube.ide.mcu.externaltools.gnu-tools-for-stm32.9-2020-q2-update.win32_2.0.0.202105311346/tools/bin/../lib/gcc/arm-none-eabi/9.3.1/../../../../arm-none-eabi/lib/thumb/v7e-m+fp/hard\libc_nano.a(lib_a-impure.o)
                              c:/st/stm32cubeide_1.8.0/stm32cubeide/plugins/com.st.stm32cube.ide.mcu.externaltools.gnu-tools-for-stm32.9-2020-q2-update.win32_2.0.0.202105311346/tools/bin/../lib/gcc/arm-none-eabi/9.3.1/../../../../arm-none-eabi/lib/thumb/v7e-m+fp/hard\libc_nano.a(lib_a-exit.o) (_global_impure_ptr)
c:/st/stm32cubeide_1.8.0/stm32cubeide/plugins/com.st.stm32cube.ide.mcu.externaltools.gnu-tools-for-stm32.9-2020-q2-update.win32_2.0.0.202105311346/tools/bin/../lib/gcc/arm-none-eabi/9.3.1/../../../../arm-none-eabi/lib/thumb/v7e-m+fp/hard\libc_nano.a(lib_a-init.o)
                              c:/st/stm32cubeide_1.8.0/stm32cubeide/plugins/com.st.stm32cube.ide.mcu.externaltools.gnu-tools-for-stm32.9-2020-q2-update.win32_2.0.0.202105311346/tools/bin/../lib/gcc/arm-none-eabi/9.3.1/../../../../arm-none-eabi/lib/thumb/v7e-m+fp/hard/crt0.o (__libc_init_array)
c:/st/stm32cubeide_1.8.0/stm32cubeide/plugins/com.st.stm32cube.ide.mcu.externaltools.gnu-tools-for-stm32.9-2020-q2-update.win32_2.0.0.202105311346/tools/bin/../lib/gcc/arm-none-eabi/9.3.1/../../../../arm-none-eabi/lib/thumb/v7e-m+fp/hard\libc_nano.a(lib_a-memset.o)
                              c:/st/stm32cubeide_1.8.0/stm32cubeide/plugins/com.st.stm32cube.ide.mcu.externaltools.gnu-tools-for-stm32.9-2020-q2-update.win32_2.0.0.202105311346/tools/bin/../lib/gcc/arm-none-eabi/9.3.1/../../../../arm-none-eabi/lib/thumb/v7e-m+fp/hard/crt0.o (memset)
c:/st/stm32cubeide_1.8.0/stm32cubeide/plugins/com.st.stm32cube.ide.mcu.externaltools.gnu-tools-for-stm32.9-2020-q2-update.win32_2.0.0.202105311346/tools/bin/../lib/gcc/arm-none-eabi/9.3.1/thumb/v7e-m+fp/hard\libgcc.a(_aeabi_uldivmod.o)
                              ./Drivers/STM32F4xx_HAL_Driver/Src/stm32f4xx_hal_rcc.o (__aeabi_uldivmod)
c:/st/stm32cubeide_1.8.0/stm32cubeide/plugins/com.st.stm32cube.ide.mcu.externaltools.gnu-tools-for-stm32.9-2020-q2-update.win32_2.0.0.202105311346/tools/bin/../lib/gcc/arm-none-eabi/9.3.1/thumb/v7e-m+fp/hard\libgcc.a(_udivmoddi4.o)
                              c:/st/stm32cubeide_1.8.0/stm32cubeide/plugins/com.st.stm32cube.ide.mcu.externaltools.gnu-tools-for-stm32.9-2020-q2-update.win32_2.0.0.202105311346/tools/bin/../lib/gcc/arm-none-eabi/9.3.1/thumb/v7e-m+fp/hard\libgcc.a(_aeabi_uldivmod.o) (__udivmoddi4)
c:/st/stm32cubeide_1.8.0/stm32cubeide/plugins/com.st.stm32cube.ide.mcu.externaltools.gnu-tools-for-stm32.9-2020-q2-update.win32_2.0.0.202105311346/tools/bin/../lib/gcc/arm-none-eabi/9.3.1/thumb/v7e-m+fp/hard\libgcc.a(_dvmd_tls.o)
                              c:/st/stm32cubeide_1.8.0/stm32cubeide/plugins/com.st.stm32cube.ide.mcu.externaltools.gnu-tools-for-stm32.9-2020-q2-update.win32_2.0.0.202105311346/tools/bin/../lib/gcc/arm-none-eabi/9.3.1/thumb/v7e-m+fp/hard\libgcc.a(_aeabi_uldivmod.o) (__aeabi_ldiv0)

Allocating common symbols
Common symbol       size              file

registerRead        0xa               ./Core/Src/main.o
uwTick              0x4               ./Drivers/STM32F4xx_HAL_Driver/Src/stm32f4xx_hal.o
pFlash              0x20              ./Drivers/STM32F4xx_HAL_Driver/Src/stm32f4xx_hal_flash.o
SCLP                0x4               ./Core/Src/SoftI2C.o
SDA                 0x4               ./Core/Src/SoftI2C.o
deviceFound         0x1               ./Core/Src/main.o
SDAP                0x4               ./Core/Src/SoftI2C.o
result              0x1               ./Core/Src/SoftI2C.o
SCL                 0x4               ./Core/Src/SoftI2C.o
registerSet         0xa               ./Core/Src/main.o
i2cAddress          0x1               ./Core/Src/SoftI2C.o

Discarded input sections

[...]
Memory Configuration

Name             Origin             Length             Attributes
CCMRAM           0x0000000010000000 0x0000000000010000 xrw
RAM              0x0000000020000000 0x0000000000020000 xrw
FLASH            0x0000000008000000 0x0000000000100000 xr
*default*        0x0000000000000000 0xffffffffffffffff

Linker script and memory map

LOAD c:/st/stm32cubeide_1.8.0/stm32cubeide/plugins/com.st.stm32cube.ide.mcu.externaltools.gnu-tools-for-stm32.9-2020-q2-update.win32_2.0.0.202105311346/tools/bin/../lib/gcc/arm-none-eabi/9.3.1/thumb/v7e-m+fp/hard/crti.o
LOAD c:/st/stm32cubeide_1.8.0/stm32cubeide/plugins/com.st.stm32cube.ide.mcu.externaltools.gnu-tools-for-stm32.9-2020-q2-update.win32_2.0.0.202105311346/tools/bin/../lib/gcc/arm-none-eabi/9.3.1/thumb/v7e-m+fp/hard/crtbegin.o
LOAD c:/st/stm32cubeide_1.8.0/stm32cubeide/plugins/com.st.stm32cube.ide.mcu.externaltools.gnu-tools-for-stm32.9-2020-q2-update.win32_2.0.0.202105311346/tools/bin/../lib/gcc/arm-none-eabi/9.3.1/../../../../arm-none-eabi/lib/thumb/v7e-m+fp/hard/crt0.o
LOAD ./Core/Src/SoftI2C.o
LOAD ./Core/Src/main.o
LOAD ./Core/Src/stm32f4xx_hal_msp.o
LOAD ./Core/Src/stm32f4xx_it.o
LOAD ./Core/Src/syscalls.o
LOAD ./Core/Src/sysmem.o
LOAD ./Core/Src/system_stm32f4xx.o
LOAD ./Core/Startup/startup_stm32f407vgtx.o
LOAD ./Drivers/STM32F4xx_HAL_Driver/Src/stm32f4xx_hal.o
LOAD ./Drivers/STM32F4xx_HAL_Driver/Src/stm32f4xx_hal_cortex.o
LOAD ./Drivers/STM32F4xx_HAL_Driver/Src/stm32f4xx_hal_dma.o
LOAD ./Drivers/STM32F4xx_HAL_Driver/Src/stm32f4xx_hal_dma_ex.o
LOAD ./Drivers/STM32F4xx_HAL_Driver/Src/stm32f4xx_hal_exti.o
LOAD ./Drivers/STM32F4xx_HAL_Driver/Src/stm32f4xx_hal_flash.o
LOAD ./Drivers/STM32F4xx_HAL_Driver/Src/stm32f4xx_hal_flash_ex.o
LOAD ./Drivers/STM32F4xx_HAL_Driver/Src/stm32f4xx_hal_flash_ramfunc.o
LOAD ./Drivers/STM32F4xx_HAL_Driver/Src/stm32f4xx_hal_gpio.o
LOAD ./Drivers/STM32F4xx_HAL_Driver/Src/stm32f4xx_hal_pwr.o
LOAD ./Drivers/STM32F4xx_HAL_Driver/Src/stm32f4xx_hal_pwr_ex.o
LOAD ./Drivers/STM32F4xx_HAL_Driver/Src/stm32f4xx_hal_rcc.o
LOAD ./Drivers/STM32F4xx_HAL_Driver/Src/stm32f4xx_hal_rcc_ex.o
LOAD ./Drivers/STM32F4xx_HAL_Driver/Src/stm32f4xx_hal_tim.o
LOAD ./Drivers/STM32F4xx_HAL_Driver/Src/stm32f4xx_hal_tim_ex.o
START GROUP
LOAD c:/st/stm32cubeide_1.8.0/stm32cubeide/plugins/com.st.stm32cube.ide.mcu.externaltools.gnu-tools-for-stm32.9-2020-q2-update.win32_2.0.0.202105311346/tools/bin/../lib/gcc/arm-none-eabi/9.3.1/../../../../arm-none-eabi/lib/thumb/v7e-m+fp/hard\libc_nano.a
LOAD c:/st/stm32cubeide_1.8.0/stm32cubeide/plugins/com.st.stm32cube.ide.mcu.externaltools.gnu-tools-for-stm32.9-2020-q2-update.win32_2.0.0.202105311346/tools/bin/../lib/gcc/arm-none-eabi/9.3.1/../../../../arm-none-eabi/lib/thumb/v7e-m+fp/hard\libm.a
END GROUP
START GROUP
LOAD c:/st/stm32cubeide_1.8.0/stm32cubeide/plugins/com.st.stm32cube.ide.mcu.externaltools.gnu-tools-for-stm32.9-2020-q2-update.win32_2.0.0.202105311346/tools/bin/../lib/gcc/arm-none-eabi/9.3.1/thumb/v7e-m+fp/hard\libgcc.a
LOAD c:/st/stm32cubeide_1.8.0/stm32cubeide/plugins/com.st.stm32cube.ide.mcu.externaltools.gnu-tools-for-stm32.9-2020-q2-update.win32_2.0.0.202105311346/tools/bin/../lib/gcc/arm-none-eabi/9.3.1/../../../../arm-none-eabi/lib/thumb/v7e-m+fp/hard\libc_nano.a
END GROUP
START GROUP
LOAD c:/st/stm32cubeide_1.8.0/stm32cubeide/plugins/com.st.stm32cube.ide.mcu.externaltools.gnu-tools-for-stm32.9-2020-q2-update.win32_2.0.0.202105311346/tools/bin/../lib/gcc/arm-none-eabi/9.3.1/thumb/v7e-m+fp/hard\libgcc.a
LOAD c:/st/stm32cubeide_1.8.0/stm32cubeide/plugins/com.st.stm32cube.ide.mcu.externaltools.gnu-tools-for-stm32.9-2020-q2-update.win32_2.0.0.202105311346/tools/bin/../lib/gcc/arm-none-eabi/9.3.1/../../../../arm-none-eabi/lib/thumb/v7e-m+fp/hard\libc_nano.a
LOAD c:/st/stm32cubeide_1.8.0/stm32cubeide/plugins/com.st.stm32cube.ide.mcu.externaltools.gnu-tools-for-stm32.9-2020-q2-update.win32_2.0.0.202105311346/tools/bin/../lib/gcc/arm-none-eabi/9.3.1/../../../../arm-none-eabi/lib/thumb/v7e-m+fp/hard\libnosys.a
END GROUP
START GROUP
LOAD c:/st/stm32cubeide_1.8.0/stm32cubeide/plugins/com.st.stm32cube.ide.mcu.externaltools.gnu-tools-for-stm32.9-2020-q2-update.win32_2.0.0.202105311346/tools/bin/../lib/gcc/arm-none-eabi/9.3.1/thumb/v7e-m+fp/hard\libgcc.a
LOAD c:/st/stm32cubeide_1.8.0/stm32cubeide/plugins/com.st.stm32cube.ide.mcu.externaltools.gnu-tools-for-stm32.9-2020-q2-update.win32_2.0.0.202105311346/tools/bin/../lib/gcc/arm-none-eabi/9.3.1/../../../../arm-none-eabi/lib/thumb/v7e-m+fp/hard\libc_nano.a
LOAD c:/st/stm32cubeide_1.8.0/stm32cubeide/plugins/com.st.stm32cube.ide.mcu.externaltools.gnu-tools-for-stm32.9-2020-q2-update.win32_2.0.0.202105311346/tools/bin/../lib/gcc/arm-none-eabi/9.3.1/../../../../arm-none-eabi/lib/thumb/v7e-m+fp/hard\libnosys.a
END GROUP
LOAD c:/st/stm32cubeide_1.8.0/stm32cubeide/plugins/com.st.stm32cube.ide.mcu.externaltools.gnu-tools-for-stm32.9-2020-q2-update.win32_2.0.0.202105311346/tools/bin/../lib/gcc/arm-none-eabi/9.3.1/thumb/v7e-m+fp/hard/crtend.o
LOAD c:/st/stm32cubeide_1.8.0/stm32cubeide/plugins/com.st.stm32cube.ide.mcu.externaltools.gnu-tools-for-stm32.9-2020-q2-update.win32_2.0.0.202105311346/tools/bin/../lib/gcc/arm-none-eabi/9.3.1/thumb/v7e-m+fp/hard/crtn.o
                0x0000000020020000                _estack = (ORIGIN (RAM) + LENGTH (RAM))
                0x0000000000000200                _Min_Heap_Size = 0x200
                0x0000000000000400                _Min_Stack_Size = 0x400

.isr_vector     0x0000000008000000      0x188
                0x0000000008000000                . = ALIGN (0x4)
 *(.isr_vector)
 .isr_vector    0x0000000008000000      0x188 ./Core/Startup/startup_stm32f407vgtx.o
                0x0000000008000000                g_pfnVectors
                0x0000000008000188                . = ALIGN (0x4)

.text           0x0000000008000188     0x1db0
                0x0000000008000188                . = ALIGN (0x4)
 *(.text)
 .text          0x0000000008000188       0x40 c:/st/stm32cubeide_1.8.0/stm32cubeide/plugins/com.st.stm32cube.ide.mcu.externaltools.gnu-tools-for-stm32.9-2020-q2-update.win32_2.0.0.202105311346/tools/bin/../lib/gcc/arm-none-eabi/9.3.1/thumb/v7e-m+fp/hard/crtbegin.o
 .text          0x00000000080001c8       0x30 c:/st/stm32cubeide_1.8.0/stm32cubeide/plugins/com.st.stm32cube.ide.mcu.externaltools.gnu-tools-for-stm32.9-2020-q2-update.win32_2.0.0.202105311346/tools/bin/../lib/gcc/arm-none-eabi/9.3.1/thumb/v7e-m+fp/hard\libgcc.a(_aeabi_uldivmod.o)
                0x00000000080001c8                __aeabi_uldivmod
 .text          0x00000000080001f8      0x2c4 c:/st/stm32cubeide_1.8.0/stm32cubeide/plugins/com.st.stm32cube.ide.mcu.externaltools.gnu-tools-for-stm32.9-2020-q2-update.win32_2.0.0.202105311346/tools/bin/../lib/gcc/arm-none-eabi/9.3.1/thumb/v7e-m+fp/hard\libgcc.a(_udivmoddi4.o)
                0x00000000080001f8                __udivmoddi4
 .text          0x00000000080004bc        0x4 c:/st/stm32cubeide_1.8.0/stm32cubeide/plugins/com.st.stm32cube.ide.mcu.externaltools.gnu-tools-for-stm32.9-2020-q2-update.win32_2.0.0.202105311346/tools/bin/../lib/gcc/arm-none-eabi/9.3.1/thumb/v7e-m+fp/hard\libgcc.a(_dvmd_tls.o)
                0x00000000080004bc                __aeabi_idiv0
                0x00000000080004bc                __aeabi_ldiv0
 *(.text*)
 .text.I2C_Init
                0x00000000080004c0      0x1dc ./Core/Src/SoftI2C.o
                0x00000000080004c0                I2C_Init
 .text.resetIO  0x000000000800069c       0x34 ./Core/Src/SoftI2C.o
                0x000000000800069c                resetIO
 .text.delay    0x00000000080006d0       0x26 ./Core/Src/SoftI2C.o
                0x00000000080006d0                delay
 *fill*         0x00000000080006f6        0x2 
 .text.startCondition
                0x00000000080006f8       0x34 ./Core/Src/SoftI2C.o
                0x00000000080006f8                startCondition
 .text.stopCondition
                0x000000000800072c       0x3c ./Core/Src/SoftI2C.o
                0x000000000800072c                stopCondition
 .text.repeatedStartCondition
                0x0000000008000768       0x48 ./Core/Src/SoftI2C.o
                0x0000000008000768                repeatedStartCondition
 .text.changeSDAState
                0x00000000080007b0       0x94 ./Core/Src/SoftI2C.o
                0x00000000080007b0                changeSDAState
 .text.waitACK  0x0000000008000844       0x74 ./Core/Src/SoftI2C.o
                0x0000000008000844                waitACK
 .text.writeReadBitSet
                0x00000000080008b8       0xc8 ./Core/Src/SoftI2C.o
                0x00000000080008b8                writeReadBitSet
 .text.writeBytes
                0x0000000008000980       0xa0 ./Core/Src/SoftI2C.o
                0x0000000008000980                writeBytes
 .text.readLine
                0x0000000008000a20       0x84 ./Core/Src/SoftI2C.o
                0x0000000008000a20                readLine
 .text.sendACK  0x0000000008000aa4       0x64 ./Core/Src/SoftI2C.o
                0x0000000008000aa4                sendACK
 .text.I2C_DeviceReady
                0x0000000008000b08       0x3a ./Core/Src/SoftI2C.o
                0x0000000008000b08                I2C_DeviceReady
 .text.I2C_Write
                0x0000000008000b42       0xee ./Core/Src/SoftI2C.o
                0x0000000008000b42                I2C_Write
 .text.I2C_Read
                0x0000000008000c30      0x122 ./Core/Src/SoftI2C.o
                0x0000000008000c30                I2C_Read
 *fill*         0x0000000008000d52        0x2 
 .text.main     0x0000000008000d54       0x7c ./Core/Src/main.o
                0x0000000008000d54                main
 .text.SystemClock_Config
                0x0000000008000dd0       0xd0 ./Core/Src/main.o
                0x0000000008000dd0                SystemClock_Config
 .text.MX_GPIO_Init
                0x0000000008000ea0       0x34 ./Core/Src/main.o
 .text.Error_Handler
                0x0000000008000ed4        0xa ./Core/Src/main.o
                0x0000000008000ed4                Error_Handler
 *fill*         0x0000000008000ede        0x2 
 .text.HAL_MspInit
                0x0000000008000ee0       0x50 ./Core/Src/stm32f4xx_hal_msp.o
                0x0000000008000ee0                HAL_MspInit
 .text.NMI_Handler
                0x0000000008000f30        0x6 ./Core/Src/stm32f4xx_it.o
                0x0000000008000f30                NMI_Handler
 .text.HardFault_Handler
                0x0000000008000f36        0x6 ./Core/Src/stm32f4xx_it.o
                0x0000000008000f36                HardFault_Handler
 .text.MemManage_Handler
                0x0000000008000f3c        0x6 ./Core/Src/stm32f4xx_it.o
                0x0000000008000f3c                MemManage_Handler
 .text.BusFault_Handler
                0x0000000008000f42        0x6 ./Core/Src/stm32f4xx_it.o
                0x0000000008000f42                BusFault_Handler
 .text.UsageFault_Handler
                0x0000000008000f48        0x6 ./Core/Src/stm32f4xx_it.o
                0x0000000008000f48                UsageFault_Handler
 .text.SVC_Handler
                0x0000000008000f4e        0xe ./Core/Src/stm32f4xx_it.o
                0x0000000008000f4e                SVC_Handler
 .text.DebugMon_Handler
                0x0000000008000f5c        0xe ./Core/Src/stm32f4xx_it.o
                0x0000000008000f5c                DebugMon_Handler
 .text.PendSV_Handler
                0x0000000008000f6a        0xe ./Core/Src/stm32f4xx_it.o
                0x0000000008000f6a                PendSV_Handler
 .text.SysTick_Handler
                0x0000000008000f78        0xc ./Core/Src/stm32f4xx_it.o
                0x0000000008000f78                SysTick_Handler
 .text.SystemInit
                0x0000000008000f84       0x24 ./Core/Src/system_stm32f4xx.o
                0x0000000008000f84                SystemInit
 .text.Reset_Handler
                0x0000000008000fa8       0x50 ./Core/Startup/startup_stm32f407vgtx.o
                0x0000000008000fa8                Reset_Handler
 .text.Default_Handler
                0x0000000008000ff8        0x2 ./Core/Startup/startup_stm32f407vgtx.o
                0x0000000008000ff8                RTC_Alarm_IRQHandler
                0x0000000008000ff8                HASH_RNG_IRQHandler
                0x0000000008000ff8                EXTI2_IRQHandler
                0x0000000008000ff8                TIM8_CC_IRQHandler
                0x0000000008000ff8                TIM1_CC_IRQHandler
                0x0000000008000ff8                DMA2_Stream5_IRQHandler
                0x0000000008000ff8                DMA1_Stream5_IRQHandler
                0x0000000008000ff8                PVD_IRQHandler
                0x0000000008000ff8                SDIO_IRQHandler
                0x0000000008000ff8                TAMP_STAMP_IRQHandler
                0x0000000008000ff8                CAN2_RX1_IRQHandler
                0x0000000008000ff8                EXTI3_IRQHandler
                0x0000000008000ff8                TIM8_TRG_COM_TIM14_IRQHandler
                0x0000000008000ff8                TIM1_UP_TIM10_IRQHandler
                0x0000000008000ff8                TIM8_UP_TIM13_IRQHandler
                0x0000000008000ff8                I2C3_ER_IRQHandler
                0x0000000008000ff8                EXTI0_IRQHandler
                0x0000000008000ff8                I2C2_EV_IRQHandler
                0x0000000008000ff8                DMA1_Stream2_IRQHandler
                0x0000000008000ff8                CAN1_RX0_IRQHandler
                0x0000000008000ff8                FPU_IRQHandler
                0x0000000008000ff8                OTG_HS_WKUP_IRQHandler
                0x0000000008000ff8                CAN2_SCE_IRQHandler
                0x0000000008000ff8                DMA2_Stream2_IRQHandler
                0x0000000008000ff8                SPI1_IRQHandler
                0x0000000008000ff8                TIM6_DAC_IRQHandler
                0x0000000008000ff8                TIM1_BRK_TIM9_IRQHandler
                0x0000000008000ff8                DCMI_IRQHandler
                0x0000000008000ff8                CAN2_RX0_IRQHandler
                0x0000000008000ff8                DMA2_Stream3_IRQHandler
                0x0000000008000ff8                USART6_IRQHandler
                0x0000000008000ff8                USART3_IRQHandler
                0x0000000008000ff8                CAN1_RX1_IRQHandler
                0x0000000008000ff8                UART5_IRQHandler
                0x0000000008000ff8                DMA2_Stream0_IRQHandler
                0x0000000008000ff8                TIM4_IRQHandler
                0x0000000008000ff8                I2C1_EV_IRQHandler
                0x0000000008000ff8                DMA1_Stream6_IRQHandler
                0x0000000008000ff8                DMA1_Stream1_IRQHandler
                0x0000000008000ff8                UART4_IRQHandler
                0x0000000008000ff8                TIM3_IRQHandler
                0x0000000008000ff8                RCC_IRQHandler
                0x0000000008000ff8                TIM8_BRK_TIM12_IRQHandler
                0x0000000008000ff8                Default_Handler
                0x0000000008000ff8                EXTI15_10_IRQHandler
                0x0000000008000ff8                ADC_IRQHandler
                0x0000000008000ff8                DMA1_Stream7_IRQHandler
                0x0000000008000ff8                TIM7_IRQHandler
                0x0000000008000ff8                CAN2_TX_IRQHandler
                0x0000000008000ff8                TIM5_IRQHandler
                0x0000000008000ff8                DMA2_Stream7_IRQHandler
                0x0000000008000ff8                I2C3_EV_IRQHandler
                0x0000000008000ff8                EXTI9_5_IRQHandler
                0x0000000008000ff8                RTC_WKUP_IRQHandler
                0x0000000008000ff8                ETH_WKUP_IRQHandler
                0x0000000008000ff8                SPI2_IRQHandler
                0x0000000008000ff8                OTG_HS_EP1_IN_IRQHandler
                0x0000000008000ff8                DMA1_Stream0_IRQHandler
                0x0000000008000ff8                CAN1_TX_IRQHandler
                0x0000000008000ff8                EXTI4_IRQHandler
                0x0000000008000ff8                FSMC_IRQHandler
                0x0000000008000ff8                ETH_IRQHandler
                0x0000000008000ff8                OTG_HS_EP1_OUT_IRQHandler
                0x0000000008000ff8                WWDG_IRQHandler
                0x0000000008000ff8                TIM2_IRQHandler
                0x0000000008000ff8                OTG_FS_WKUP_IRQHandler
                0x0000000008000ff8                TIM1_TRG_COM_TIM11_IRQHandler
                0x0000000008000ff8                OTG_HS_IRQHandler
                0x0000000008000ff8                EXTI1_IRQHandler
                0x0000000008000ff8                USART2_IRQHandler
                0x0000000008000ff8                I2C2_ER_IRQHandler
                0x0000000008000ff8                DMA2_Stream1_IRQHandler
                0x0000000008000ff8                CAN1_SCE_IRQHandler
                0x0000000008000ff8                FLASH_IRQHandler
                0x0000000008000ff8                DMA2_Stream4_IRQHandler
                0x0000000008000ff8                USART1_IRQHandler
                0x0000000008000ff8                OTG_FS_IRQHandler
                0x0000000008000ff8                SPI3_IRQHandler
                0x0000000008000ff8                DMA1_Stream4_IRQHandler
                0x0000000008000ff8                I2C1_ER_IRQHandler
                0x0000000008000ff8                DMA2_Stream6_IRQHandler
                0x0000000008000ff8                DMA1_Stream3_IRQHandler
 *fill*         0x0000000008000ffa        0x2 
 .text.HAL_Init
                0x0000000008000ffc       0x44 ./Drivers/STM32F4xx_HAL_Driver/Src/stm32f4xx_hal.o
                0x0000000008000ffc                HAL_Init
 .text.HAL_InitTick
                0x0000000008001040       0x60 ./Drivers/STM32F4xx_HAL_Driver/Src/stm32f4xx_hal.o
                0x0000000008001040                HAL_InitTick
 .text.HAL_IncTick
                0x00000000080010a0       0x28 ./Drivers/STM32F4xx_HAL_Driver/Src/stm32f4xx_hal.o
                0x00000000080010a0                HAL_IncTick
 .text.HAL_GetTick
                0x00000000080010c8       0x18 ./Drivers/STM32F4xx_HAL_Driver/Src/stm32f4xx_hal.o
                0x00000000080010c8                HAL_GetTick
 .text.__NVIC_SetPriorityGrouping
                0x00000000080010e0       0x48 ./Drivers/STM32F4xx_HAL_Driver/Src/stm32f4xx_hal_cortex.o
 .text.__NVIC_GetPriorityGrouping
                0x0000000008001128       0x1c ./Drivers/STM32F4xx_HAL_Driver/Src/stm32f4xx_hal_cortex.o
 .text.__NVIC_SetPriority
                0x0000000008001144       0x54 ./Drivers/STM32F4xx_HAL_Driver/Src/stm32f4xx_hal_cortex.o
 .text.NVIC_EncodePriority
                0x0000000008001198       0x66 ./Drivers/STM32F4xx_HAL_Driver/Src/stm32f4xx_hal_cortex.o
 *fill*         0x00000000080011fe        0x2 
 .text.SysTick_Config
                0x0000000008001200       0x44 ./Drivers/STM32F4xx_HAL_Driver/Src/stm32f4xx_hal_cortex.o
 .text.HAL_NVIC_SetPriorityGrouping
                0x0000000008001244       0x16 ./Drivers/STM32F4xx_HAL_Driver/Src/stm32f4xx_hal_cortex.o
                0x0000000008001244                HAL_NVIC_SetPriorityGrouping
 .text.HAL_NVIC_SetPriority
                0x000000000800125a       0x38 ./Drivers/STM32F4xx_HAL_Driver/Src/stm32f4xx_hal_cortex.o
                0x000000000800125a                HAL_NVIC_SetPriority
 .text.HAL_SYSTICK_Config
                0x0000000008001292       0x18 ./Drivers/STM32F4xx_HAL_Driver/Src/stm32f4xx_hal_cortex.o
                0x0000000008001292                HAL_SYSTICK_Config
 *fill*         0x00000000080012aa        0x2 
 .text.HAL_GPIO_Init
                0x00000000080012ac      0x338 ./Drivers/STM32F4xx_HAL_Driver/Src/stm32f4xx_hal_gpio.o
                0x00000000080012ac                HAL_GPIO_Init
 .text.HAL_GPIO_ReadPin
                0x00000000080015e4       0x30 ./Drivers/STM32F4xx_HAL_Driver/Src/stm32f4xx_hal_gpio.o
                0x00000000080015e4                HAL_GPIO_ReadPin
 .text.HAL_GPIO_WritePin
                0x0000000008001614       0x32 ./Drivers/STM32F4xx_HAL_Driver/Src/stm32f4xx_hal_gpio.o
                0x0000000008001614                HAL_GPIO_WritePin
 *fill*         0x0000000008001646        0x2 
 .text.HAL_RCC_OscConfig
                0x0000000008001648      0x4f0 ./Drivers/STM32F4xx_HAL_Driver/Src/stm32f4xx_hal_rcc.o
                0x0000000008001648                HAL_RCC_OscConfig
 .text.HAL_RCC_ClockConfig
                0x0000000008001b38      0x1cc ./Drivers/STM32F4xx_HAL_Driver/Src/stm32f4xx_hal_rcc.o
                0x0000000008001b38                HAL_RCC_ClockConfig
 .text.HAL_RCC_GetSysClockFreq
                0x0000000008001d04      0x1c4 ./Drivers/STM32F4xx_HAL_Driver/Src/stm32f4xx_hal_rcc.o
                0x0000000008001d04                HAL_RCC_GetSysClockFreq
 .text.__libc_init_array
                0x0000000008001ec8       0x48 c:/st/stm32cubeide_1.8.0/stm32cubeide/plugins/com.st.stm32cube.ide.mcu.externaltools.gnu-tools-for-stm32.9-2020-q2-update.win32_2.0.0.202105311346/tools/bin/../lib/gcc/arm-none-eabi/9.3.1/../../../../arm-none-eabi/lib/thumb/v7e-m+fp/hard\libc_nano.a(lib_a-init.o)
                0x0000000008001ec8                __libc_init_array
 .text.memset   0x0000000008001f10       0x10 c:/st/stm32cubeide_1.8.0/stm32cubeide/plugins/com.st.stm32cube.ide.mcu.externaltools.gnu-tools-for-stm32.9-2020-q2-update.win32_2.0.0.202105311346/tools/bin/../lib/gcc/arm-none-eabi/9.3.1/../../../../arm-none-eabi/lib/thumb/v7e-m+fp/hard\libc_nano.a(lib_a-memset.o)
                0x0000000008001f10                memset
 *(.glue_7)
 .glue_7        0x0000000008001f20        0x0 linker stubs
 *(.glue_7t)
 .glue_7t       0x0000000008001f20        0x0 linker stubs
 *(.eh_frame)
 .eh_frame      0x0000000008001f20        0x0 c:/st/stm32cubeide_1.8.0/stm32cubeide/plugins/com.st.stm32cube.ide.mcu.externaltools.gnu-tools-for-stm32.9-2020-q2-update.win32_2.0.0.202105311346/tools/bin/../lib/gcc/arm-none-eabi/9.3.1/thumb/v7e-m+fp/hard/crtbegin.o
 *(.init)
 .init          0x0000000008001f20        0x4 c:/st/stm32cubeide_1.8.0/stm32cubeide/plugins/com.st.stm32cube.ide.mcu.externaltools.gnu-tools-for-stm32.9-2020-q2-update.win32_2.0.0.202105311346/tools/bin/../lib/gcc/arm-none-eabi/9.3.1/thumb/v7e-m+fp/hard/crti.o
                0x0000000008001f20                _init
 .init          0x0000000008001f24        0x8 c:/st/stm32cubeide_1.8.0/stm32cubeide/plugins/com.st.stm32cube.ide.mcu.externaltools.gnu-tools-for-stm32.9-2020-q2-update.win32_2.0.0.202105311346/tools/bin/../lib/gcc/arm-none-eabi/9.3.1/thumb/v7e-m+fp/hard/crtn.o
 *(.fini)
 .fini          0x0000000008001f2c        0x4 c:/st/stm32cubeide_1.8.0/stm32cubeide/plugins/com.st.stm32cube.ide.mcu.externaltools.gnu-tools-for-stm32.9-2020-q2-update.win32_2.0.0.202105311346/tools/bin/../lib/gcc/arm-none-eabi/9.3.1/thumb/v7e-m+fp/hard/crti.o
                0x0000000008001f2c                _fini
 .fini          0x0000000008001f30        0x8 c:/st/stm32cubeide_1.8.0/stm32cubeide/plugins/com.st.stm32cube.ide.mcu.externaltools.gnu-tools-for-stm32.9-2020-q2-update.win32_2.0.0.202105311346/tools/bin/../lib/gcc/arm-none-eabi/9.3.1/thumb/v7e-m+fp/hard/crtn.o
                0x0000000008001f38                . = ALIGN (0x4)
                0x0000000008001f38                _etext = .

.vfp11_veneer   0x0000000008001f38        0x0
 .vfp11_veneer  0x0000000008001f38        0x0 linker stubs

.v4_bx          0x0000000008001f38        0x0
 .v4_bx         0x0000000008001f38        0x0 linker stubs

.iplt           0x0000000008001f38        0x0
 .iplt          0x0000000008001f38        0x0 c:/st/stm32cubeide_1.8.0/stm32cubeide/plugins/com.st.stm32cube.ide.mcu.externaltools.gnu-tools-for-stm32.9-2020-q2-update.win32_2.0.0.202105311346/tools/bin/../lib/gcc/arm-none-eabi/9.3.1/thumb/v7e-m+fp/hard/crtbegin.o

.rodata         0x0000000008001f38       0x10
                0x0000000008001f38                . = ALIGN (0x4)
 *(.rodata)
 *(.rodata*)
 .rodata.AHBPrescTable
                0x0000000008001f38       0x10 ./Core/Src/system_stm32f4xx.o
                0x0000000008001f38                AHBPrescTable
                0x0000000008001f48                . = ALIGN (0x4)

.ARM.extab      0x0000000008001f48        0x0
                0x0000000008001f48                . = ALIGN (0x4)
 *(.ARM.extab* .gnu.linkonce.armextab.*)
                0x0000000008001f48                . = ALIGN (0x4)

.ARM            0x0000000008001f48        0x8
                0x0000000008001f48                . = ALIGN (0x4)
                0x0000000008001f48                __exidx_start = .
 *(.ARM.exidx*)
 .ARM.exidx     0x0000000008001f48        0x8 c:/st/stm32cubeide_1.8.0/stm32cubeide/plugins/com.st.stm32cube.ide.mcu.externaltools.gnu-tools-for-stm32.9-2020-q2-update.win32_2.0.0.202105311346/tools/bin/../lib/gcc/arm-none-eabi/9.3.1/thumb/v7e-m+fp/hard\libgcc.a(_udivmoddi4.o)
                0x0000000008001f50                __exidx_end = .
                0x0000000008001f50                . = ALIGN (0x4)

.rel.dyn        0x0000000008001f50        0x0
 .rel.iplt      0x0000000008001f50        0x0 c:/st/stm32cubeide_1.8.0/stm32cubeide/plugins/com.st.stm32cube.ide.mcu.externaltools.gnu-tools-for-stm32.9-2020-q2-update.win32_2.0.0.202105311346/tools/bin/../lib/gcc/arm-none-eabi/9.3.1/thumb/v7e-m+fp/hard/crtbegin.o

.preinit_array  0x0000000008001f50        0x0
                0x0000000008001f50                . = ALIGN (0x4)
                0x0000000008001f50                PROVIDE (__preinit_array_start = .)
 *(.preinit_array*)
                0x0000000008001f50                PROVIDE (__preinit_array_end = .)
                0x0000000008001f50                . = ALIGN (0x4)

.init_array     0x0000000008001f50        0x4
                0x0000000008001f50                . = ALIGN (0x4)
                0x0000000008001f50                PROVIDE (__init_array_start = .)
 *(SORT_BY_NAME(.init_array.*))
 *(.init_array*)
 .init_array    0x0000000008001f50        0x4 c:/st/stm32cubeide_1.8.0/stm32cubeide/plugins/com.st.stm32cube.ide.mcu.externaltools.gnu-tools-for-stm32.9-2020-q2-update.win32_2.0.0.202105311346/tools/bin/../lib/gcc/arm-none-eabi/9.3.1/thumb/v7e-m+fp/hard/crtbegin.o
                0x0000000008001f54                PROVIDE (__init_array_end = .)
                0x0000000008001f54                . = ALIGN (0x4)

.fini_array     0x0000000008001f54        0x4
                0x0000000008001f54                . = ALIGN (0x4)
                [!provide]                        PROVIDE (__fini_array_start = .)
 *(SORT_BY_NAME(.fini_array.*))
 *(.fini_array*)
 .fini_array    0x0000000008001f54        0x4 c:/st/stm32cubeide_1.8.0/stm32cubeide/plugins/com.st.stm32cube.ide.mcu.externaltools.gnu-tools-for-stm32.9-2020-q2-update.win32_2.0.0.202105311346/tools/bin/../lib/gcc/arm-none-eabi/9.3.1/thumb/v7e-m+fp/hard/crtbegin.o
                [!provide]                        PROVIDE (__fini_array_end = .)
                0x0000000008001f58                . = ALIGN (0x4)
                0x0000000008001f58                _sidata = LOADADDR (.data)

.data           0x0000000020000000        0xc load address 0x0000000008001f58
                0x0000000020000000                . = ALIGN (0x4)
                0x0000000020000000                _sdata = .
 *(.data)
 *(.data*)
 .data.SystemCoreClock
                0x0000000020000000        0x4 ./Core/Src/system_stm32f4xx.o
                0x0000000020000000                SystemCoreClock
 .data.uwTickPrio
                0x0000000020000004        0x4 ./Drivers/STM32F4xx_HAL_Driver/Src/stm32f4xx_hal.o
                0x0000000020000004                uwTickPrio
 .data.uwTickFreq
                0x0000000020000008        0x1 ./Drivers/STM32F4xx_HAL_Driver/Src/stm32f4xx_hal.o
                0x0000000020000008                uwTickFreq
 *(.RamFunc)
 *(.RamFunc*)
                0x000000002000000c                . = ALIGN (0x4)
 *fill*         0x0000000020000009        0x3 
                0x000000002000000c                _edata = .
                0x0000000008001f64                _siccmram = LOADADDR (.ccmram)

.igot.plt       0x000000002000000c        0x0 load address 0x0000000008001f64
 .igot.plt      0x000000002000000c        0x0 c:/st/stm32cubeide_1.8.0/stm32cubeide/plugins/com.st.stm32cube.ide.mcu.externaltools.gnu-tools-for-stm32.9-2020-q2-update.win32_2.0.0.202105311346/tools/bin/../lib/gcc/arm-none-eabi/9.3.1/thumb/v7e-m+fp/hard/crtbegin.o

.ccmram         0x0000000010000000        0x0 load address 0x0000000008001f64
                0x0000000010000000                . = ALIGN (0x4)
                0x0000000010000000                _sccmram = .
 *(.ccmram)
 *(.ccmram*)
                0x0000000010000000                . = ALIGN (0x4)
                0x0000000010000000                _eccmram = .
                0x0000000010000000                . = ALIGN (0x4)

.bss            0x000000002000000c       0x8c
                0x000000002000000c                _sbss = .
                0x000000002000000c                __bss_start__ = _sbss
 *(.bss)
 .bss           0x000000002000000c       0x1c c:/st/stm32cubeide_1.8.0/stm32cubeide/plugins/com.st.stm32cube.ide.mcu.externaltools.gnu-tools-for-stm32.9-2020-q2-update.win32_2.0.0.202105311346/tools/bin/../lib/gcc/arm-none-eabi/9.3.1/thumb/v7e-m+fp/hard/crtbegin.o
 *(.bss*)
 .bss.SDAPinInit
                0x0000000020000028       0x14 ./Core/Src/SoftI2C.o
                0x0000000020000028                SDAPinInit
 .bss.SCLPinInit
                0x000000002000003c       0x14 ./Core/Src/SoftI2C.o
                0x000000002000003c                SCLPinInit
 .bss.SDAPinInput
                0x0000000020000050       0x14 ./Core/Src/SoftI2C.o
                0x0000000020000050                SDAPinInput
 *(COMMON)
 COMMON         0x0000000020000064       0x15 ./Core/Src/SoftI2C.o
                0x0000000020000064                SCLP
                0x0000000020000068                SDA
                0x000000002000006c                SDAP
                0x0000000020000070                result
                0x0000000020000074                SCL
                0x0000000020000078                i2cAddress
 *fill*         0x0000000020000079        0x3 
 COMMON         0x000000002000007c       0x16 ./Core/Src/main.o
                0x000000002000007c                registerRead
                0x0000000020000086                deviceFound
                0x0000000020000088                registerSet
 *fill*         0x0000000020000092        0x2 
 COMMON         0x0000000020000094        0x4 ./Drivers/STM32F4xx_HAL_Driver/Src/stm32f4xx_hal.o
                0x0000000020000094                uwTick
                0x0000000020000098                . = ALIGN (0x4)
                0x0000000020000098                _ebss = .
                0x0000000020000098                __bss_end__ = _ebss

._user_heap_stack
                0x0000000020000098      0x600
                0x0000000020000098                . = ALIGN (0x8)
                [!provide]                        PROVIDE (end = .)
                0x0000000020000098                PROVIDE (_end = .)
                0x0000000020000298                . = (. + _Min_Heap_Size)
 *fill*         0x0000000020000098      0x200 
                0x0000000020000698                . = (. + _Min_Stack_Size)
 *fill*         0x0000000020000298      0x400 
                0x0000000020000698                . = ALIGN (0x8)

/DISCARD/
 libc.a(*)
 libm.a(*)
 libgcc.a(*)

.ARM.attributes
                0x0000000000000000       0x30
 *(.ARM.attributes)
 .ARM.attributes
                0x0000000000000000       0x1e c:/st/stm32cubeide_1.8.0/stm32cubeide/plugins/com.st.stm32cube.ide.mcu.externaltools.gnu-tools-for-stm32.9-2020-q2-update.win32_2.0.0.202105311346/tools/bin/../lib/gcc/arm-none-eabi/9.3.1/thumb/v7e-m+fp/hard/crti.o
 .ARM.attributes
                0x000000000000001e       0x34 c:/st/stm32cubeide_1.8.0/stm32cubeide/plugins/com.st.stm32cube.ide.mcu.externaltools.gnu-tools-for-stm32.9-2020-q2-update.win32_2.0.0.202105311346/tools/bin/../lib/gcc/arm-none-eabi/9.3.1/thumb/v7e-m+fp/hard/crtbegin.o
 .ARM.attributes
                0x0000000000000052       0x34 ./Core/Src/SoftI2C.o
 .ARM.attributes
                0x0000000000000086       0x34 ./Core/Src/main.o
 .ARM.attributes
                0x00000000000000ba       0x34 ./Core/Src/stm32f4xx_hal_msp.o
 .ARM.attributes
                0x00000000000000ee       0x34 ./Core/Src/stm32f4xx_it.o
 .ARM.attributes
                0x0000000000000122       0x34 ./Core/Src/system_stm32f4xx.o
 .ARM.attributes
                0x0000000000000156       0x21 ./Core/Startup/startup_stm32f407vgtx.o
 .ARM.attributes
                0x0000000000000177       0x34 ./Drivers/STM32F4xx_HAL_Driver/Src/stm32f4xx_hal.o
 .ARM.attributes
                0x00000000000001ab       0x34 ./Drivers/STM32F4xx_HAL_Driver/Src/stm32f4xx_hal_cortex.o
 .ARM.attributes
                0x00000000000001df       0x34 ./Drivers/STM32F4xx_HAL_Driver/Src/stm32f4xx_hal_gpio.o
 .ARM.attributes
                0x0000000000000213       0x34 ./Drivers/STM32F4xx_HAL_Driver/Src/stm32f4xx_hal_rcc.o
 .ARM.attributes
                0x0000000000000247       0x34 c:/st/stm32cubeide_1.8.0/stm32cubeide/plugins/com.st.stm32cube.ide.mcu.externaltools.gnu-tools-for-stm32.9-2020-q2-update.win32_2.0.0.202105311346/tools/bin/../lib/gcc/arm-none-eabi/9.3.1/../../../../arm-none-eabi/lib/thumb/v7e-m+fp/hard\libc_nano.a(lib_a-init.o)
 .ARM.attributes
                0x000000000000027b       0x34 c:/st/stm32cubeide_1.8.0/stm32cubeide/plugins/com.st.stm32cube.ide.mcu.externaltools.gnu-tools-for-stm32.9-2020-q2-update.win32_2.0.0.202105311346/tools/bin/../lib/gcc/arm-none-eabi/9.3.1/../../../../arm-none-eabi/lib/thumb/v7e-m+fp/hard\libc_nano.a(lib_a-memset.o)
 .ARM.attributes
                0x00000000000002af       0x1e c:/st/stm32cubeide_1.8.0/stm32cubeide/plugins/com.st.stm32cube.ide.mcu.externaltools.gnu-tools-for-stm32.9-2020-q2-update.win32_2.0.0.202105311346/tools/bin/../lib/gcc/arm-none-eabi/9.3.1/thumb/v7e-m+fp/hard\libgcc.a(_aeabi_uldivmod.o)
 .ARM.attributes
                0x00000000000002cd       0x34 c:/st/stm32cubeide_1.8.0/stm32cubeide/plugins/com.st.stm32cube.ide.mcu.externaltools.gnu-tools-for-stm32.9-2020-q2-update.win32_2.0.0.202105311346/tools/bin/../lib/gcc/arm-none-eabi/9.3.1/thumb/v7e-m+fp/hard\libgcc.a(_udivmoddi4.o)
 .ARM.attributes
                0x0000000000000301       0x1e c:/st/stm32cubeide_1.8.0/stm32cubeide/plugins/com.st.stm32cube.ide.mcu.externaltools.gnu-tools-for-stm32.9-2020-q2-update.win32_2.0.0.202105311346/tools/bin/../lib/gcc/arm-none-eabi/9.3.1/thumb/v7e-m+fp/hard\libgcc.a(_dvmd_tls.o)
 .ARM.attributes
                0x000000000000031f       0x1e c:/st/stm32cubeide_1.8.0/stm32cubeide/plugins/com.st.stm32cube.ide.mcu.externaltools.gnu-tools-for-stm32.9-2020-q2-update.win32_2.0.0.202105311346/tools/bin/../lib/gcc/arm-none-eabi/9.3.1/thumb/v7e-m+fp/hard/crtn.o
OUTPUT(SoftI2C_With_C.elf elf32-littlearm)
LOAD linker stubs
LOAD c:/st/stm32cubeide_1.8.0/stm32cubeide/plugins/com.st.stm32cube.ide.mcu.externaltools.gnu-tools-for-stm32.9-2020-q2-update.win32_2.0.0.202105311346/tools/bin/../lib/gcc/arm-none-eabi/9.3.1/../../../../arm-none-eabi/lib/thumb/v7e-m+fp/hard\libc.a
LOAD c:/st/stm32cubeide_1.8.0/stm32cubeide/plugins/com.st.stm32cube.ide.mcu.externaltools.gnu-tools-for-stm32.9-2020-q2-update.win32_2.0.0.202105311346/tools/bin/../lib/gcc/arm-none-eabi/9.3.1/../../../../arm-none-eabi/lib/thumb/v7e-m+fp/hard\libm.a
LOAD c:/st/stm32cubeide_1.8.0/stm32cubeide/plugins/com.st.stm32cube.ide.mcu.externaltools.gnu-tools-for-stm32.9-2020-q2-update.win32_2.0.0.202105311346/tools/bin/../lib/gcc/arm-none-eabi/9.3.1/thumb/v7e-m+fp/hard\libgcc.a

.debug_info     0x0000000000000000     0x47f6
 .debug_info    0x0000000000000000      0xa01 ./Core/Src/SoftI2C.o
 .debug_info    0x0000000000000a01      0x72a ./Core/Src/main.o
 .debug_info    0x000000000000112b      0x40d ./Core/Src/stm32f4xx_hal_msp.o
 .debug_info    0x0000000000001538      0x29b ./Core/Src/stm32f4xx_it.o
 .debug_info    0x00000000000017d3      0x5a4 ./Core/Src/system_stm32f4xx.o
 .debug_info    0x0000000000001d77       0x22 ./Core/Startup/startup_stm32f407vgtx.o
 .debug_info    0x0000000000001d99      0x9b2 ./Drivers/STM32F4xx_HAL_Driver/Src/stm32f4xx_hal.o
 .debug_info    0x000000000000274b      0xed7 ./Drivers/STM32F4xx_HAL_Driver/Src/stm32f4xx_hal_cortex.o
 .debug_info    0x0000000000003622      0x83e ./Drivers/STM32F4xx_HAL_Driver/Src/stm32f4xx_hal_gpio.o
 .debug_info    0x0000000000003e60      0x996 ./Drivers/STM32F4xx_HAL_Driver/Src/stm32f4xx_hal_rcc.o

.debug_abbrev   0x0000000000000000     0x1182
 .debug_abbrev  0x0000000000000000      0x294 ./Core/Src/SoftI2C.o
 .debug_abbrev  0x0000000000000294      0x1f3 ./Core/Src/main.o
 .debug_abbrev  0x0000000000000487      0x130 ./Core/Src/stm32f4xx_hal_msp.o
 .debug_abbrev  0x00000000000005b7       0xe5 ./Core/Src/stm32f4xx_it.o
 .debug_abbrev  0x000000000000069c      0x145 ./Core/Src/system_stm32f4xx.o
 .debug_abbrev  0x00000000000007e1       0x12 ./Core/Startup/startup_stm32f407vgtx.o
 .debug_abbrev  0x00000000000007f3      0x1ed ./Drivers/STM32F4xx_HAL_Driver/Src/stm32f4xx_hal.o
 .debug_abbrev  0x00000000000009e0      0x33c ./Drivers/STM32F4xx_HAL_Driver/Src/stm32f4xx_hal_cortex.o
 .debug_abbrev  0x0000000000000d1c      0x1f1 ./Drivers/STM32F4xx_HAL_Driver/Src/stm32f4xx_hal_gpio.o
 .debug_abbrev  0x0000000000000f0d      0x275 ./Drivers/STM32F4xx_HAL_Driver/Src/stm32f4xx_hal_rcc.o

.debug_aranges  0x0000000000000000      0x488
 .debug_aranges
                0x0000000000000000       0x98 ./Core/Src/SoftI2C.o
 .debug_aranges
                0x0000000000000098       0x38 ./Core/Src/main.o
 .debug_aranges
                0x00000000000000d0       0x20 ./Core/Src/stm32f4xx_hal_msp.o
 .debug_aranges
                0x00000000000000f0       0x60 ./Core/Src/stm32f4xx_it.o
 .debug_aranges
                0x0000000000000150       0x28 ./Core/Src/system_stm32f4xx.o
 .debug_aranges
                0x0000000000000178       0x28 ./Core/Startup/startup_stm32f407vgtx.o
 .debug_aranges
                0x00000000000001a0       0xf0 ./Drivers/STM32F4xx_HAL_Driver/Src/stm32f4xx_hal.o
 .debug_aranges
                0x0000000000000290      0x118 ./Drivers/STM32F4xx_HAL_Driver/Src/stm32f4xx_hal_cortex.o
 .debug_aranges
                0x00000000000003a8       0x58 ./Drivers/STM32F4xx_HAL_Driver/Src/stm32f4xx_hal_gpio.o
 .debug_aranges
                0x0000000000000400       0x88 ./Drivers/STM32F4xx_HAL_Driver/Src/stm32f4xx_hal_rcc.o

.debug_ranges   0x0000000000000000      0x3f0
 .debug_ranges  0x0000000000000000       0x88 ./Core/Src/SoftI2C.o
 .debug_ranges  0x0000000000000088       0x28 ./Core/Src/main.o
 .debug_ranges  0x00000000000000b0       0x10 ./Core/Src/stm32f4xx_hal_msp.o
 .debug_ranges  0x00000000000000c0       0x50 ./Core/Src/stm32f4xx_it.o
 .debug_ranges  0x0000000000000110       0x18 ./Core/Src/system_stm32f4xx.o
 .debug_ranges  0x0000000000000128       0x20 ./Core/Startup/startup_stm32f407vgtx.o
 .debug_ranges  0x0000000000000148       0xe0 ./Drivers/STM32F4xx_HAL_Driver/Src/stm32f4xx_hal.o
 .debug_ranges  0x0000000000000228      0x108 ./Drivers/STM32F4xx_HAL_Driver/Src/stm32f4xx_hal_cortex.o
 .debug_ranges  0x0000000000000330       0x48 ./Drivers/STM32F4xx_HAL_Driver/Src/stm32f4xx_hal_gpio.o
 .debug_ranges  0x0000000000000378       0x78 ./Drivers/STM32F4xx_HAL_Driver/Src/stm32f4xx_hal_rcc.o

.debug_macro    0x0000000000000000    0x1ef45
 .debug_macro   0x0000000000000000      0x1c9 ./Core/Src/SoftI2C.o
 .debug_macro   0x00000000000001c9      0xaa8 ./Core/Src/SoftI2C.o
 .debug_macro   0x0000000000000c71      0x28f ./Core/Src/SoftI2C.o
 .debug_macro   0x0000000000000f00       0x2e ./Core/Src/SoftI2C.o
 .debug_macro   0x0000000000000f2e       0x2f ./Core/Src/SoftI2C.o
 .debug_macro   0x0000000000000f5d       0x22 ./Core/Src/SoftI2C.o
 .debug_macro   0x0000000000000f7f       0x8e ./Core/Src/SoftI2C.o
 .debug_macro   0x000000000000100d       0x51 ./Core/Src/SoftI2C.o
 .debug_macro   0x000000000000105e      0x103 ./Core/Src/SoftI2C.o
 .debug_macro   0x0000000000001161       0x6a ./Core/Src/SoftI2C.o
 .debug_macro   0x00000000000011cb      0x1df ./Core/Src/SoftI2C.o
 .debug_macro   0x00000000000013aa       0x1c ./Core/Src/SoftI2C.o
 .debug_macro   0x00000000000013c6       0x22 ./Core/Src/SoftI2C.o
 .debug_macro   0x00000000000013e8       0xdf ./Core/Src/SoftI2C.o
 .debug_macro   0x00000000000014c7     0x102d ./Core/Src/SoftI2C.o
 .debug_macro   0x00000000000024f4      0x11f ./Core/Src/SoftI2C.o
 .debug_macro   0x0000000000002613    0x15e58 ./Core/Src/SoftI2C.o
 .debug_macro   0x000000000001846b       0x6d ./Core/Src/SoftI2C.o
 .debug_macro   0x00000000000184d8     0x3666 ./Core/Src/SoftI2C.o
 .debug_macro   0x000000000001bb3e      0x174 ./Core/Src/SoftI2C.o
 .debug_macro   0x000000000001bcb2       0x5c ./Core/Src/SoftI2C.o
 .debug_macro   0x000000000001bd0e      0x96b ./Core/Src/SoftI2C.o
 .debug_macro   0x000000000001c679      0x9fe ./Core/Src/SoftI2C.o
 .debug_macro   0x000000000001d077      0x116 ./Core/Src/SoftI2C.o
 .debug_macro   0x000000000001d18d      0x13e ./Core/Src/SoftI2C.o
 .debug_macro   0x000000000001d2cb       0xa5 ./Core/Src/SoftI2C.o
 .debug_macro   0x000000000001d370      0x174 ./Core/Src/SoftI2C.o
 .debug_macro   0x000000000001d4e4      0x287 ./Core/Src/SoftI2C.o
 .debug_macro   0x000000000001d76b       0x5f ./Core/Src/SoftI2C.o
 .debug_macro   0x000000000001d7ca      0x236 ./Core/Src/SoftI2C.o
 .debug_macro   0x000000000001da00      0x12c ./Core/Src/SoftI2C.o
 .debug_macro   0x000000000001db2c      0x21e ./Core/Src/SoftI2C.o
 .debug_macro   0x000000000001dd4a       0x2e ./Core/Src/SoftI2C.o
 .debug_macro   0x000000000001dd78      0x11a ./Core/Src/SoftI2C.o
 .debug_macro   0x000000000001de92       0x7e ./Core/Src/SoftI2C.o
 .debug_macro   0x000000000001df10       0x89 ./Core/Src/SoftI2C.o
 .debug_macro   0x000000000001df99      0x12d ./Core/Src/SoftI2C.o
 .debug_macro   0x000000000001e0c6       0x22 ./Core/Src/SoftI2C.o
 .debug_macro   0x000000000001e0e8      0x1d9 ./Core/Src/main.o
 .debug_macro   0x000000000001e2c1      0x1c0 ./Core/Src/stm32f4xx_hal_msp.o
 .debug_macro   0x000000000001e481      0x1ca ./Core/Src/stm32f4xx_it.o
 .debug_macro   0x000000000001e64b      0x1b0 ./Core/Src/system_stm32f4xx.o
 .debug_macro   0x000000000001e7fb      0x210 ./Drivers/STM32F4xx_HAL_Driver/Src/stm32f4xx_hal.o
 .debug_macro   0x000000000001ea0b      0x1b0 ./Drivers/STM32F4xx_HAL_Driver/Src/stm32f4xx_hal_cortex.o
 .debug_macro   0x000000000001ebbb      0x1b6 ./Drivers/STM32F4xx_HAL_Driver/Src/stm32f4xx_hal_gpio.o
 .debug_macro   0x000000000001ed71      0x1d4 ./Drivers/STM32F4xx_HAL_Driver/Src/stm32f4xx_hal_rcc.o

.debug_line     0x0000000000000000     0x557e
 .debug_line    0x0000000000000000      0xbda ./Core/Src/SoftI2C.o
 .debug_line    0x0000000000000bda      0x72b ./Core/Src/main.o
 .debug_line    0x0000000000001305      0x67d ./Core/Src/stm32f4xx_hal_msp.o
 .debug_line    0x0000000000001982      0x740 ./Core/Src/stm32f4xx_it.o
 .debug_line    0x00000000000020c2      0x6ff ./Core/Src/system_stm32f4xx.o
 .debug_line    0x00000000000027c1       0x88 ./Core/Startup/startup_stm32f407vgtx.o
 .debug_line    0x0000000000002849      0x965 ./Drivers/STM32F4xx_HAL_Driver/Src/stm32f4xx_hal.o
 .debug_line    0x00000000000031ae      0xc14 ./Drivers/STM32F4xx_HAL_Driver/Src/stm32f4xx_hal_cortex.o
 .debug_line    0x0000000000003dc2      0xadb ./Drivers/STM32F4xx_HAL_Driver/Src/stm32f4xx_hal_gpio.o
 .debug_line    0x000000000000489d      0xce1 ./Drivers/STM32F4xx_HAL_Driver/Src/stm32f4xx_hal_rcc.o

.debug_str      0x0000000000000000    0xbbf7e
 .debug_str     0x0000000000000000    0xbaa51 ./Core/Src/SoftI2C.o
                                      0xbace0 (size before relaxing)
 .debug_str     0x00000000000baa51      0x1a8 ./Core/Src/main.o
                                      0xbac82 (size before relaxing)
 .debug_str     0x00000000000babf9       0x2c ./Core/Src/stm32f4xx_hal_msp.o
                                      0xbaa82 (size before relaxing)
 .debug_str     0x00000000000bac25       0xbd ./Core/Src/stm32f4xx_it.o
                                      0xbaa10 (size before relaxing)
 .debug_str     0x00000000000bace2       0xaf ./Core/Src/system_stm32f4xx.o
                                      0xbaa87 (size before relaxing)
 .debug_str     0x00000000000bad91       0x36 ./Core/Startup/startup_stm32f407vgtx.o
                                         0x73 (size before relaxing)
 .debug_str     0x00000000000badc7      0xa4c ./Drivers/STM32F4xx_HAL_Driver/Src/stm32f4xx_hal.o
                                      0xbb569 (size before relaxing)
 .debug_str     0x00000000000bb813      0x3a3 ./Drivers/STM32F4xx_HAL_Driver/Src/stm32f4xx_hal_cortex.o
                                      0xbb358 (size before relaxing)
 .debug_str     0x00000000000bbbb6      0x15f ./Drivers/STM32F4xx_HAL_Driver/Src/stm32f4xx_hal_gpio.o
                                      0xbac2e (size before relaxing)
 .debug_str     0x00000000000bbd15      0x269 ./Drivers/STM32F4xx_HAL_Driver/Src/stm32f4xx_hal_rcc.o
                                      0xbae89 (size before relaxing)

.comment        0x0000000000000000       0x53
 .comment       0x0000000000000000       0x53 ./Core/Src/SoftI2C.o
                                         0x54 (size before relaxing)
 .comment       0x0000000000000053       0x54 ./Core/Src/main.o
 .comment       0x0000000000000053       0x54 ./Core/Src/stm32f4xx_hal_msp.o
 .comment       0x0000000000000053       0x54 ./Core/Src/stm32f4xx_it.o
 .comment       0x0000000000000053       0x54 ./Core/Src/system_stm32f4xx.o
 .comment       0x0000000000000053       0x54 ./Drivers/STM32F4xx_HAL_Driver/Src/stm32f4xx_hal.o
 .comment       0x0000000000000053       0x54 ./Drivers/STM32F4xx_HAL_Driver/Src/stm32f4xx_hal_cortex.o
 .comment       0x0000000000000053       0x54 ./Drivers/STM32F4xx_HAL_Driver/Src/stm32f4xx_hal_gpio.o
 .comment       0x0000000000000053       0x54 ./Drivers/STM32F4xx_HAL_Driver/Src/stm32f4xx_hal_rcc.o

.debug_frame    0x0000000000000000     0x104c
 .debug_frame   0x0000000000000000      0x230 ./Core/Src/SoftI2C.o
 .debug_frame   0x0000000000000230       0x94 ./Core/Src/main.o
 .debug_frame   0x00000000000002c4       0x38 ./Core/Src/stm32f4xx_hal_msp.o
 .debug_frame   0x00000000000002fc      0x104 ./Core/Src/stm32f4xx_it.o
 .debug_frame   0x0000000000000400       0x58 ./Core/Src/system_stm32f4xx.o
 .debug_frame   0x0000000000000458      0x374 ./Drivers/STM32F4xx_HAL_Driver/Src/stm32f4xx_hal.o
 .debug_frame   0x00000000000007cc      0x498 ./Drivers/STM32F4xx_HAL_Driver/Src/stm32f4xx_hal_cortex.o
 .debug_frame   0x0000000000000c64      0x14c ./Drivers/STM32F4xx_HAL_Driver/Src/stm32f4xx_hal_gpio.o
 .debug_frame   0x0000000000000db0      0x1f0 ./Drivers/STM32F4xx_HAL_Driver/Src/stm32f4xx_hal_rcc.o
 .debug_frame   0x0000000000000fa0       0x2c c:/st/stm32cubeide_1.8.0/stm32cubeide/plugins/com.st.stm32cube.ide.mcu.externaltools.gnu-tools-for-stm32.9-2020-q2-update.win32_2.0.0.202105311346/tools/bin/../lib/gcc/arm-none-eabi/9.3.1/../../../../arm-none-eabi/lib/thumb/v7e-m+fp/hard\libc_nano.a(lib_a-init.o)
 .debug_frame   0x0000000000000fcc       0x20 c:/st/stm32cubeide_1.8.0/stm32cubeide/plugins/com.st.stm32cube.ide.mcu.externaltools.gnu-tools-for-stm32.9-2020-q2-update.win32_2.0.0.202105311346/tools/bin/../lib/gcc/arm-none-eabi/9.3.1/../../../../arm-none-eabi/lib/thumb/v7e-m+fp/hard\libc_nano.a(lib_a-memset.o)
 .debug_frame   0x0000000000000fec       0x2c c:/st/stm32cubeide_1.8.0/stm32cubeide/plugins/com.st.stm32cube.ide.mcu.externaltools.gnu-tools-for-stm32.9-2020-q2-update.win32_2.0.0.202105311346/tools/bin/../lib/gcc/arm-none-eabi/9.3.1/thumb/v7e-m+fp/hard\libgcc.a(_aeabi_uldivmod.o)
 .debug_frame   0x0000000000001018       0x34 c:/st/stm32cubeide_1.8.0/stm32cubeide/plugins/com.st.stm32cube.ide.mcu.externaltools.gnu-tools-for-stm32.9-2020-q2-update.win32_2.0.0.202105311346/tools/bin/../lib/gcc/arm-none-eabi/9.3.1/thumb/v7e-m+fp/hard\libgcc.a(_udivmoddi4.o)
